Component: ARM Compiler 5.06 update 6 (build 750) Tool: armlink [4d35ed]

==============================================================================

Section Cross References

    grove_lcd_rgb_backlight.o(.text) refers to I2C.o(i._ZN4mbed3I2C5writeEiPKcib) for mbed::I2C::write(int, const char*, int, bool)
    grove_lcd_rgb_backlight.o(.text) refers to wait_api.o(i.wait_us) for wait_us
    grove_lcd_rgb_backlight.o(.text) refers to wait_api.o(i.wait_ms) for wait_ms
    grove_lcd_rgb_backlight.o(.text) refers to I2C.o(i._ZN4mbed3I2CC1E7PinNameS1_) for mbed::I2C::I2C(PinName, PinName)
    grove_lcd_rgb_backlight.o(.text) refers to grove_lcd_rgb_backlight.o(.data) for _displaycontrol
    grove_lcd_rgb_backlight.o(.ARM.exidx) refers to grove_lcd_rgb_backlight.o(.text) for .text
    main.o(.text) refers to _printf_percent.o(.ARM.Collect$$_printf_percent$$00000000) for _printf_percent
    main.o(.text) refers to _printf_d.o(.ARM.Collect$$_printf_percent$$00000009) for _printf_d
    main.o(.text) refers to _printf_dec.o(.text) for _printf_int_dec
    main.o(.text) refers to log.o(i.log) for log
    main.o(.text) refers to logf.o(i.logf) for logf
    main.o(.text) refers to f2d.o(x$fpl$f2d) for __aeabi_f2d
    main.o(.text) refers to ddiv.o(x$fpl$ddiv) for __aeabi_ddiv
    main.o(.text) refers to d2f.o(x$fpl$d2f) for __aeabi_d2f
    main.o(.text) refers to fflt_clz.o(x$fpl$ffltu) for __aeabi_ui2f
    main.o(.text) refers to fdiv.o(x$fpl$fdiv) for __aeabi_fdiv
    main.o(.text) refers to sinf.o(i.sinf) for sinf
    main.o(.text) refers to cosf.o(i.cosf) for cosf
    main.o(.text) refers to main.o(i._ZNSt7complexIfEC1ERKfS2_) for std::complex<float>::complex(const float&, const float&)
    main.o(.text) refers to main.o(t._ZNSt7complexIfEmLIfEERS0_RKS_IT_E) for std::complex<float>& std::complex<float>::operator *=<float>(const std::complex<T1>&)
    main.o(.text) refers to main.o(i._ZNSt7complexIfEaSEf) for std::complex<float>::operator =(float)
    main.o(.text) refers to main.o(t._ZNSt8valarrayISt7complexIfEEixEj) for std::valarray<std::complex<float>>::operator [](unsigned)
    main.o(.text) refers to main.o(i._ZNKSt7complexIfE4realEv) for std::complex<float>::real() const
    main.o(.text) refers to faddsub_clz.o(x$fpl$frsb) for __aeabi_frsub
    main.o(.text) refers to main.o(i._ZNKSt7complexIfE4imagEv) for std::complex<float>::imag() const
    main.o(.text) refers to faddsub_clz.o(x$fpl$fadd) for __aeabi_fadd
    main.o(.text) refers to ffixu.o(x$fpl$ffixu) for __aeabi_f2uiz
    main.o(.text) refers to main.o(t._ZN4__rw10__rw_arrayISt7complexIfEEC1EPKS2_j) for __rw::__rw_array<std::complex<float>>::__rw_array(const std::complex<float>*, unsigned)
    main.o(.text) refers to h1_alloc.o(.text) for malloc
    main.o(.text) refers to fmul.o(x$fpl$fmul) for __aeabi_fmul
    main.o(.text) refers to fflt_clz.o(x$fpl$fflt) for __aeabi_i2f
    main.o(.text) refers to frleqf.o(x$fpl$frleqf) for __aeabi_cfrcmple
    main.o(.text) refers to wait_api.o(i.wait) for wait
    main.o(.text) refers to ffix.o(x$fpl$ffix) for __aeabi_f2iz
    main.o(.text) refers to __2sprintf.o(.text) for __2sprintf
    main.o(.text) refers to grove_lcd_rgb_backlight.o(.text) for Grove_LCD_RGB_Backlight::clear()
    main.o(.text) refers to h1_free.o(.text) for free
    main.o(.text) refers to main.o(.data) for fs
    main.o(.text) refers to main.o(.bss) for str
    main.o(.text) refers to main.o(t._ZN4__rw10__rw_arrayISt7complexIfEE6resizeEjRKS2_) for __rw::__rw_array<std::complex<float>>::resize(unsigned, const std::complex<float>&)
    main.o(.text) refers to analogin_api.o(i.analogin_read) for analogin_read
    main.o(.text) refers to ffixull.o(x$fpl$llufromf) for __aeabi_f2ulz
    main.o(.text) refers to FunctionPointer.o(i._ZN4mbed15FunctionPointer6attachEPFvvE) for mbed::FunctionPointer::attach(void(*)())
    main.o(.text) refers to Ticker.o(i._ZN4mbed6Ticker5setupEy) for mbed::Ticker::setup(unsigned long long)
    main.o(.text) refers to ios.o(i._ZNSt8ios_base4InitC1Ev) for std::ios_base::Init::Init()
    main.o(.text) refers to aeabi_atexit.o(.text) for __aeabi_atexit
    main.o(.text) refers to analogin_api.o(i.analogin_init) for analogin_init
    main.o(.text) refers to Serial.o(i._ZN4mbed6SerialC1E7PinNameS1_PKc) for mbed::Serial::Serial(PinName, PinName, const char*)
    main.o(.text) refers to TimerEvent.o(i._ZN4mbed10TimerEventC2Ev) for mbed::TimerEvent::TimerEvent__sub_object()
    main.o(.text) refers to FunctionPointer.o(i._ZN4mbed15FunctionPointerC1EPFvvE) for mbed::FunctionPointer::FunctionPointer(void(*)())
    main.o(.text) refers to aeabi_vec_ctor_nocookie_nodtor.o(i.__aeabi_vec_ctor_nocookie_nodtor) for __aeabi_vec_ctor_nocookie_nodtor
    main.o(.text) refers to ios.o(i._ZNSt8ios_base4InitD1Ev) for std::ios_base::Init::~Init()
    main.o(.text) refers to Serial.o(i._ZN4mbed6SerialD1Ev) for mbed::Serial::~Serial()
[...]
    0x000014a0   0x000014a0   0x00000004   Code   RO         3351    .text               c_w.l(hguard.o)
    0x000014a4   0x000014a4   0x0000008a   Code   RO         3353    .text               c_w.l(init_alloc.o)
    0x0000152e   0x0000152e   0x0000000e   Code   RO         3357    .text               c_w.l(h1_init.o)
    0x0000153c   0x0000153c   0x00000016   Code   RO         3371    .text               c_w.l(_rserrno.o)
    0x00001552   0x00001552   0x00000014   Code   RO         3373    .text               c_w.l(fprintf.o)
    0x00001566   0x00001566   0x00000002   PAD
    0x00001568   0x00001568   0x00000034   Code   RO         3375    .text               c_w.l(vsnprintf.o)
    0x0000159c   0x0000159c   0x0000004e   Code   RO         3377    .text               c_w.l(_printf_pad.o)
    0x000015ea   0x000015ea   0x00000024   Code   RO         3379    .text               c_w.l(_printf_truncate.o)
    0x0000160e   0x0000160e   0x000000b2   Code   RO         3381    .text               c_w.l(_printf_intcommon.o)
    0x000016c0   0x000016c0   0x00000028   Code   RO         3383    .text               c_w.l(_printf_charcount.o)
    0x000016e8   0x000016e8   0x00000030   Code   RO         3385    .text               c_w.l(_printf_char_common.o)
    0x00001718   0x00001718   0x0000000a   Code   RO         3387    .text               c_w.l(_sputc.o)
    0x00001722   0x00001722   0x0000002c   Code   RO         3389    .text               c_w.l(_printf_char.o)
    0x0000174e   0x0000174e   0x00000002   PAD
    0x00001750   0x00001750   0x00000024   Code   RO         3391    .text               c_w.l(_printf_char_file.o)
    0x00001774   0x00001774   0x000000bc   Code   RO         3393    .text               c_w.l(_printf_wctomb.o)
    0x00001830   0x00001830   0x0000007c   Code   RO         3396    .text               c_w.l(_printf_longlong_dec.o)
    0x000018ac   0x000018ac   0x00000070   Code   RO         3402    .text               c_w.l(_printf_oct_int_ll.o)
    0x0000191c   0x0000191c   0x0000003c   Code   RO         3424    .text               c_w.l(sscanf.o)
    0x00001958   0x00001958   0x0000001c   Code   RO         3426    .text               c_w.l(_chval.o)
    0x00001974   0x00001974   0x00000156   Code   RO         3428    .text               c_w.l(_scanf_longlong.o)
    0x00001aca   0x00001aca   0x000000e0   Code   RO         3430    .text               c_w.l(_scanf_str.o)
    0x00001baa   0x00001baa   0x00000002   PAD
    0x00001bac   0x00001bac   0x0000002c   Code   RO         3432    .text               c_w.l(scanf_char.o)
    0x00001bd8   0x00001bd8   0x00000040   Code   RO         3434    .text               c_w.l(_sgetc.o)
    0x00001c18   0x00001c18   0x00000114   Code   RO         3438    .text               c_w.l(_scanf_mbtowc.o)
    0x00001d2c   0x00001d2c   0x000000e8   Code   RO         3440    .text               c_w.l(_scanf_wctomb.o)
    0x00001e14   0x00001e14   0x000000d0   Code   RO         3442    .text               c_w.l(_scanf_wstr.o)
    0x00001ee4   0x00001ee4   0x00000008   Code   RO         3446    .text               c_w.l(ferror.o)
    0x00001eec   0x00001eec   0x000001d6   Code   RO         3450    .text               c_w.l(flsbuf.o)
    0x000020c2   0x000020c2   0x00000002   PAD
    0x000020c4   0x000020c4   0x000000f8   Code   RO         3452    .text               c_w.l(fseek.o)
    0x000021bc   0x000021bc   0x00000042   Code   RO         3454    .text               c_w.l(ftell.o)
    0x000021fe   0x000021fe   0x00000046   Code   RO         3458    .text               c_w.l(setvbuf.o)
    0x00002244   0x00002244   0x000000f0   Code   RO         3460    .text               c_w.l(stdio.o)
    0x00002334   0x00002334   0x00000138   Code   RO         3465    .text               c_w.l(initio.o)
    0x0000246c   0x0000246c   0x00000016   Code   RO         3481    .text               c_w.l(abort.o)
    0x00002482   0x00002482   0x00000042   Code   RO         3483    .text               c_w.l(cxa_finalize.o)
    0x000024c4   0x000024c4   0x0000000e   Code   RO         3486    .text               c_w.l(defsig_pvfn_outer.o)
    0x000024d2   0x000024d2   0x00000048   Code   RO         3490    .text               c_w.l(strcpy.o)
    0x0000251a   0x0000251a   0x00000016   Code   RO         3492    .text               c_w.l(strrchr.o)
    0x00002530   0x00002530   0x00000006   Code   RO         3494    .text               c_w.l(wmemmove.o)
    0x00002536   0x00002536   0x00000018   Code   RO         3496    .text               c_w.l(strcat.o)
    0x0000254e   0x0000254e   0x00000064   Code   RO         3498    .text               c_w.l(rt_memcpy_w.o)
    0x000025b2   0x000025b2   0x00000004   Code   RO         3925    .text               cpprt_w.l(arm_newhandler_noexceptions.o)
    0x000025b6   0x000025b6   0x0000000e   Code   RO         3973    .text               cpprt_w.l(aeabi_vec_delete_noexceptions.o)
    0x000025c4   0x000025c4   0x0000000c   Code   RO         4070    .text               c_w.l(sys_exit.o)
    0x000025d0   0x000025d0   0x00000010   Code   RO         4090    .text               c_w.l(rt_ctype_table.o)
    0x000025e0   0x000025e0   0x00000008   Code   RO         4096    .text               c_w.l(rt_errno_addr.o)
    0x000025e8   0x000025e8   0x00000034   Code   RO         4105    .text               c_w.l(h1_extend.o)
    0x0000261c   0x0000261c   0x0000008a   Code   RO         4109    .text               c_w.l(lludiv10.o)
    0x000026a6   0x000026a6   0x00000012   Code   RO         4111    .text               c_w.l(isspace.o)
    0x000026b8   0x000026b8   0x0000041e   Code   RO         4113    .text               c_w.l(_printf_fp_dec.o)
    0x00002ad6   0x00002ad6   0x00000002   PAD
    0x00002ad8   0x00002ad8   0x000002fc   Code   RO         4115    .text               c_w.l(_printf_fp_hex.o)
    0x00002dd4   0x00002dd4   0x00000010   Code   RO         4118    .text               c_w.l(_snputc.o)
    0x00002de4   0x00002de4   0x0000002c   Code   RO         4124    .text               c_w.l(_printf_wchar.o)
    0x00002e10   0x00002e10   0x00000374   Code   RO         4126    .text               c_w.l(_scanf.o)
    0x00003184   0x00003184   0x000004f8   Code   RO         4128    .text               c_w.l(scanf_fp.o)
    0x0000367c   0x0000367c   0x0000001e   Code   RO         4132    .text               c_w.l(_scanf_wcharmap.o)
    0x0000369a   0x0000369a   0x000000bc   Code   RO         4140    .text               c_w.l(fwritefast.o)
    0x00003756   0x00003756   0x00000002   PAD
    0x00003758   0x00003758   0x00000010   Code   RO         4158    .text               c_w.l(locale.o)
    0x00003768   0x00003768   0x0000003c   Code   RO         4168    .text               c_w.l(_mbrtowc.o)
    0x000037a4   0x000037a4   0x00000040   Code   RO         4170    .text               c_w.l(_wcrtomb.o)
    0x000037e4   0x000037e4   0x0000000a   Code   RO         4174    .text               c_w.l(defsig_exit.o)
    0x000037ee   0x000037ee   0x0000000e   Code   RO         4176    .text               c_w.l(defsig_abrt_outer.o)
    0x000037fc   0x000037fc   0x0000000e   Code   RO         4180    .text               c_w.l(defsig_rtred_outer.o)
    0x0000380a   0x0000380a   0x0000000e   Code   RO         4184    .text               c_w.l(defsig_rtmem_outer.o)
    0x00003818   0x00003818   0x00000030   Code   RO         4188    .text               c_w.l(defsig_pvfn_inner.o)
    0x00003848   0x00003848   0x00000008   Code   RO         4196    .text               c_w.l(memcpy.o)
    0x00003850   0x00003850   0x00000008   Code   RO         4198    .text               c_w.l(memmove.o)
    0x00003858   0x00003858   0x00000050   Code   RO         4200    .text               c_w.l(heapauxa.o)
    0x000038a8   0x000038a8   0x0000001a   Code   RO         4330    .text               cpprt_w.l(arm_exceptions_terminate.o)
    0x000038c2   0x000038c2   0x00000002   PAD
    0x000038c4   0x000038c4   0x00000050   Code   RO         4340    .text               cpprt_w.l(arm_exceptions_globs.o)
    0x00003914   0x00003914   0x00000002   Code   RO         4356    .text               c_w.l(use_no_semi.o)
    0x00003916   0x00003916   0x00000000   Code   RO         4358    .text               c_w.l(indicate_semi.o)
    0x00003916   0x00003916   0x00000002   PAD
    0x00003918   0x00003918   0x00000008   Code   RO         4359    .text               c_w.l(rt_locale.o)
    0x00003920   0x00003920   0x00000008   Code   RO         4364    .text               c_w.l(rt_eh_globals_addr.o)
    0x00003928   0x00003928   0x00000080   Code   RO         4373    .text               c_w.l(_printf_fp_infnan.o)
    0x000039a8   0x000039a8   0x000000e4   Code   RO         4377    .text               c_w.l(bigflt0.o)
    0x00003a8c   0x00003a8c   0x000001b8   Code   RO         4406    .text               c_w.l(locale_r.o)
    0x00003c44   0x00003c44   0x00000032   Code   RO         4419    .text               c_w.l(defsig_general.o)
    0x00003c76   0x00003c76   0x00000002   PAD
    0x00003c78   0x00003c78   0x00000030   Code   RO         4421    .text               c_w.l(defsig_abrt_inner.o)
    0x00003ca8   0x00003ca8   0x00000034   Code   RO         4427    .text               c_w.l(defsig_rtred_inner.o)
    0x00003cdc   0x00003cdc   0x00000050   Code   RO         4429    .text               c_w.l(defsig_rtmem_inner.o)
    0x00003d2c   0x00003d2c   0x00000022   Code   RO         4444    .text               cpprt_w.l(aeabi_vec_dtor_noexceptions.o)
    0x00003d4e   0x00003d4e   0x0000003c   Code   RO         4450    .text               cpprt_w.l(arm_exceptions_mem.o)
    0x00003d8a   0x00003d8a   0x0000000e   Code   RO         4484    .text               c_w.l(sys_wrch.o)
    0x00003d98   0x00003d98   0x00000320   Code   RO         4490    .text               c_w.l(scanf_hexfp.o)
    0x000040b8   0x000040b8   0x00000134   Code   RO         4492    .text               c_w.l(scanf_infnan.o)
    0x000041ec   0x000041ec   0x00000026   Code   RO         4520    .text               c_w.l(llshl.o)
    0x00004212   0x00004212   0x0000001c   Code   RO         4532    .text               cpprt_w.l(ARM_vec_cleanup_noexceptions.o)
    0x0000422e   0x0000422e   0x0000003e   Code   RO         4380    CL$$btod_d2e        c_w.l(btod.o)
    0x0000426c   0x0000426c   0x00000046   Code   RO         4382    CL$$btod_d2e_denorm_low  c_w.l(btod.o)
    0x000042b2   0x000042b2   0x00000060   Code   RO         4381    CL$$btod_d2e_norm_op1  c_w.l(btod.o)
    0x00004312   0x00004312   0x00000338   Code   RO         4390    CL$$btod_div_common  c_w.l(btod.o)
    0x0000464a   0x0000464a   0x00000002   PAD
    0x0000464c   0x0000464c   0x00000084   Code   RO         4388    CL$$btod_e2d        c_w.l(btod.o)
    0x000046d0   0x000046d0   0x000000dc   Code   RO         4387    CL$$btod_e2e        c_w.l(btod.o)
    0x000047ac   0x000047ac   0x0000002a   Code   RO         4384    CL$$btod_ediv       c_w.l(btod.o)
    0x000047d6   0x000047d6   0x0000002a   Code   RO         4386    CL$$btod_edivd      c_w.l(btod.o)
    0x00004800   0x00004800   0x0000002a   Code   RO         4383    CL$$btod_emul       c_w.l(btod.o)
    0x0000482a   0x0000482a   0x0000002a   Code   RO         4385    CL$$btod_emuld      c_w.l(btod.o)
    0x00004854   0x00004854   0x00000244   Code   RO         4389    CL$$btod_mult_common  c_w.l(btod.o)
    0x00004a98   0x00004a98   0x00000012   Code   RO         1102    i.$Sub$$main        retarget.o
    0x00004aaa   0x00004aaa   0x00000006   Code   RO         1702    i.<Func1>           mbed.ar(SerialBase.o)
    0x00004ab0   0x00004ab0   0x00000014   Code   RO         3705    i.<Func5>           cpp_ws.l(locale.o)
    0x00004ac4   0x00004ac4   0x0000006c   Code   RO         1076    i.NVIC_SetVector    cmsis_nvic.o
    0x00004b30   0x00004b30   0x000000a0   Code   RO         1084    i.SystemInit        system_LPC17xx.o
    0x00004bd0   0x00004bd0   0x00000020   Code   RO         4223    i._Z7catgetsPN4__rw8__rw_catEiiPKc  cpp_ws.l(rwcats.o)
    0x00004bf0   0x00004bf0   0x00000022   Code   RO         4224    i._Z7catopenPKci    cpp_ws.l(rwcats.o)
    0x00004c12   0x00004c12   0x00000058   Code   RO         3044    i._ZN37_INTERNAL_15_rwstdexcept_cpp_8697b68a4__rw13__rw_vfmatstrEPcjPKcSt9__va_list  cpp_ws.l(rwstdexcept.o)
    0x00004c6a   0x00004c6a   0x00000002   PAD
    0x00004c6c   0x00004c6c   0x0000014c   Code   RO         3045    i._ZN37_INTERNAL_15_rwstdexcept_cpp_8697b68a4__rw13__rw_vfmatstrEPcjiSt9__va_list  cpp_ws.l(rwstdexcept.o)
    0x00004db8   0x00004db8   0x0000005c   Code   RO         3047    i._ZN4__rw10__rw_throwEiz  cpp_ws.l(rwstdexcept.o)
    0x00004e14   0x00004e14   0x0000002c   Code   RO         2436    i._ZN4__rw11__rw_file_t11_C_get_modeEPSt6__FILE  cpp_ws.l(ios.o)
    0x00004e40   0x00004e40   0x0000001c   Code   RO         2661    i._ZN4__rw11__rw_file_t7_C_seekEli  cpp_ws.l(ios.o)
    0x00004e5c   0x00004e5c   0x00000020   Code   RO         2567    i._ZN4__rw11__rw_file_t8_C_writeEPKvjj  cpp_ws.l(ios.o)
    0x00004e7c   0x00004e7c   0x00000020   Code   RO         2992    i._ZN4__rw13__rw_allocateEji  cpp_ws.l(rwalloc.o)
    0x00004e9c   0x00004e9c   0x00000004   Code   RO         2993    i._ZN4__rw15__rw_deallocateEPvji  cpp_ws.l(rwalloc.o)
    0x00004ea0   0x00004ea0   0x00000002   Code   RO         2965    i._ZN4__rw15__rw_facet_base12_C_initfacetERKSt6locale  cpp_ws.l(ios.o)
    0x00004ea2   0x00004ea2   0x00000002   PAD
    0x00004ea4   0x00004ea4   0x000000ec   Code   RO         3808    i._ZN4__rw15__rw_locale_impC1EPKcjj  cpp_ws.l(locale.o)
    0x00004f90   0x00004f90   0x0000001a   Code   RO         2386    i._ZN4__rw15__rw_locale_impD1Ev  cpp_ws.l(ios.o)
    0x00004faa   0x00004faa   0x0000003a   Code   RO         3706    i._ZN4__rw21__rw_use_c_lib_localeC1EPKci  cpp_ws.l(locale.o)
    0x00004fe4   0x00004fe4   0x00000018   Code   RO         3673    i._ZN4__rw21__rw_use_c_lib_localeD1Ev  cpp_ws.l(char.o)
    0x00004ffc   0x00004ffc   0x00000098   Code   RO         4247    i._ZN4__rw25__rw_throw_exception_noexEiPc  cpp_ws.l(rwthrowproc_impl_noex.o)
    0x00005094   0x00005094   0x00000030   Code   RO         4227    i._ZN4__rw9__catfindEPNS_8__rw_catE  cpp_ws.l(rwcats.o)
    0x000050c4   0x000050c4   0x0000003a   Code   RO         1200    i._ZN4mbed10FileHandle4flenEv  retarget.o
    0x000050fe   0x000050fe   0x00000002   PAD
    0x00005100   0x00005100   0x00000030   Code   RO         1104    i._ZN4mbed10FileHandleD2Ev  retarget.o
    0x00005130   0x00005130   0x0000000e   Code   RO         1704    i._ZN4mbed10SerialBase10_base_putcEi  mbed.ar(SerialBase.o)
    0x0000513e   0x0000513e   0x0000000e   Code   RO         1706    i._ZN4mbed10SerialBase12_irq_handlerEj9SerialIrq  mbed.ar(SerialBase.o)
    0x0000514c   0x0000514c   0x0000004c   Code   RO         1713    i._ZN4mbed10SerialBaseC1E7PinNameS1_  mbed.ar(SerialBase.o)
    0x00005198   0x00005198   0x00000006   Code   RO         1525    i._ZN4mbed10TimerEvent3irqEj  mbed.ar(TimerEvent.o)
    0x0000519e   0x0000519e   0x0000000c   Code   RO         1526    i._ZN4mbed10TimerEvent6insertEy  mbed.ar(TimerEvent.o)
    0x000051aa   0x000051aa   0x00000006   Code   RO         1527    i._ZN4mbed10TimerEvent6removeEv  mbed.ar(TimerEvent.o)
    0x000051b0   0x000051b0   0x00000024   Code   RO         1528    i._ZN4mbed10TimerEventC2Ev  mbed.ar(TimerEvent.o)
    0x000051d4   0x000051d4   0x00000018   Code   RO         1530    i._ZN4mbed10TimerEventD2Ev  mbed.ar(TimerEvent.o)
    0x000051ec   0x000051ec   0x00000018   Code   RO         1270    i._ZN4mbed15FunctionPointer4callEv  mbed.ar(FunctionPointer.o)
    0x00005204   0x00005204   0x00000008   Code   RO         1271    i._ZN4mbed15FunctionPointer6attachEPFvvE  mbed.ar(FunctionPointer.o)
    0x0000520c   0x0000520c   0x0000000a   Code   RO         1272    i._ZN4mbed15FunctionPointerC1EPFvvE  mbed.ar(FunctionPointer.o)
    0x00005216   0x00005216   0x00000002   PAD
    0x00005218   0x00005218   0x00000048   Code   RO         1371    i._ZN4mbed3I2C5writeEiPKcib  mbed.ar(I2C.o)
    0x00005260   0x00005260   0x00000024   Code   RO         1374    i._ZN4mbed3I2CC1E7PinNameS1_  mbed.ar(I2C.o)
    0x00005284   0x00005284   0x00000024   Code   RO         1420    i._ZN4mbed6SerialC1E7PinNameS1_PKc  mbed.ar(Serial.o)
    0x000052a8   0x000052a8   0x0000000c   Code   RO         1437    i._ZN4mbed6SerialD1Ev  mbed.ar(Serial.o)
    0x000052b4   0x000052b4   0x00000004   Code   RO         1461    i._ZN4mbed6Stream4flenEv  mbed.ar(Stream.o)
    0x000052b8   0x000052b8   0x00000004   Code   RO         1467    i._ZN4mbed6Stream5closeEv  mbed.ar(Stream.o)
    0x000052bc   0x000052bc   0x00000004   Code   RO         1469    i._ZN4mbed6Stream5lseekEli  mbed.ar(Stream.o)
    0x000052c0   0x000052c0   0x0000002a   Code   RO         1471    i._ZN4mbed6Stream5writeEPKvj  mbed.ar(Stream.o)
    0x000052ea   0x000052ea   0x00000004   Code   RO         1472    i._ZN4mbed6Stream6isattyEv  mbed.ar(Stream.o)
    0x000052ee   0x000052ee   0x00000002   PAD
    0x000052f0   0x000052f0   0x00000044   Code   RO         1474    i._ZN4mbed6StreamC2EPKc  mbed.ar(Stream.o)
    0x00005334   0x00005334   0x00000020   Code   RO         1476    i._ZN4mbed6StreamD2Ev  mbed.ar(Stream.o)
    0x00005354   0x00005354   0x00000028   Code   RO         1396    i._ZN4mbed6Ticker5setupEy  mbed.ar(Ticker.o)
    0x0000537c   0x0000537c   0x00000022   Code   RO         1398    i._ZN4mbed6Ticker7handlerEv  mbed.ar(Ticker.o)
    0x0000539e   0x0000539e   0x00000002   PAD
    0x000053a0   0x000053a0   0x00000028   Code   RO         1408    i._ZN4mbed6TickerD1Ev  mbed.ar(Ticker.o)
    0x000053c8   0x000053c8   0x00000004   Code   RO         1672    i._ZN4mbed8FileBase11getPathTypeEv  mbed.ar(FileBase.o)
    0x000053cc   0x000053cc   0x00000038   Code   RO         1674    i._ZN4mbed8FileBase6lookupEPKcj  mbed.ar(FileBase.o)
    0x00005404   0x00005404   0x00000024   Code   RO         1676    i._ZN4mbed8FileBaseC1EPKcNS_8PathTypeE  mbed.ar(FileBase.o)
    0x00005428   0x00005428   0x00000038   Code   RO         1678    i._ZN4mbed8FileBaseD1Ev  mbed.ar(FileBase.o)
    0x00005460   0x00005460   0x00000024   Code   RO         1649    i._ZN4mbed8FileLikeC2EPKc  mbed.ar(FileLike.o)
    0x00005484   0x00005484   0x00000012   Code   RO         1651    i._ZN4mbed8FileLikeD2Ev  mbed.ar(FileLike.o)
    0x00005496   0x00005496   0x00000018   Code   RO         1281    i._ZN4mbed8FilePath10fileSystemEv  mbed.ar(FilePath.o)
    0x000054ae   0x000054ae   0x0000001c   Code   RO         1283    i._ZN4mbed8FilePath4fileEv  mbed.ar(FilePath.o)
    0x000054ca   0x000054ca   0x0000000a   Code   RO         1284    i._ZN4mbed8FilePath6existsEv  mbed.ar(FilePath.o)
    0x000054d4   0x000054d4   0x00000018   Code   RO         1285    i._ZN4mbed8FilePath6isFileEv  mbed.ar(FilePath.o)
    0x000054ec   0x000054ec   0x00000004   Code   RO         1286    i._ZN4mbed8FilePath8fileNameEv  mbed.ar(FilePath.o)
    0x000054f0   0x000054f0   0x00000040   Code   RO         1287    i._ZN4mbed8FilePathC1EPKc  mbed.ar(FilePath.o)
    0x00005530   0x00005530   0x0000000a   Code   RO         2649    i._ZNK4__rw11__rw_file_t10_C_is_openEv  cpp_ws.l(ios.o)
    0x0000553a   0x0000553a   0x00000004   Code   RO         3132    i._ZNKSt14__rw_exception4whatEv  cpp_ws.l(rwstdexcept.o)
    0x0000553e   0x0000553e   0x00000072   Code   RO         3860    i._ZNKSt18__rw_messages_base11_C_cat_openERKSsRKSt6locale  cpp_ws.l(messages.o)
    0x000055b0   0x000055b0   0x00000020   Code   RO         3863    i._ZNKSt18__rw_messages_base13_C_get_localeEi  cpp_ws.l(messages.o)
    0x000055d0   0x000055d0   0x00000034   Code   RO         3864    i._ZNKSt18__rw_messages_base14_C_get_messageEiii  cpp_ws.l(messages.o)
    0x00005604   0x00005604   0x0000000e   Code   RO         3643    i._ZNKSt5ctypeIcE2isENSt10ctype_base4maskEc  cpp_ws.l(char.o)
    0x00005612   0x00005612   0x00000004   Code   RO         3661    i._ZNKSt5ctypeIcE8do_widenEc  cpp_ws.l(char.o)
    0x00005616   0x00005616   0x00000004   Code   RO         2774    i._ZNKSt5ctypeIwE8do_widenEc  cpp_ws.l(ios.o)
    0x0000561a   0x0000561a   0x00000028   Code   RO         2153    i._ZNKSt6locale12_C_use_facetERKNS_2idEbiPFPN4__rw15__rw_facet_baseEiPKcjE  cpp_ws.l(ios.o)
    0x00005642   0x00005642   0x00000002   PAD
    0x00005644   0x00005644   0x00000108   Code   RO         3711    i._ZNKSt6locale13_C_make_facetERKNS_2idEbiPFPN4__rw15__rw_facet_baseEiPKcjE  cpp_ws.l(locale.o)
    0x0000574c   0x0000574c   0x00000074   Code   RO         3713    i._ZNKSt6locale16_C_install_facetEPN4__rw15__rw_facet_baseERKNS_2idE  cpp_ws.l(locale.o)
    0x000057c0   0x000057c0   0x00000030   Code   RO         3714    i._ZNKSt6locale4nameEv  cpp_ws.l(locale.o)
    0x000057f0   0x000057f0   0x00000004   Code   RO         2828    i._ZNKSt7codecvtIccSt11__mbstate_tE11do_encodingEv  cpp_ws.l(ios.o)
    0x000057f4   0x000057f4   0x0000000a   Code   RO         2501    i._ZNKSt7codecvtIccSt11__mbstate_tE13always_noconvEv  cpp_ws.l(ios.o)
    0x000057fe   0x000057fe   0x00000004   Code   RO         2831    i._ZNKSt7codecvtIccSt11__mbstate_tE16do_always_noconvEv  cpp_ws.l(ios.o)
    0x00005802   0x00005802   0x0000001c   Code   RO         2492    i._ZNKSt7codecvtIccSt11__mbstate_tE3outERS0_PKcS4_RS4_PcS6_RS6_  cpp_ws.l(ios.o)
    0x0000581e   0x0000581e   0x0000000e   Code   RO         2819    i._ZNKSt7codecvtIccSt11__mbstate_tE6do_outERS0_PKcS4_RS4_PcS6_RS6_  cpp_ws.l(ios.o)
    0x0000582c   0x0000582c   0x0000000a   Code   RO         2496    i._ZNKSt7codecvtIccSt11__mbstate_tE8encodingEv  cpp_ws.l(ios.o)
    0x00005836   0x00005836   0x00000004   Code   RO         2858    i._ZNKSt7codecvtIwcSt11__mbstate_tE11do_encodingEv  cpp_ws.l(ios.o)
    0x0000583a   0x0000583a   0x0000000a   Code   RO         2523    i._ZNKSt7codecvtIwcSt11__mbstate_tE13always_noconvEv  cpp_ws.l(ios.o)
    0x00005844   0x00005844   0x00000004   Code   RO         2855    i._ZNKSt7codecvtIwcSt11__mbstate_tE16do_always_noconvEv  cpp_ws.l(ios.o)
    0x00005848   0x00005848   0x0000001c   Code   RO         2514    i._ZNKSt7codecvtIwcSt11__mbstate_tE3outERS0_PKwS4_RS4_PcS6_RS6_  cpp_ws.l(ios.o)
    0x00005864   0x00005864   0x00000030   Code   RO         2846    i._ZNKSt7codecvtIwcSt11__mbstate_tE6do_outERS0_PKwS4_RS4_PcS6_RS6_  cpp_ws.l(ios.o)
    0x00005894   0x00005894   0x0000000a   Code   RO         2518    i._ZNKSt7codecvtIwcSt11__mbstate_tE8encodingEv  cpp_ws.l(ios.o)
    0x0000589e   0x0000589e   0x00000006   Code   RO          359    i._ZNKSt7complexIfE4imagEv  main.o
    0x000058a4   0x000058a4   0x00000006   Code   RO          365    i._ZNKSt7complexIfE4realEv  main.o
    0x000058aa   0x000058aa   0x00000010   Code   RO         2627    i._ZNSt11char_traitsIcE11eq_int_typeERKiS2_  cpp_ws.l(ios.o)
    0x000058ba   0x000058ba   0x0000000c   Code   RO         2354    i._ZNSt11char_traitsIcE4copyEPcPKcj  cpp_ws.l(ios.o)
    0x000058c6   0x000058c6   0x0000000c   Code   RO         2351    i._ZNSt11char_traitsIcE4moveEPcPKcj  cpp_ws.l(ios.o)
    0x000058d2   0x000058d2   0x0000001c   Code   RO         2357    i._ZNSt11char_traitsIcE7not_eofERKi  cpp_ws.l(ios.o)
    0x000058ee   0x000058ee   0x00000010   Code   RO         2630    i._ZNSt11char_traitsIwE11eq_int_typeERKiS2_  cpp_ws.l(ios.o)
    0x000058fe   0x000058fe   0x0000000c   Code   RO         2363    i._ZNSt11char_traitsIwE4moveEPwPKwj  cpp_ws.l(ios.o)
    0x0000590a   0x0000590a   0x0000001c   Code   RO         2366    i._ZNSt11char_traitsIwE7not_eofERKi  cpp_ws.l(ios.o)
    0x00005926   0x00005926   0x00000002   PAD
    0x00005928   0x00005928   0x000000cc   Code   RO         3557    i._ZNSt12ctype_bynameIcE17_C_get_mask_tableEPKc  cpp_ws.l(char.o)
    0x000059f4   0x000059f4   0x00000120   Code   RO         3559    i._ZNSt12ctype_bynameIcEC1EPKcj  cpp_ws.l(char.o)
    0x00005b14   0x00005b14   0x0000000e   Code   RO         3702    i._ZNSt12ctype_bynameIcED0Ev  cpp_ws.l(char.o)
    0x00005b22   0x00005b22   0x00000008   Code   RO         3699    i._ZNSt12ctype_bynameIcED1Ev  cpp_ws.l(char.o)
    0x00005b2a   0x00005b2a   0x00000002   PAD
    0x00005b2c   0x00005b2c   0x00000084   Code   RO         3050    i._ZNSt14__rw_exception10_C_vformatEiSt9__va_list  cpp_ws.l(rwstdexcept.o)
    0x00005bb0   0x00005bb0   0x00000014   Code   RO         3103    i._ZNSt14__rw_exceptionC1Ev  cpp_ws.l(rwstdexcept.o)
    0x00005bc4   0x00005bc4   0x0000001c   Code   RO         3126    i._ZNSt14__rw_exceptionD1Ev  cpp_ws.l(rwstdexcept.o)
    0x00005be0   0x00005be0   0x00000008   Code   RO         3100    i._ZNSt18__rw_messages_baseD1Ev  cpp_ws.l(rwstdexcept.o)
    0x00005be8   0x00005be8   0x0000001a   Code   RO         3900    i._ZNSt18__rw_open_cat_dataC1Ev  cpp_ws.l(messages.o)
    0x00005c02   0x00005c02   0x0000000c   Code   RO         3897    i._ZNSt18__rw_open_cat_dataD1Ev  cpp_ws.l(messages.o)
    0x00005c0e   0x00005c0e   0x00000012   Code   RO         3903    i._ZNSt18__rw_open_cat_dataaSERKS_  cpp_ws.l(messages.o)
    0x00005c20   0x00005c20   0x000000fa   Code   RO         3561    i._ZNSt5ctypeIcE12_C_initfacetERKSt6locale  cpp_ws.l(char.o)
    0x00005d1a   0x00005d1a   0x00000002   PAD
    0x00005d1c   0x00005d1c   0x00000118   Code   RO         3563    i._ZNSt5ctypeIcEC1EPKNSt10ctype_base4maskEbj  cpp_ws.l(char.o)
    0x00005e34   0x00005e34   0x0000000e   Code   RO         3646    i._ZNSt5ctypeIcED0Ev  cpp_ws.l(char.o)
    0x00005e42   0x00005e42   0x00000002   PAD
    0x00005e44   0x00005e44   0x0000002c   Code   RO         3608    i._ZNSt5ctypeIcED1Ev  cpp_ws.l(char.o)
    0x00005e70   0x00005e70   0x00000018   Code   RO         2410    i._ZNSt5ctypeIwEC1Ej  cpp_ws.l(ios.o)
    0x00005e88   0x00005e88   0x0000000e   Code   RO         2786    i._ZNSt5ctypeIwED0Ev  cpp_ws.l(ios.o)
    0x00005e96   0x00005e96   0x00000008   Code   RO         2783    i._ZNSt5ctypeIwED1Ev  cpp_ws.l(ios.o)
    0x00005e9e   0x00005e9e   0x00000002   PAD
    0x00005ea0   0x00005ea0   0x00000014   Code   RO         2640    i._ZNSt6locale5facetC1Eji  cpp_ws.l(ios.o)
    0x00005eb4   0x00005eb4   0x0000000e   Code   RO         2741    i._ZNSt6locale5facetD0Ev  cpp_ws.l(ios.o)
    0x00005ec2   0x00005ec2   0x00000002   PAD
    0x00005ec4   0x00005ec4   0x00000084   Code   RO         3717    i._ZNSt6locale7_C_initEv  cpp_ws.l(locale.o)
    0x00005f48   0x00005f48   0x00000044   Code   RO         3719    i._ZNSt6locale7classicEv  cpp_ws.l(locale.o)
    0x00005f8c   0x00005f8c   0x00000020   Code   RO         3836    i._ZNSt6localeC1EPN4__rw15__rw_locale_impE  cpp_ws.l(locale.o)
    0x00005fac   0x00005fac   0x0000000c   Code   RO         2383    i._ZNSt6localeC1ERKS_  cpp_ws.l(ios.o)
    0x00005fb8   0x00005fb8   0x00000020   Code   RO         2379    i._ZNSt6localeC1Ev  cpp_ws.l(ios.o)
    0x00005fd8   0x00005fd8   0x00000020   Code   RO         2150    i._ZNSt6localeD1Ev  cpp_ws.l(ios.o)
    0x00005ff8   0x00005ff8   0x00000032   Code   RO         3727    i._ZNSt6localeaSERKS_  cpp_ws.l(locale.o)
    0x0000602a   0x0000602a   0x00000002   PAD
    0x0000602c   0x0000602c   0x00000014   Code   RO         2489    i._ZNSt7codecvtIccSt11__mbstate_tEC1Ej  cpp_ws.l(ios.o)
    0x00006040   0x00006040   0x0000000e   Code   RO         2843    i._ZNSt7codecvtIccSt11__mbstate_tED0Ev  cpp_ws.l(ios.o)
    0x0000604e   0x0000604e   0x00000008   Code   RO         2840    i._ZNSt7codecvtIccSt11__mbstate_tED1Ev  cpp_ws.l(ios.o)
    0x00006056   0x00006056   0x00000002   PAD
    0x00006058   0x00006058   0x00000014   Code   RO         2511    i._ZNSt7codecvtIwcSt11__mbstate_tEC1Ej  cpp_ws.l(ios.o)
    0x0000606c   0x0000606c   0x0000000e   Code   RO         2870    i._ZNSt7codecvtIwcSt11__mbstate_tED0Ev  cpp_ws.l(ios.o)
    0x0000607a   0x0000607a   0x00000008   Code   RO         2867    i._ZNSt7codecvtIwcSt11__mbstate_tED1Ev  cpp_ws.l(ios.o)
    0x00006082   0x00006082   0x0000000a   Code   RO          377    i._ZNSt7complexIfEC1ERKfS2_  main.o
    0x0000608c   0x0000608c   0x00000008   Code   RO          371    i._ZNSt7complexIfEaSEf  main.o
    0x00006094   0x00006094   0x00000318   Code   RO         2050    i._ZNSt8ios_base4InitC1Ev  cpp_ws.l(ios.o)
    0x000063ac   0x000063ac   0x000000a8   Code   RO         2052    i._ZNSt8ios_base4InitD1Ev  cpp_ws.l(ios.o)
    0x00006454   0x00006454   0x00000024   Code   RO         2168    i._ZNSt8ios_baseC1Ev  cpp_ws.l(ios.o)
    0x00006478   0x00006478   0x0000000e   Code   RO         3112    i._ZNSt8messagesIcED0Ev  cpp_ws.l(rwstdexcept.o)
    0x00006486   0x00006486   0x00000010   Code   RO         3097    i._ZNSt8messagesIcED1Ev  cpp_ws.l(rwstdexcept.o)
    0x00006496   0x00006496   0x00000002   PAD
    0x00006498   0x00006498   0x0000000c   Code   RO         3950    i._ZNSt9exceptionC1Ev  cpprt_w.l(exception_ctor.o)
    0x000064a4   0x000064a4   0x0000003c   Code   RO         3881    i._ZSt13__rw_get_catsv  cpp_ws.l(messages.o)
    0x000064e0   0x000064e0   0x00000006   Code   RO         1422    i._ZThn72_N4mbed6Serial5_putcEi  mbed.ar(Serial.o)
    0x000064e6   0x000064e6   0x00000008   Code   RO         3909    i._ZdaPv            cpprt_w.l(array_del.o)
    0x000064ee   0x000064ee   0x00000008   Code   RO         3135    i._ZdlPv            cpprt_w.l(delete.o)
    0x000064f6   0x000064f6   0x00000008   Code   RO         3912    i._Znaj             cpprt_w.l(array_new.o)
    0x000064fe   0x000064fe   0x00000002   PAD
    0x00006500   0x00006500   0x00000028   Code   RO         3138    i._Znwj             cpprt_w.l(new.o)
    0x00006528   0x00006528   0x00000092   Code   RO         4506    i.__ARM_array_new_general  cpprt_w.l(array_new_general.o)
    0x000065ba   0x000065ba   0x00000028   Code   RO         4476    i.__ARM_fpclassify  m_ws.l(fpclassify.o)
    0x000065e2   0x000065e2   0x00000026   Code   RO         4048    i.__ARM_fpclassifyf  m_ws.l(fpclassifyf.o)
    0x00006608   0x00006608   0x00000024   Code   RO         3248    i.__aeabi_vec_ctor_nocookie_nodtor  cpprt_w.l(aeabi_vec_ctor_nocookie_nodtor.o)
    0x0000662c   0x0000662c   0x00000010   Code   RO         4324    i.__aeabi_vec_dtor_cookie  cpprt_w.l(aeabi_vec_dtor_cookie.o)
    0x0000663c   0x0000663c   0x00000014   Code   RO         4321    i.__aeabi_vec_new_cookie  cpprt_w.l(aeabi_vec_new_cookie.o)
    0x00006650   0x00006650   0x00000010   Code   RO         3941    i.__cxa_guard_acquire  cpprt_w.l(cxa_guard_acquire.o)
    0x00006660   0x00006660   0x00000006   Code   RO         3142    i.__cxa_pure_virtual  cpprt_w.l(pure_virt.o)
    0x00006666   0x00006666   0x00000002   PAD
    0x00006668   0x00006668   0x00000018   Code   RO         4441    i.__cxa_vec_new     cpprt_w.l(cxa_vec_new.o)
    0x00006680   0x00006680   0x000000aa   Code   RO         4064    i.__kernel_poly     m_ws.l(poly.o)
    0x0000672a   0x0000672a   0x00000002   PAD
    0x0000672c   0x0000672c   0x00000010   Code   RO         4034    i.__mathlib_dbl_divzero  m_ws.l(dunder.o)
    0x0000673c   0x0000673c   0x00000006   Code   RO         4035    i.__mathlib_dbl_infnan  m_ws.l(dunder.o)
    0x00006742   0x00006742   0x0000000c   Code   RO         4037    i.__mathlib_dbl_invalid  m_ws.l(dunder.o)
    0x0000674e   0x0000674e   0x0000000e   Code   RO         4038    i.__mathlib_dbl_overflow  m_ws.l(dunder.o)
    0x0000675c   0x0000675c   0x00000010   Code   RO         4040    i.__mathlib_dbl_underflow  m_ws.l(dunder.o)
    0x0000676c   0x0000676c   0x0000000a   Code   RO         4050    i.__mathlib_flt_divzero  m_ws.l(funder.o)
    0x00006776   0x00006776   0x00000006   Code   RO         4051    i.__mathlib_flt_infnan  m_ws.l(funder.o)
    0x0000677c   0x0000677c   0x00000008   Code   RO         4053    i.__mathlib_flt_invalid  m_ws.l(funder.o)
    0x00006784   0x00006784   0x0000000a   Code   RO         4056    i.__mathlib_flt_underflow  m_ws.l(funder.o)
    0x0000678e   0x0000678e   0x00000010   Code   RO         4478    i.__mathlib_narrow  m_ws.l(narrow.o)
    0x0000679e   0x0000679e   0x00000002   PAD
    0x000067a0   0x000067a0   0x00000168   Code   RO         4067    i.__mathlib_rredf2  m_ws.l(rredf.o)
    0x00006908   0x00006908   0x000000bc   Code   RO         4479    i.__mathlib_tofloat  m_ws.l(narrow.o)
    0x000069c4   0x000069c4   0x00000010   Code   RO         3728    i.__sti___10_locale_cpp_ff99fc7b  cpp_ws.l(locale.o)
    0x000069d4   0x000069d4   0x00000038   Code   RO         4228    i.__sti___10_rwcats_cpp_64e8068e  cpp_ws.l(rwcats.o)
    0x00006a0c   0x00006a0c   0x00000010   Code   RO         3565    i.__sti___8_char_cpp_a3dc957a  cpp_ws.l(char.o)
    0x00006a1c   0x00006a1c   0x00000016   Code   RO         4536    i.__support_ldexp   m_ws.l(ldexp.o)
    0x00006a32   0x00006a32   0x00000002   PAD
    0x00006a34   0x00006a34   0x00000010   Code   RO         1090    i.__user_setup_stackheap  sys.o
    0x00006a44   0x00006a44   0x0000000e   Code   RO         1958    i._is_digit         c_w.l(__printf_wp.o)
    0x00006a52   0x00006a52   0x00000002   PAD
    0x00006a54   0x00006a54   0x0000002c   Code   RO         1105    i._sys_close        retarget.o
    0x00006a80   0x00006a80   0x00000028   Code   RO         1108    i._sys_flen         retarget.o
    0x00006aa8   0x00006aa8   0x00000028   Code   RO         1109    i._sys_istty        retarget.o
    0x00006ad0   0x00006ad0   0x0000014c   Code   RO         1110    i._sys_open         retarget.o
    0x00006c1c   0x00006c1c   0x00000028   Code   RO         1112    i._sys_seek         retarget.o
    0x00006c44   0x00006c44   0x00000064   Code   RO         1113    i._sys_write        retarget.o
    0x00006ca8   0x00006ca8   0x00000098   Code   RO         1212    i.analogin_init     mbed.ar(analogin_api.o)
    0x00006d40   0x00006d40   0x000000d0   Code   RO         1213    i.analogin_read     mbed.ar(analogin_api.o)
    0x00006e10   0x00006e10   0x0000017c   Code   RO         3292    i.cosf              m_ws.l(cosf.o)
    0x00006f8c   0x00006f8c   0x00000018   Code   RO         1775    i.error             mbed.ar(error.o)
    0x00006fa4   0x00006fa4   0x0000002c   Code   RO         1781    i.exit              mbed.ar(exit.o)
    0x00006fd0   0x00006fd0   0x0000001a   Code   RO         1987    i.fputc             c_w.l(fputc.o)
    0x00006fea   0x00006fea   0x00000002   PAD
    0x00006fec   0x00006fec   0x00000058   Code   RO         4517    i.frexp             m_ws.l(frexp.o)
    0x00007044   0x00007044   0x00000050   Code   RO         1579    i.gpio_dir          mbed.ar(gpio_api.o)
    0x00007094   0x00007094   0x00000038   Code   RO         1580    i.gpio_init         mbed.ar(gpio_api.o)
    0x000070cc   0x000070cc   0x00000026   Code   RO         1558    i.gpio_init_in      mbed.ar(gpio.o)
    0x000070f2   0x000070f2   0x00000002   PAD
    0x000070f4   0x000070f4   0x00000044   Code   RO         1561    i.gpio_init_out     mbed.ar(gpio.o)
    0x00007138   0x00007138   0x00000050   Code   RO         1562    i.gpio_init_out_ex  mbed.ar(gpio.o)
    0x00007188   0x00007188   0x00000006   Code   RO         1581    i.gpio_mode         mbed.ar(gpio_api.o)
    0x0000718e   0x0000718e   0x00000002   PAD
    0x00007190   0x00007190   0x0000001c   Code   RO         1594    i.i2c_frequency     mbed.ar(i2c_api.o)
    0x000071ac   0x000071ac   0x000000d8   Code   RO         1595    i.i2c_init          mbed.ar(i2c_api.o)
    0x00007284   0x00007284   0x00000038   Code   RO         1604    i.i2c_stop          mbed.ar(i2c_api.o)
    0x000072bc   0x000072bc   0x0000012c   Code   RO         1605    i.i2c_write         mbed.ar(i2c_api.o)
    0x000073e8   0x000073e8   0x00000074   Code   RO         4537    i.ldexp             m_ws.l(ldexp.o)
    0x0000745c   0x0000745c   0x0000035c   Code   RO         3300    i.log               m_ws.l(log.o)
    0x000077b8   0x000077b8   0x00000190   Code   RO         3310    i.logf              m_ws.l(logf.o)
    0x00007948   0x00007948   0x00000050   Code   RO         1552    i.mbed_assert_internal  mbed.ar(assert.o)
    0x00007998   0x00007998   0x00000108   Code   RO         1095    i.mbed_die          board.o
    0x00007aa0   0x00007aa0   0x00000004   Code   RO         1787    i.mbed_interface_connected  mbed.ar(mbed_interface.o)
    0x00007aa4   0x00007aa4   0x00000002   Code   RO         1115    i.mbed_main         retarget.o
    0x00007aa6   0x00007aa6   0x00000002   Code   RO         1116    i.mbed_sdk_init     retarget.o
    0x00007aa8   0x00007aa8   0x0000005c   Code   RO         1625    i.pin_function      mbed.ar(pinmap.o)
    0x00007b04   0x00007b04   0x00000084   Code   RO         1626    i.pin_mode          mbed.ar(pinmap.o)
    0x00007b88   0x00007b88   0x0000001e   Code   RO         1750    i.pinmap_find_peripheral  mbed.ar(pinmap_common.o)
    0x00007ba6   0x00007ba6   0x00000002   PAD
    0x00007ba8   0x00007ba8   0x00000038   Code   RO         1751    i.pinmap_merge      mbed.ar(pinmap_common.o)
    0x00007be0   0x00007be0   0x00000058   Code   RO         1752    i.pinmap_peripheral  mbed.ar(pinmap_common.o)
    0x00007c38   0x00007c38   0x00000050   Code   RO         1753    i.pinmap_pinout     mbed.ar(pinmap_common.o)
    0x00007c88   0x00007c88   0x00000010   Code   RO         1808    i.semihost_connected  mbed.ar(semihost_api.o)
    0x00007c98   0x00007c98   0x0000000c   Code   RO         1811    i.semihost_exit     mbed.ar(semihost_api.o)
    0x00007ca4   0x00007ca4   0x000001c4   Code   RO         1223    i.serial_baud       mbed.ar(serial_api.o)
    0x00007e68   0x00007e68   0x000000a0   Code   RO         1227    i.serial_format     mbed.ar(serial_api.o)
    0x00007f08   0x00007f08   0x00000168   Code   RO         1230    i.serial_init       mbed.ar(serial_api.o)
    0x00008070   0x00008070   0x0000001c   Code   RO         1231    i.serial_irq_handler  mbed.ar(serial_api.o)
    0x0000808c   0x0000808c   0x000000d4   Code   RO         1233    i.serial_irq_set_internal  mbed.ar(serial_api.o)
    0x00008160   0x00008160   0x00000068   Code   RO         1235    i.serial_putc       mbed.ar(serial_api.o)
    0x000081c8   0x000081c8   0x0000010c   Code   RO         1237    i.serial_set_flow_control  mbed.ar(serial_api.o)
    0x000082d4   0x000082d4   0x00000188   Code   RO         3320    i.sinf              m_ws.l(sinf.o)
    0x0000845c   0x0000845c   0x00000014   Code   RO         1239    i.uart0_irq         mbed.ar(serial_api.o)
    0x00008470   0x00008470   0x00000014   Code   RO         1240    i.uart1_irq         mbed.ar(serial_api.o)
    0x00008484   0x00008484   0x00000014   Code   RO         1241    i.uart2_irq         mbed.ar(serial_api.o)
    0x00008498   0x00008498   0x00000014   Code   RO         1242    i.uart3_irq         mbed.ar(serial_api.o)
    0x000084ac   0x000084ac   0x00000064   Code   RO         1243    i.uart_irq          mbed.ar(serial_api.o)
    0x00008510   0x00008510   0x0000000c   Code   RO         1634    i.us_ticker_clear_interrupt  mbed.ar(us_ticker.o)
    0x0000851c   0x0000851c   0x00000010   Code   RO         1635    i.us_ticker_disable_interrupt  mbed.ar(us_ticker.o)
    0x0000852c   0x0000852c   0x00000064   Code   RO         1636    i.us_ticker_init    mbed.ar(us_ticker.o)
    0x00008590   0x00008590   0x0000004c   Code   RO         1762    i.us_ticker_insert_event  mbed.ar(us_ticker_api.o)
    0x000085dc   0x000085dc   0x00000044   Code   RO         1763    i.us_ticker_irq_handler  mbed.ar(us_ticker_api.o)
    0x00008620   0x00008620   0x00000060   Code   RO         1637    i.us_ticker_read    mbed.ar(us_ticker.o)
    0x00008680   0x00008680   0x0000003c   Code   RO         1764    i.us_ticker_remove_event  mbed.ar(us_ticker_api.o)
    0x000086bc   0x000086bc   0x00000014   Code   RO         1765    i.us_ticker_set_handler  mbed.ar(us_ticker_api.o)
    0x000086d0   0x000086d0   0x00000014   Code   RO         1638    i.us_ticker_set_interrupt  mbed.ar(us_ticker.o)
    0x000086e4   0x000086e4   0x00000024   Code   RO         1571    i.wait              mbed.ar(wait_api.o)
    0x00008708   0x00008708   0x0000001c   Code   RO         1572    i.wait_ms           mbed.ar(wait_api.o)
    0x00008724   0x00008724   0x00000018   Code   RO         1573    i.wait_us           mbed.ar(wait_api.o)
    0x0000873c   0x0000873c   0x0000002c   Code   RO         4409    locale$$code        c_w.l(lc_ctype_c.o)
    0x00008768   0x00008768   0x0000002c   Code   RO         4415    locale$$code        c_w.l(lc_numeric_c.o)
    0x00008794   0x00008794   0x00000006   Code   RO          503    t._ZN4__rw10__rw_arrayISt7complexIfEE5beginEv  main.o
    0x0000879a   0x0000879a   0x00000072   Code   RO          383    t._ZN4__rw10__rw_arrayISt7complexIfEE6resizeEjRKS2_  main.o
    0x0000880c   0x0000880c   0x00000048   Code   RO          389    t._ZN4__rw10__rw_arrayISt7complexIfEEC1EPKS2_j  main.o
    0x00008854   0x00008854   0x0000000e   Code   RO          301    t._ZN4__rw12__rw_destroyIPSt7complexIfEEEvT_S4_  main.o
    0x00008862   0x00008862   0x00000002   PAD
    0x00008864   0x00008864   0x00000014   Code   RO          425    t._ZN4__rw12__string_refIcSt11char_traitsIcESaIcEE10_C_inc_refEv  main.o
    0x00008878   0x00008878   0x00000014   Code   RO          509    t._ZN4__rw14__rw_constructISt7complexIfES2_EEvPT_RKT0_  main.o
    0x0000888c   0x0000888c   0x00000046   Code   RO         2442    t._ZN4__rw16__rw_facet_makerISt5ctypeIcEE13_C_maker_funcEiPKcj  cpp_ws.l(ios.o)
    0x000088d2   0x000088d2   0x00000002   PAD
    0x000088d4   0x000088d4   0x00000034   Code   RO         2415    t._ZN4__rw16__rw_facet_makerISt5ctypeIwEE13_C_maker_funcEiPKcj  cpp_ws.l(ios.o)
    0x00008908   0x00008908   0x00000034   Code   RO         2655    t._ZN4__rw16__rw_facet_makerISt7codecvtIccSt11__mbstate_tEE13_C_maker_funcEiPKcj  cpp_ws.l(ios.o)
    0x0000893c   0x0000893c   0x00000034   Code   RO         2664    t._ZN4__rw16__rw_facet_makerISt7codecvtIwcSt11__mbstate_tEE13_C_maker_funcEiPKcj  cpp_ws.l(ios.o)
    0x00008970   0x00008970   0x00000056   Code   RO         3824    t._ZN4__rw18__rw_locale_vectorIPNS_15__rw_facet_baseEE6resizeEjRKS2_  cpp_ws.l(locale.o)
    0x000089c6   0x000089c6   0x0000000e   Code   RO         2633    t._ZN4__rw18__rw_locale_vectorIPNS_15__rw_facet_baseEED1Ev  cpp_ws.l(ios.o)
    0x000089d4   0x000089d4   0x0000000e   Code   RO         4244    t._ZN4__rw18__rw_locale_vectorIPNS_8__rw_catEED1Ev  cpp_ws.l(rwcats.o)
    0x000089e2   0x000089e2   0x00000002   PAD
    0x000089e4   0x000089e4   0x00000014   Code   RO         2636    t._ZN4__rw18__rw_locale_vectorISsED1Ev  cpp_ws.l(ios.o)
    0x000089f8   0x000089f8   0x00000088   Code   RO         3887    t._ZN4__rw18__rw_locale_vectorISt18__rw_open_cat_dataE6resizeEj  cpp_ws.l(messages.o)
    0x00008a80   0x00008a80   0x00000014   Code   RO         3893    t._ZN4__rw18__rw_locale_vectorISt18__rw_open_cat_dataED1Ev  cpp_ws.l(messages.o)
    0x00008a94   0x00008a94   0x00000016   Code   RO         2171    t._ZN4__rw23__rw_create_named_facetISt5ctypeIwEEEPT_S4_PKcj  cpp_ws.l(ios.o)
    0x00008aaa   0x00008aaa   0x00000016   Code   RO         2243    t._ZN4__rw23__rw_create_named_facetISt7codecvtIccSt11__mbstate_tEEEPT_S5_PKcj  cpp_ws.l(ios.o)
    0x00008ac0   0x00008ac0   0x00000016   Code   RO         2296    t._ZN4__rw23__rw_create_named_facetISt7codecvtIwcSt11__mbstate_tEEEPT_S5_PKcj  cpp_ws.l(ios.o)
    0x00008ad6   0x00008ad6   0x00000006   Code   RO         2573    t._ZNKSt13basic_filebufIcSt11char_traitsIcEE7is_openEv  cpp_ws.l(ios.o)
    0x00008adc   0x00008adc   0x00000006   Code   RO         2614    t._ZNKSt13basic_filebufIwSt11char_traitsIwEE7is_openEv  cpp_ws.l(ios.o)
    0x00008ae2   0x00008ae2   0x00000014   Code   RO         2540    t._ZNKSt15basic_streambufIcSt11char_traitsIcEE9_C_is_eofEi  cpp_ws.l(ios.o)
    0x00008af6   0x00008af6   0x00000014   Code   RO         2602    t._ZNKSt15basic_streambufIwSt11char_traitsIwEE9_C_is_eofEi  cpp_ws.l(ios.o)
    0x00008b0a   0x00008b0a   0x00000010   Code   RO         2561    t._ZNKSt4fposISt11__mbstate_tEeqERKS1_  cpp_ws.l(ios.o)
    0x00008b1a   0x00008b1a   0x0000001c   Code   RO         2558    t._ZNKSt4fposISt11__mbstate_tEplEl  cpp_ws.l(ios.o)
    0x00008b36   0x00008b36   0x00000002   PAD
    0x00008b38   0x00008b38   0x00000090   Code   RO         3091    t._ZNKSt8messagesIcE6do_getEiiiRKSs  cpp_ws.l(rwstdexcept.o)
    0x00008bc8   0x00008bc8   0x00000006   Code   RO         3106    t._ZNKSt8messagesIcE7do_openERKSsRKSt6locale  cpp_ws.l(rwstdexcept.o)
    0x00008bce   0x00008bce   0x00000002   PAD
    0x00008bd0   0x00008bd0   0x00000034   Code   RO         2209    t._ZNSoC1EPSt15basic_streambufIcSt11char_traitsIcEE  cpp_ws.l(ios.o)
    0x00008c04   0x00008c04   0x00000032   Code   RO         3796    t._ZNSs11_C_allocateEjjj  cpp_ws.l(locale.o)
    0x00008c36   0x00008c36   0x00000018   Code   RO         3833    t._ZNSs7replaceEjjPKcj  cpp_ws.l(locale.o)
    0x00008c4e   0x00008c4e   0x00000002   PAD
    0x00008c50   0x00008c50   0x00000168   Code   RO         2143    t._ZNSs7replaceEjjPKcjjj  cpp_ws.l(ios.o)
    0x00008db8   0x00008db8   0x00000074   Code   RO         2134    t._ZNSs9_C_getRepEjj  cpp_ws.l(ios.o)
    0x00008e2c   0x00008e2c   0x00000048   Code   RO         2140    t._ZNSs9_C_unlinkEv  cpp_ws.l(ios.o)
    0x00008e74   0x00008e74   0x00000038   Code   RO         3799    t._ZNSsC1EPKcRKSaIcE  cpp_ws.l(locale.o)
    0x00008eac   0x00008eac   0x00000010   Code   RO         3830    t._ZNSsC1ERKSaIcE   cpp_ws.l(locale.o)
    0x00008ebc   0x00008ebc   0x0000003e   Code   RO         2137    t._ZNSsC1ERKSs      cpp_ws.l(ios.o)
    0x00008efa   0x00008efa   0x0000000c   Code   RO         2375    t._ZNSsD1Ev         cpp_ws.l(ios.o)
    0x00008f06   0x00008f06   0x00000002   PAD
    0x00008f08   0x00008f08   0x0000004c   Code   RO         3805    t._ZNSsaSEPKc       cpp_ws.l(locale.o)
    0x00008f54   0x00008f54   0x0000003e   Code   RO         3802    t._ZNSsaSERKSs      cpp_ws.l(locale.o)
    0x00008f92   0x00008f92   0x00000020   Code   RO         2583    t._ZNSt13basic_filebufIcSt11char_traitsIcEE12_C_file_seekEli  cpp_ws.l(ios.o)
    0x00008fb2   0x00008fb2   0x00000122   Code   RO         2285    t._ZNSt13basic_filebufIcSt11char_traitsIcEE4syncEv  cpp_ws.l(ios.o)
    0x000090d4   0x000090d4   0x00000072   Code   RO         2215    t._ZNSt13basic_filebufIcSt11char_traitsIcEE6setbufEPcl  cpp_ws.l(ios.o)
    0x00009146   0x00009146   0x0000016e   Code   RO         2270    t._ZNSt13basic_filebufIcSt11char_traitsIcEE8overflowEi  cpp_ws.l(ios.o)
    0x000092b4   0x000092b4   0x00000074   Code   RO         2219    t._ZNSt13basic_filebufIcSt11char_traitsIcEEC1EPSt6__FILEPcl  cpp_ws.l(ios.o)
    0x00009328   0x00009328   0x00000020   Code   RO         2624    t._ZNSt13basic_filebufIwSt11char_traitsIwEE12_C_file_seekEli  cpp_ws.l(ios.o)
    0x00009348   0x00009348   0x0000012a   Code   RO         2338    t._ZNSt13basic_filebufIwSt11char_traitsIwEE4syncEv  cpp_ws.l(ios.o)
    0x00009472   0x00009472   0x0000006e   Code   RO         2191    t._ZNSt13basic_filebufIwSt11char_traitsIwEE6setbufEPwl  cpp_ws.l(ios.o)
    0x000094e0   0x000094e0   0x00000172   Code   RO         2323    t._ZNSt13basic_filebufIwSt11char_traitsIwEE8overflowEi  cpp_ws.l(ios.o)
    0x00009652   0x00009652   0x00000002   PAD
    0x00009654   0x00009654   0x00000074   Code   RO         2195    t._ZNSt13basic_filebufIwSt11char_traitsIwEEC1EPSt6__FILEPwl  cpp_ws.l(ios.o)
    0x000096c8   0x000096c8   0x00000034   Code   RO         2185    t._ZNSt13basic_ostreamIwSt11char_traitsIwEEC1EPSt15basic_streambufIwS1_E  cpp_ws.l(ios.o)
    0x000096fc   0x000096fc   0x00000012   Code   RO         2457    t._ZNSt15basic_streambufIcSt11char_traitsIcEE10_C_own_bufEb  cpp_ws.l(ios.o)
    0x0000970e   0x0000970e   0x00000012   Code   RO         2546    t._ZNSt15basic_streambufIcSt11char_traitsIcEE11_C_out_lastEb  cpp_ws.l(ios.o)
    0x00009720   0x00009720   0x00000012   Code   RO         2454    t._ZNSt15basic_streambufIcSt11char_traitsIcEE17_C_set_unbufferedEb  cpp_ws.l(ios.o)
    0x00009732   0x00009732   0x00000020   Code   RO         2236    t._ZNSt15basic_streambufIcSt11char_traitsIcEE5sputcEc  cpp_ws.l(ios.o)
    0x00009752   0x00009752   0x00000002   Code   RO         2888    t._ZNSt15basic_streambufIcSt11char_traitsIcEE6setbufEPcl  cpp_ws.l(ios.o)
    0x00009754   0x00009754   0x00000006   Code   RO         2907    t._ZNSt15basic_streambufIcSt11char_traitsIcEE8overflowEi  cpp_ws.l(ios.o)
    0x0000975a   0x0000975a   0x00000006   Code   RO         2464    t._ZNSt15basic_streambufIcSt11char_traitsIcEE9pubsetbufEPcl  cpp_ws.l(ios.o)
    0x00009760   0x00009760   0x00000012   Code   RO         2430    t._ZNSt15basic_streambufIwSt11char_traitsIwEE10_C_own_bufEb  cpp_ws.l(ios.o)
    0x00009772   0x00009772   0x00000012   Code   RO         2608    t._ZNSt15basic_streambufIwSt11char_traitsIwEE11_C_out_lastEb  cpp_ws.l(ios.o)
    0x00009784   0x00009784   0x00000012   Code   RO         2427    t._ZNSt15basic_streambufIwSt11char_traitsIwEE17_C_set_unbufferedEb  cpp_ws.l(ios.o)
    0x00009796   0x00009796   0x00000022   Code   RO         2292    t._ZNSt15basic_streambufIwSt11char_traitsIwEE5sputcEw  cpp_ws.l(ios.o)
    0x000097b8   0x000097b8   0x00000002   Code   RO         2934    t._ZNSt15basic_streambufIwSt11char_traitsIwEE6setbufEPwl  cpp_ws.l(ios.o)
    0x000097ba   0x000097ba   0x00000006   Code   RO         2953    t._ZNSt15basic_streambufIwSt11char_traitsIwEE8overflowEi  cpp_ws.l(ios.o)
    0x000097c0   0x000097c0   0x00000006   Code   RO         2460    t._ZNSt15basic_streambufIwSt11char_traitsIwEE9pubsetbufEPwl  cpp_ws.l(ios.o)
    0x000097c6   0x000097c6   0x0000000e   Code   RO         2549    t._ZNSt4fposISt11__mbstate_tEC1ERKS1_  cpp_ws.l(ios.o)
    0x000097d4   0x000097d4   0x0000000a   Code   RO         2433    t._ZNSt4fposISt11__mbstate_tEC1El  cpp_ws.l(ios.o)
    0x000097de   0x000097de   0x00000012   Code   RO         2552    t._ZNSt4fposISt11__mbstate_tEaSERKS1_  cpp_ws.l(ios.o)
    0x000097f0   0x000097f0   0x00000008   Code   RO         2646    t._ZNSt4fposISt11__mbstate_tEpLEl  cpp_ws.l(ios.o)
    0x000097f8   0x000097f8   0x00000060   Code   RO          295    t._ZNSt7complexIfEmLIfEERS0_RKS_IT_E  main.o
    0x00009858   0x00009858   0x00000014   Code   RO          353    t._ZNSt8valarrayISt7complexIfEEixEj  main.o
    0x0000986c   0x0000986c   0x0000005c   Code   RO         2201    t._ZNSt9basic_iosIcSt11char_traitsIcEE4initEPSt15basic_streambufIcS1_E  cpp_ws.l(ios.o)
    0x000098c8   0x000098c8   0x00000010   Code   RO         2448    t._ZNSt9basic_iosIcSt11char_traitsIcEEC1Ev  cpp_ws.l(ios.o)
    0x000098d8   0x000098d8   0x0000005c   Code   RO         2177    t._ZNSt9basic_iosIwSt11char_traitsIwEE4initEPSt15basic_streambufIwS1_E  cpp_ws.l(ios.o)
    0x00009934   0x00009934   0x00000010   Code   RO         2421    t._ZNSt9basic_iosIwSt11char_traitsIwEEC1Ev  cpp_ws.l(ios.o)
    0x00009944   0x00009944   0x0000000c   Code   RO         3640    t._ZSt3maxIjERKT_S2_S2_  cpp_ws.l(char.o)
    0x00009950   0x00009950   0x0000001c   Code   RO         2570    t._ZSt9use_facetISt7codecvtIccSt11__mbstate_tEERKT_RKSt6locale  cpp_ws.l(ios.o)
    0x0000996c   0x0000996c   0x0000001c   Code   RO         2611    t._ZSt9use_facetISt7codecvtIwcSt11__mbstate_tEERKT_RKSt6locale  cpp_ws.l(ios.o)
    0x00009988   0x00009988   0x00000062   Code   RO         3251    x$fpl$d2f           fz_ws.l(d2f.o)
    0x000099ea   0x000099ea   0x00000002   PAD
    0x000099ec   0x000099ec   0x00000150   Code   RO         3991    x$fpl$dadd          fz_ws.l(daddsub_clz.o)
    0x00009b3c   0x00009b3c   0x00000010   Code   RO         4346    x$fpl$dcheck1       fz_ws.l(dcheck1.o)
    0x00009b4c   0x00009b4c   0x00000018   Code   RO         4348    x$fpl$dcmpinf       fz_ws.l(dcmpi.o)
    0x00009b64   0x00009b64   0x000002b0   Code   RO         3254    x$fpl$ddiv          fz_ws.l(ddiv.o)
    0x00009e14   0x00009e14   0x00000078   Code   RO         3997    x$fpl$deqf          fz_ws.l(deqf.o)
    0x00009e8c   0x00009e8c   0x0000002e   Code   RO         4000    x$fpl$dflt          fz_ws.l(dflt_clz.o)
    0x00009eba   0x00009eba   0x00000002   PAD
    0x00009ebc   0x00009ebc   0x00000078   Code   RO         4460    x$fpl$dleqf         fz_ws.l(dleqf.o)
    0x00009f34   0x00009f34   0x00000154   Code   RO         4005    x$fpl$dmul          fz_ws.l(dmul.o)
    0x0000a088   0x0000a088   0x0000009c   Code   RO         4007    x$fpl$dnaninf       fz_ws.l(dnaninf.o)
    0x0000a124   0x0000a124   0x0000000c   Code   RO         4009    x$fpl$dretinf       fz_ws.l(dretinf.o)
    0x0000a130   0x0000a130   0x0000006c   Code   RO         4512    x$fpl$drleqf        fz_ws.l(drleqf.o)
    0x0000a19c   0x0000a19c   0x00000016   Code   RO         3992    x$fpl$drsb          fz_ws.l(daddsub_clz.o)
    0x0000a1b2   0x0000a1b2   0x00000002   PAD
    0x0000a1b4   0x0000a1b4   0x000001d4   Code   RO         3993    x$fpl$dsub          fz_ws.l(daddsub_clz.o)
    0x0000a388   0x0000a388   0x00000056   Code   RO         3257    x$fpl$f2d           fz_ws.l(f2d.o)
    0x0000a3de   0x0000a3de   0x00000002   PAD
    0x0000a3e0   0x0000a3e0   0x000000c4   Code   RO         3259    x$fpl$fadd          fz_ws.l(faddsub_clz.o)
    0x0000a4a4   0x0000a4a4   0x0000000c   Code   RO         4350    x$fpl$fcheck1       fz_ws.l(fcheck1.o)
    0x0000a4b0   0x0000a4b0   0x00000018   Code   RO         4352    x$fpl$fcmpinf       fz_ws.l(fcmpi.o)
    0x0000a4c8   0x0000a4c8   0x00000184   Code   RO         3266    x$fpl$fdiv          fz_ws.l(fdiv.o)
    0x0000a64c   0x0000a64c   0x00000036   Code   RO         3269    x$fpl$ffix          fz_ws.l(ffix.o)
    0x0000a682   0x0000a682   0x00000002   PAD
    0x0000a684   0x0000a684   0x0000003e   Code   RO         3273    x$fpl$ffixu         fz_ws.l(ffixu.o)
    0x0000a6c2   0x0000a6c2   0x00000002   PAD
    0x0000a6c4   0x0000a6c4   0x00000030   Code   RO         3282    x$fpl$fflt          fz_ws.l(fflt_clz.o)
    0x0000a6f4   0x0000a6f4   0x00000026   Code   RO         3281    x$fpl$ffltu         fz_ws.l(fflt_clz.o)
    0x0000a71a   0x0000a71a   0x00000002   PAD
    0x0000a71c   0x0000a71c   0x00000068   Code   RO         4011    x$fpl$fleqf         fz_ws.l(fleqf.o)
    0x0000a784   0x0000a784   0x00000102   Code   RO         3287    x$fpl$fmul          fz_ws.l(fmul.o)
    0x0000a886   0x0000a886   0x0000008c   Code   RO         4013    x$fpl$fnaninf       fz_ws.l(fnaninf.o)
    0x0000a912   0x0000a912   0x0000000a   Code   RO         4015    x$fpl$fretinf       fz_ws.l(fretinf.o)
    0x0000a91c   0x0000a91c   0x00000062   Code   RO         3289    x$fpl$frleqf        fz_ws.l(frleqf.o)
    0x0000a97e   0x0000a97e   0x00000002   PAD
    0x0000a980   0x0000a980   0x00000060   Code   RO         4017    x$fpl$frnd          fz_ws.l(frnd.o)
    0x0000a9e0   0x0000a9e0   0x00000014   Code   RO         3260    x$fpl$frsb          fz_ws.l(faddsub_clz.o)
    0x0000a9f4   0x0000a9f4   0x000000ea   Code   RO         3261    x$fpl$fsub          fz_ws.l(faddsub_clz.o)
    0x0000aade   0x0000aade   0x00000006   Code   RO         4466    x$fpl$ieeestatus    fz_ws.l(istatus.o)
    0x0000aae4   0x0000aae4   0x0000005c   Code   RO         3277    x$fpl$llufromf      fz_ws.l(ffixull.o)
    0x0000ab40   0x0000ab40   0x00000004   Code   RO         4019    x$fpl$printf1       fz_ws.l(printf1.o)
    0x0000ab44   0x0000ab44   0x00000004   Code   RO         4021    x$fpl$printf2       fz_ws.l(printf2.o)
    0x0000ab48   0x0000ab48   0x00000064   Code   RO         4468    x$fpl$retnan        fz_ws.l(retnan.o)
    0x0000abac   0x0000abac   0x0000005c   Code   RO         4027    x$fpl$scalbn        fz_ws.l(scalbn.o)
    0x0000ac08   0x0000ac08   0x0000004c   Code   RO         4029    x$fpl$scalbnf       fz_ws.l(scalbnf.o)
    0x0000ac54   0x0000ac54   0x00000004   Code   RO         4031    x$fpl$scanf1        fz_ws.l(scanf1.o)
    0x0000ac58   0x0000ac58   0x00000008   Code   RO         4470    x$fpl$scanf2        fz_ws.l(scanf2.o)
    0x0000ac60   0x0000ac60   0x00000030   Code   RO         4514    x$fpl$trapveneer    fz_ws.l(trapv.o)
    0x0000ac90   0x0000ac90   0x00000000   Code   RO         4033    x$fpl$usenofp       fz_ws.l(usenofp.o)
    0x0000ac90   0x0000ac90   0x00000067   Data   RO         1096    .constdata          board.o
    0x0000acf7   0x0000acf7   0x00000017   Data   RO         1153    .constdata          retarget.o
    0x0000ad0e   0x0000ad0e   0x00000002   PAD
    0x0000ad10   0x0000ad10   0x000000c4   Data   RO         1215    .constdata          mbed.ar(analogin_api.o)
    0x0000add4   0x0000add4   0x000002b8   Data   RO         1245    .constdata          mbed.ar(serial_api.o)
    0x0000b08c   0x0000b08c   0x00000067   Data   RO         1563    .constdata          mbed.ar(gpio.o)
    0x0000b0f3   0x0000b0f3   0x00000001   PAD
    0x0000b0f4   0x0000b0f4   0x00000068   Data   RO         1583    .constdata          mbed.ar(gpio_api.o)
    0x0000b15c   0x0000b15c   0x000000eb   Data   RO         1606    .constdata          mbed.ar(i2c_api.o)
    0x0000b247   0x0000b247   0x00000001   PAD
    0x0000b248   0x0000b248   0x00000054   Data   RO         1627    .constdata          mbed.ar(pinmap.o)
    0x0000b29c   0x0000b29c   0x00000028   Data   RO         1946    .constdata          c_w.l(_printf_hex_int_ll_ptr.o)
    0x0000b2c4   0x0000b2c4   0x00000011   Data   RO         1966    .constdata          c_w.l(__printf_flags_ss_wp.o)
    0x0000b2d5   0x0000b2d5   0x00000003   PAD
    0x0000b2d8   0x0000b2d8   0x0000005c   Data   RO         3070    .constdata          cpp_ws.l(rwstdexcept.o)
    0x0000b334   0x0000b334   0x00000004   PAD
    0x0000b338   0x0000b338   0x00000038   Data   RO         3301    .constdata          m_ws.l(log.o)
    0x0000b370   0x0000b370   0x00000040   Data   RO         3311    .constdata          m_ws.l(logf.o)
    0x0000b3b0   0x0000b3b0   0x00000008   Data   RO         3394    .constdata          c_w.l(_printf_wctomb.o)
    0x0000b3b8   0x0000b3b8   0x00000200   Data   RO         3585    .constdata          cpp_ws.l(char.o)
    0x0000b5b8   0x0000b5b8   0x00000008   Data   RO         4066    .constdata          m_ws.l(qnan.o)
    0x0000b5c0   0x0000b5c0   0x00000020   Data   RO         4068    .constdata          m_ws.l(rredf.o)
    0x0000b5e0   0x0000b5e0   0x00000026   Data   RO         4116    .constdata          c_w.l(_printf_fp_hex.o)
    0x0000b606   0x0000b606   0x00000002   PAD
    0x0000b608   0x0000b608   0x00000094   Data   RO         4378    .constdata          c_w.l(bigflt0.o)
    0x0000b69c   0x0000b69c   0x0000002c   Data   RO         1199    .constdata__ZTVN4mbed10FileHandleE  retarget.o
    0x0000b6c8   0x0000b6c8   0x00000010   Data   RO         1741    .constdata__ZTVN4mbed10SerialBaseE  mbed.ar(SerialBase.o)
    0x0000b6d8   0x0000b6d8   0x00000014   Data   RO         1547    .constdata__ZTVN4mbed10TimerEventE  mbed.ar(TimerEvent.o)
    0x0000b6ec   0x0000b6ec   0x0000005c   Data   RO         1436    .constdata__ZTVN4mbed6SerialE  mbed.ar(Serial.o)
    0x0000b748   0x0000b748   0x00000044   Data   RO         1520    .constdata__ZTVN4mbed6StreamE  mbed.ar(Stream.o)
    0x0000b78c   0x0000b78c   0x00000014   Data   RO         1406    .constdata__ZTVN4mbed6TickerE  mbed.ar(Ticker.o)
    0x0000b7a0   0x0000b7a0   0x00000010   Data   RO         1697    .constdata__ZTVN4mbed8FileBaseE  mbed.ar(FileBase.o)
    0x0000b7b0   0x0000b7b0   0x0000003c   Data   RO         1667    .constdata__ZTVN4mbed8FileLikeE  mbed.ar(FileLike.o)
    0x0000b7ec   0x0000b7ec   0x00000014   Data   RO         2674    .constdata__ZTVNSt6locale5facetE  cpp_ws.l(ios.o)
    0x0000b800   0x0000b800   0x00000008   Data   RO         2689    .constdata__ZTVSi   cpp_ws.l(ios.o)
    0x0000b808   0x0000b808   0x00000028   Data   RO         2691    .constdata__ZTVSi   cpp_ws.l(ios.o)
    0x0000b830   0x0000b830   0x00000008   Data   RO         2692    .constdata__ZTVSo   cpp_ws.l(ios.o)
    0x0000b838   0x0000b838   0x00000028   Data   RO         2694    .constdata__ZTVSo   cpp_ws.l(ios.o)
    0x0000b860   0x0000b860   0x00000034   Data   RO         3684    .constdata__ZTVSt12ctype_bynameIcE  cpp_ws.l(char.o)
    0x0000b894   0x0000b894   0x00000040   Data   RO         2128    .constdata__ZTVSt13basic_filebufIcSt11char_traitsIcEE  cpp_ws.l(ios.o)
    0x0000b8d4   0x0000b8d4   0x00000040   Data   RO         2130    .constdata__ZTVSt13basic_filebufIwSt11char_traitsIwEE  cpp_ws.l(ios.o)
    0x0000b914   0x0000b914   0x00000008   Data   RO         2697    .constdata__ZTVSt13basic_istreamIwSt11char_traitsIwEE  cpp_ws.l(ios.o)
    0x0000b91c   0x0000b91c   0x00000028   Data   RO         2699    .constdata__ZTVSt13basic_istreamIwSt11char_traitsIwEE  cpp_ws.l(ios.o)
    0x0000b944   0x0000b944   0x00000008   Data   RO         2700    .constdata__ZTVSt13basic_ostreamIwSt11char_traitsIwEE  cpp_ws.l(ios.o)
    0x0000b94c   0x0000b94c   0x00000028   Data   RO         2702    .constdata__ZTVSt13basic_ostreamIwSt11char_traitsIwEE  cpp_ws.l(ios.o)
    0x0000b974   0x0000b974   0x00000014   Data   RO         3116    .constdata__ZTVSt14__rw_exception  cpp_ws.l(rwstdexcept.o)
    0x0000b988   0x0000b988   0x00000040   Data   RO         2688    .constdata__ZTVSt15basic_streambufIcSt11char_traitsIcEE  cpp_ws.l(ios.o)
    0x0000b9c8   0x0000b9c8   0x00000040   Data   RO         2696    .constdata__ZTVSt15basic_streambufIwSt11char_traitsIwEE  cpp_ws.l(ios.o)
    0x0000ba08   0x0000ba08   0x00000034   Data   RO         3596    .constdata__ZTVSt5ctypeIcE  cpp_ws.l(char.o)
    0x0000ba3c   0x0000ba3c   0x00000044   Data   RO         2678    .constdata__ZTVSt5ctypeIwE  cpp_ws.l(ios.o)
    0x0000ba80   0x0000ba80   0x00000030   Data   RO         2684    .constdata__ZTVSt7codecvtIccSt11__mbstate_tE  cpp_ws.l(ios.o)
    0x0000bab0   0x0000bab0   0x00000030   Data   RO         2686    .constdata__ZTVSt7codecvtIwcSt11__mbstate_tE  cpp_ws.l(ios.o)
    0x0000bae0   0x0000bae0   0x00000010   Data   RO         2676    .constdata__ZTVSt8ios_base  cpp_ws.l(ios.o)
    0x0000baf0   0x0000baf0   0x00000020   Data   RO         3083    .constdata__ZTVSt8messagesIcE  cpp_ws.l(rwstdexcept.o)
    0x0000bb10   0x0000bb10   0x00000010   Data   RO         2680    .constdata__ZTVSt9basic_iosIcSt11char_traitsIcEE  cpp_ws.l(ios.o)
    0x0000bb20   0x0000bb20   0x00000010   Data   RO         2682    .constdata__ZTVSt9basic_iosIwSt11char_traitsIwEE  cpp_ws.l(ios.o)
    0x0000bb30   0x0000bb30   0x00000014   Data   RO         3960    .constdata__ZTVSt9exception  cpprt_w.l(exception_dtor.o)
    0x0000bb44   0x0000bb44   0x00000001   Data   RO         2131    .constdata__ZZN4__rw24__rw_create_native_facetISt5ctypeIwEEEPT_S4_Es  cpp_ws.l(ios.o)
    0x0000bb45   0x0000bb45   0x00000001   Data   RO         2132    .constdata__ZZN4__rw24__rw_create_native_facetISt7codecvtIccSt11__mbstate_tEEEPT_S5_Es  cpp_ws.l(ios.o)
    0x0000bb46   0x0000bb46   0x00000001   Data   RO         2133    .constdata__ZZN4__rw24__rw_create_native_facetISt7codecvtIwcSt11__mbstate_tEEEPT_S5_Es  cpp_ws.l(ios.o)
    0x0000bb47   0x0000bb47   0x00000001   Data   RO         3793    .constdata__ZZNK4__rw15__rw_locale_imp16_C_category_nameEiEs  cpp_ws.l(locale.o)
    0x0000bb48   0x0000bb48   0x00000001   Data   RO          293    .constdata__ZZNSs7replaceEjjPKcjjjEs  main.o
    0x0000bb49   0x0000bb49   0x00000001   Data   RO          294    .constdata__ZZNSs9_C_getRepEjjEs  main.o
    0x0000bb4a   0x0000bb4a   0x00000002   Data   RO         3084    .constdata__ZZNSt8messagesIcEC1EjEs  cpp_ws.l(rwstdexcept.o)
    0x0000bb4c   0x0000bb4c   0x00000272   Data   RO         3071    .conststring        cpp_ws.l(rwstdexcept.o)
    0x0000bdbe   0x0000bdbe   0x00000002   PAD
    0x0000bdc0   0x0000bdc0   0x00000020   Data   RO         4547    Region$$Table       anon$$obj.o
    0x0000bde0   0x0000bde0   0x00000008   Data   RO         4462    c$$dinf             fz_ws.l(fpconst.o)
    0x0000bde8   0x0000bde8   0x00000008   Data   RO         4465    c$$dmax             fz_ws.l(fpconst.o)
    0x0000bdf0   0x0000bdf0   0x00000110   Data   RO         4408    locale$$data        c_w.l(lc_ctype_c.o)
    0x0000bf00   0x0000bf00   0x0000001c   Data   RO         4414    locale$$data        c_w.l(lc_numeric_c.o)
    0x0000bf1c   0x0000bf1c   0x00000010   Data   RO         4496    locale$$data        c_w.l(null_locale.o)
    0x0000bf2c   0x0000bf2c   0x00000004   Data   RO          274    .init_array         main.o
    0x0000bf30   0x0000bf2c   0x00000000   Data   RO         2039    .init_array         c_w.l(init_aeabi.o)
    0x0000bf30   0x0000bf2c   0x00000004   Data   RO         3587    .init_array         cpp_ws.l(char.o)
    0x0000bf34   0x0000bf2c   0x00000004   Data   RO         3776    .init_array         cpp_ws.l(locale.o)
    0x0000bf38   0x0000bf2c   0x00000004   Data   RO         4238    .init_array         cpp_ws.l(rwcats.o)


    Execution Region RW_IRAM1 (Exec base: 0x100000c8, Load base: 0x0000bf3c, Size: 0x00003164, Max: 0x00007f38, ABSOLUTE)

    Exec Addr    Load Addr    Size         Type   Attr      Idx    E Section Name        Object

    0x100000c8   0x0000bf3c   0x00000002   Data   RW            5    .data               grove_lcd_rgb_backlight.o
    0x100000ca   0x0000bf3e   0x00000002   PAD
    0x100000cc   0x0000bf40   0x00000015   Data   RW          273    .data               main.o
    0x100000e1   0x0000bf55   0x00000003   PAD
    0x100000e4   0x0000bf58   0x00000004   Data   RW         1085    .data               system_LPC17xx.o
    0x100000e8   0x0000bf5c   0x00000010   Data   RW         1246    .data               mbed.ar(serial_api.o)
    0x100000f8   0x0000bf6c   0x00000004   Data   RW         1384    .data               mbed.ar(I2C.o)
    0x100000fc   0x0000bf70   0x00000004   Data   RW         1639    .data               mbed.ar(us_ticker.o)
    0x10000100   0x0000bf74   0x00000004   Data   RW         1686    .data               mbed.ar(FileBase.o)
    0x10000104   0x0000bf78   0x00000008   Data   RW         1766    .data               mbed.ar(us_ticker_api.o)
    0x1000010c   0x0000bf80   0x00000004   Data   RW         1999    .data               c_w.l(stdio_streams.o)
    0x10000110   0x0000bf84   0x00000004   Data   RW         2000    .data               c_w.l(stdio_streams.o)
    0x10000114   0x0000bf88   0x00000004   Data   RW         2001    .data               c_w.l(stdio_streams.o)
    0x10000118   0x0000bf8c   0x0000000c   Data   RW         2110    .data               cpp_ws.l(ios.o)
    0x10000124   0x0000bf98   0x00000017   Data   RW         3072    .data               cpp_ws.l(rwstdexcept.o)
    0x1000013b   0x0000bfaf   0x00000001   PAD
    0x1000013c   0x0000bfb0   0x00000008   Data   RW         3586    .data               cpp_ws.l(char.o)
    0x10000144   0x0000bfb8   0x0000001c   Data   RW         3775    .data               cpp_ws.l(locale.o)
    0x10000160   0x0000bfd4   0x00000004   Data   RW         3908    .data               cpp_ws.l(rwthrowproc_noex.o)
    0x10000164   0x0000bfd8   0x00000004   Data   RW         4201    .data               c_w.l(heapauxa.o)
    0x10000168   0x0000bfdc   0x00000008   Data   RW         4237    .data               cpp_ws.l(rwcats.o)
    0x10000170   0x0000bfe4   0x00000004   Data   RW         3857    .data__ZZNKSt6locale2id7_C_initEvE9_C_id_gen  cpp_ws.l(locale.o)
    0x10000174   0x0000bfe8   0x0000000c   Data   RW         3906    .data__ZZSt13__rw_get_catsvE11__open_cats  cpp_ws.l(messages.o)
    0x10000180        -       0x000010e0   Zero   RW          272    .bss                main.o
    0x10001260        -       0x00000040   Zero   RW         1152    .bss                retarget.o
    0x100012a0        -       0x000000e0   Zero   RW         1244    .bss                mbed.ar(serial_api.o)
    0x10001380        -       0x00000054   Zero   RW         1996    .bss                c_w.l(stdio_streams.o)
    0x100013d4        -       0x00000054   Zero   RW         1997    .bss                c_w.l(stdio_streams.o)
    0x10001428        -       0x00000054   Zero   RW         1998    .bss                c_w.l(stdio_streams.o)
    0x1000147c   0x0000bff4   0x00000004   PAD
    0x10001480        -       0x00001d30   Zero   RW         2070    .bss                cpp_ws.l(ios.o)
    0x100031b0        -       0x00000018   Zero   RW         3069    .bss                cpp_ws.l(rwstdexcept.o)
    0x100031c8        -       0x00000004   Zero   RW         3337    .bss                c_w.l(rt_heap_descriptor.o)
    0x100031cc        -       0x00000004   Zero   RW         3342    .bss                c_w.l(rt_new_handler_addr.o)
    0x100031d0        -       0x00000004   Zero   RW         3347    .bss                c_w.l(rt_ddtor_pointer_addr.o)
    0x100031d4        -       0x00000004   Zero   RW         4097    .bss                c_w.l(rt_errno_addr.o)
    0x100031d8        -       0x0000002a   Zero   RW         4159    .bss                c_w.l(locale.o)
    0x10003202   0x0000bff4   0x00000002   PAD
    0x10003204        -       0x00000014   Zero   RW         4360    .bss                c_w.l(rt_locale.o)
    0x10003218        -       0x00000004   Zero   RW         4365    .bss                c_w.l(rt_eh_globals_addr.o)
    0x1000321c        -       0x00000010   Zero   RW         4311    .bss__ZNSs9__nullrefE  cpp_ws.l(vendor.o)


    Execution Region RW_IRAM2 (Exec base: 0x2007c000, Load base: 0x0000bff4, Size: 0x00000000, Max: 0x00004000, ABSOLUTE)

    **** No section assigned to this execution region ****


    Execution Region RW_IRAM3 (Exec base: 0x20080000, Load base: 0x0000bff4, Size: 0x00000000, Max: 0x00004000, ABSOLUTE)

    **** No section assigned to this execution region ****


    Execution Region RW_IRAM4 (Exec base: 0x40038000, Load base: 0x0000bff4, Size: 0x00000000, Max: 0x00000800, ABSOLUTE)

    **** No section assigned to this execution region ****


==============================================================================

Image component sizes


      Code (inc. data)   RO Data    RW Data    ZI Data      Debug   Object Name

       264         22        103          0          0         76   board.o
       108          6          0          0          0         84   cmsis_nvic.o
       400         12          0          2          0      35307   grove_lcd_rgb_backlight.o
      1976        144          6         21       4320     104183   main.o
       724         80         67          0         64        848   retarget.o
        40         12        196          0          0        228   startup_LPC17xx.o
        16          6          0          0          0         68   sys.o
       160         10          0          4          0         68   system_LPC17xx.o

    ----------------------------------------------------------------------
      3692        292        406         32       4384     140862   Object Totals
         0          0         32          0          0          0   (incl. Generated)
         4          0          2          5          0          0   (incl. Padding)

    ----------------------------------------------------------------------

      Code (inc. data)   RO Data    RW Data    ZI Data      Debug   Library Member Name

        60          8          0          0          0         84   __0sscanf.o
        20          0          0          0          0         84   __2fprintf.o
        44          6          0          0          0         84   __2sprintf.o
         8          0          0          0          0         68   __main.o
       392          4         17          0          0         92   __printf_flags_ss_wp.o
        14          0          0          0          0         68   __printf_wp.o
         0          0          0          0          0          0   __rtentry.o
        12          0          0          0          0          0   __rtentry2.o
         6          0          0          0          0          0   __rtentry4.o
        52          8          0          0          0          0   __scatter.o
        26          0          0          0          0          0   __scatter_copy.o
        28          0          0          0          0          0   __scatter_zi.o
        28          0          0          0          0         68   _chval.o
        60          0          0          0          0         92   _mbrtowc.o
         6          0          0          0          0          0   _printf_a.o
         6          0          0          0          0          0   _printf_c.o
        44          0          0          0          0        108   _printf_char.o
        48          6          0          0          0         96   _printf_char_common.o
        36          4          0          0          0         80   _printf_char_file.o
        40          0          0          0          0         68   _printf_charcount.o
         6          0          0          0          0          0   _printf_d.o
       120         16          0          0          0         92   _printf_dec.o
         6          0          0          0          0          0   _printf_e.o
         6          0          0          0          0          0   _printf_f.o
      1054          0          0          0          0        216   _printf_fp_dec.o
       764          8         38          0          0        100   _printf_fp_hex.o
       128         16          0          0          0         84   _printf_fp_infnan.o
         6          0          0          0          0          0   _printf_g.o
       148          4         40          0          0        160   _printf_hex_int_ll_ptr.o
         6          0          0          0          0          0   _printf_i.o
       178          0          0          0          0         88   _printf_intcommon.o
        10          0          0          0          0          0   _printf_l.o
         6          0          0          0          0          0   _printf_lc.o
        10          0          0          0          0          0   _printf_ll.o
         6          0          0          0          0          0   _printf_lld.o
         6          0          0          0          0          0   _printf_lli.o
         6          0          0          0          0          0   _printf_llo.o
         6          0          0          0          0          0   _printf_llu.o
         6          0          0          0          0          0   _printf_llx.o
       124         16          0          0          0         92   _printf_longlong_dec.o
         6          0          0          0          0          0   _printf_ls.o
         6          0          0          0          0          0   _printf_n.o
         6          0          0          0          0          0   _printf_o.o
       112         10          0          0          0        124   _printf_oct_int_ll.o
         6          0          0          0          0          0   _printf_p.o
        78          0          0          0          0        108   _printf_pad.o
         0          0          0          0          0          0   _printf_percent.o
         4          0          0          0          0          0   _printf_percent_end.o
         6          0          0          0          0          0   _printf_s.o
        82          0          0          0          0         80   _printf_str.o
        36          0          0          0          0         84   _printf_truncate.o
         6          0          0          0          0          0   _printf_u.o
        44          0          0          0          0        108   _printf_wchar.o
       188          6          8          0          0         92   _printf_wctomb.o
         6          0          0          0          0          0   _printf_x.o
        22          0          0          0          0        100   _rserrno.o
       884          6          0          0          0        100   _scanf.o
       332          0          0          0          0         96   _scanf_int.o
       342          0          0          0          0        100   _scanf_longlong.o
       276          0          0          0          0        100   _scanf_mbtowc.o
       224          0          0          0          0         96   _scanf_str.o
        30          0          0          0          0         76   _scanf_wcharmap.o
       232          0          0          0          0        100   _scanf_wctomb.o
       208          0          0          0          0         96   _scanf_wstr.o
        64          0          0          0          0         84   _sgetc.o
        16          0          0          0          0         68   _snputc.o
        10          0          0          0          0         68   _sputc.o
        64          0          0          0          0         92   _wcrtomb.o
        22          0          0          0          0         80   abort.o
        46          0          0          0          0         84   aeabi_atexit.o
       228          4        148          0          0         96   bigflt0.o
      2152        136          0          0          0        960   btod.o
        66          0          0          0          0         84   cxa_finalize.o
        48         34          0          0          0         76   defsig_abrt_inner.o
        14          0          0          0          0         80   defsig_abrt_outer.o
        10          0          0          0          0         68   defsig_exit.o
        50          0          0          0          0         88   defsig_general.o
        48         34          0          0          0         76   defsig_pvfn_inner.o
        14          0          0          0          0         80   defsig_pvfn_outer.o
        80         58          0          0          0         76   defsig_rtmem_inner.o
        14          0          0          0          0         80   defsig_rtmem_outer.o
        52         38          0          0          0         76   defsig_rtred_inner.o
        14          0          0          0          0         80   defsig_rtred_outer.o
        76          0          0          0          0         88   fclose.o
         8          0          0          0          0         68   ferror.o
       100          4          0          0          0        120   fflush.o
       470          0          0          0          0         88   flsbuf.o
       236          4          0          0          0        128   fopen.o
        20          0          0          0          0         84   fprintf.o
        26          0          0          0          0         68   fputc.o
       248          6          0          0          0         84   fseek.o
        66          0          0          0          0         76   ftell.o
       188          0          0          0          0         88   fwritefast.o
        94          0          0          0          0         80   h1_alloc.o
        52          0          0          0          0         68   h1_extend.o
        78          0          0          0          0         80   h1_free.o
        14          0          0          0          0         84   h1_init.o
        80          6          0          4          0         96   heapauxa.o
         4          0          0          0          0        136   hguard.o
         0          0          0          0          0          0   indicate_semi.o
        36         10          0          0          0         80   init_aeabi.o
       138          0          0          0          0        168   init_alloc.o
       312         46          0          0          0        112   initio.o
        18          0          0          0          0         76   isspace.o
        44         10        272          0          0         76   lc_ctype_c.o
        44         10         28          0          0         76   lc_numeric_c.o
         2          0          0          0          0          0   libinit.o
        46          0          0          0          0          0   libinit2.o
         0          0          0          0          0          0   libshutdown2.o
        38          0          0          0          0         68   llshl.o
       138          0          0          0          0         80   lludiv10.o
        16          6          0          0         42         68   locale.o
       440          8          0          0          0        180   locale_r.o
         0          0          0          0          0          0   maybetermalloc1.o
         8          0          0          0          0         76   memcpy.o
         8          0          0          0          0         76   memmove.o
         0          0         16          0          0          0   null_locale.o
        16          4          0          0          0         76   rt_ctype_table.o
         8          4          0          0          4         68   rt_ddtor_pointer_addr.o
         8          4          0          0          4         68   rt_eh_globals_addr.o
         8          4          0          0          4         68   rt_errno_addr.o
         8          4          0          0          4         68   rt_heap_descriptor.o
         8          4          0          0         20         68   rt_locale.o
        78          0          0          0          0         80   rt_memclr_w.o
       138          0          0          0          0         68   rt_memcpy_v6.o
       100          0          0          0          0         80   rt_memcpy_w.o
       132          0          0          0          0         68   rt_memmove_v6.o
       122          0          0          0          0         80   rt_memmove_w.o
         8          4          0          0          4         68   rt_new_handler_addr.o
        44          8          0          0          0         84   scanf_char.o
      1272         16          0          0          0        168   scanf_fp.o
       800         14          0          0          0        100   scanf_hexfp.o
       308         16          0          0          0        100   scanf_infnan.o
        20          0          0          0          0         68   setbuf.o
        70          0          0          0          0         80   setvbuf.o
        60          8          0          0          0         84   sscanf.o
       240          6          0          0          0        156   stdio.o
         0          0          0         12        252          0   stdio_streams.o
        24          0          0          0          0         68   strcat.o
       128          0          0          0          0         68   strcmpv7m.o
        72          0          0          0          0         80   strcpy.o
        62          0          0          0          0         76   strlen.o
       150          0          0          0          0         80   strncmp.o
        22          0          0          0          0         68   strrchr.o
        12          4          0          0          0         68   sys_exit.o
        14          0          0          0          0         76   sys_wrch.o
         2          0          0          0          0         68   use_no_semi.o
        10          0          0          0          0         68   vfprintf.o
        52          4          0          0          0         80   vsnprintf.o
         6          0          0          0          0         68   wmemmove.o
      1172         46        620          8          0        996   char.o
      5236        258        683         12       7472       7668   ios.o
      1410         76          5         32          0       1456   locale.o
       470         34          0         12          0        716   messages.o
        36          0          0          0          0        144   rwalloc.o
       184         24          4          8          0        400   rwcats.o
       884         64        772         23         24        980   rwstdexcept.o
       152         94          0          0          0         72   rwthrowproc_impl_noex.o
         0          0          0          4          0          0   rwthrowproc_noex.o
         0          0          0          0         16          0   vendor.o
        28          0          0          0          0         84   ARM_vec_cleanup_noexceptions.o
        36          0          0          0          0         84   aeabi_vec_ctor_nocookie_nodtor.o
        14          0          0          0          0         80   aeabi_vec_delete_noexceptions.o
        16          0          0          0          0         68   aeabi_vec_dtor_cookie.o
        34          0          0          0          0         84   aeabi_vec_dtor_noexceptions.o
        20          0          0          0          0         80   aeabi_vec_new_cookie.o
        80         12          0          0          0        104   arm_exceptions_globs.o
        60          0          0          0          0        108   arm_exceptions_mem.o
        26          0          0          0          0         76   arm_exceptions_terminate.o
         4          0          0          0          0         68   arm_newhandler_noexceptions.o
         2          0          0          0          0         68   arm_rethrow_noexceptions.o
         8          0          0          0          0         76   array_del.o
         8          0          0          0          0         76   array_new.o
       146          0          0          0          0         96   array_new_general.o
        16          0          0          0          0         68   cxa_guard_acquire.o
        24          6          0          0          0         84   cxa_vec_new.o
         8          0          0          0          0         76   delete.o
        12          6          0          0          0         68   exception_ctor.o
         0          0         20          0          0          0   exception_dtor.o
        40          6          0          0          0         76   new.o
         6          0          0          0          0         68   pure_virt.o
        98          4          0          0          0         92   d2f.o
       826         16          0          0          0        348   daddsub_clz.o
        16          4          0          0          0         68   dcheck1.o
        24          0          0          0          0         68   dcmpi.o
       688        140          0          0          0        208   ddiv.o
       120          4          0          0          0         92   deqf.o
        46          0          0          0          0         68   dflt_clz.o
       120          4          0          0          0         92   dleqf.o
       340         12          0          0          0        104   dmul.o
       156          4          0          0          0         92   dnaninf.o
        12          0          0          0          0         68   dretinf.o
       108          0          0          0          0         80   drleqf.o
        86          4          0          0          0         84   f2d.o
       450          8          0          0          0        236   faddsub_clz.o
        12          4          0          0          0         68   fcheck1.o
        24          0          0          0          0         68   fcmpi.o
       388         76          0          0          0         96   fdiv.o
        54          4          0          0          0         84   ffix.o
        62          4          0          0          0         84   ffixu.o
        92          4          0          0          0         84   ffixull.o
        86          0          0          0          0        136   fflt_clz.o
       104          4          0          0          0         84   fleqf.o
       258          4          0          0          0         84   fmul.o
       140          4          0          0          0         84   fnaninf.o
         0          0         16          0          0          0   fpconst.o
        10          0          0          0          0         68   fretinf.o
        98          0          0          0          0         68   frleqf.o
        96          4          0          0          0         76   frnd.o
         6          0          0          0          0         68   istatus.o
         4          0          0          0          0         68   printf1.o
         4          0          0          0          0         68   printf2.o
       100          0          0          0          0         68   retnan.o
        92          0          0          0          0         68   scalbn.o
        76          0          0          0          0         68   scalbnf.o
         4          0          0          0          0         68   scanf1.o
         8          0          0          0          0         84   scanf2.o
        48          0          0          0          0         68   trapv.o
         0          0          0          0          0          0   usenofp.o
       380         52          0          0          0        124   cosf.o
        64         10          0          0          0        340   dunder.o
        40          0          0          0          0         68   fpclassify.o
        38          0          0          0          0         68   fpclassifyf.o
        88          8          0          0          0         76   frexp.o
        34          0          0          0          0        272   funder.o
       138          0          0          0          0        160   ldexp.o
       860         52         56          0          0        256   log.o
       400         38         64          0          0        132   logf.o
       204          4          0          0          0        168   narrow.o
       170          0          0          0          0         96   poly.o
         0          0          8          0          0          0   qnan.o
       360         16         32          0          0         88   rredf.o
       392         54          0          0          0        124   sinf.o
       152         24         16          4          0        284   FileBase.o
        54         10         60          0          0        156   FileLike.o
       154          0          0          0          0        440   FilePath.o
        42          0          0          0          0        204   FunctionPointer.o
       108         14          0          4          0        164   I2C.o
        54          4         92          0          0        220   Serial.o
       110         14         16          0          0        292   SerialBase.o
       158         18         68          0          0        520   Stream.o
       114          6         20          0          0        248   Ticker.o
        84         12         20          0          0        364   TimerEvent.o
       360         58        196          0          0        172   analogin_api.o
        80         56          0          0          0         80   assert.o
        24          4          0          0          0         80   error.o
        44          8          0          0          0         72   exit.o
       186         12        103          0          0        268   gpio.o
       142         28        104          0          0        228   gpio_api.o
       600         60        235          0          0        320   i2c_api.o
         4          0          0          0          0         68   mbed_interface.o
       224         58         84          0          0        160   pinmap.o
       254         76          0          0          0        308   pinmap_common.o
        28          6          0          0          0        144   semihost_api.o
      1764        180        696         16        224        996   serial_api.o
       244         64          0          4          0        356   us_ticker.o
       224         20          0          8          0        320   us_ticker_api.o
        88          4          0          0          0        240   wait_api.o

    ----------------------------------------------------------------------
     40288       2542       4570        152       8076      36932   Library Totals
       106          2         13          1          6          0   (incl. Padding)

    ----------------------------------------------------------------------

      Code (inc. data)   RO Data    RW Data    ZI Data      Debug   Library Name

     16730        636        567         16        334      10820   c_w.l
      9544        596       2084         99       7512      12432   cpp_ws.l
       588         30         20          0          0       1592   cpprt_w.l
      4856        308         16          0          0       3412   fz_ws.l
      3168        234        160          0          0       1972   m_ws.l
      5296        736       1710         36        224       6704   mbed.ar

    ----------------------------------------------------------------------
     40288       2542       4570        152       8076      36932   Library Totals

    ----------------------------------------------------------------------

==============================================================================


      Code (inc. data)   RO Data    RW Data    ZI Data      Debug   

     43980       2834       4976        184      12460     153142   Grand Totals
     43980       2834       4976        184      12460     153142   ELF Image Totals
     43980       2834       4976        184          0          0   ROM Totals

==============================================================================

    Total RO  Size (Code + RO Data)                48956 (  47.81kB)
    Total RW  Size (RW Data + ZI Data)             12644 (  12.35kB)
    Total ROM Size (Code + RO Data + RW Data)      49140 (  47.99kB)

==============================================================================

