Component: ARM Compiler 5.06 update 6 (build 750) Tool: armlink [4d35ed]

==============================================================================

Section Cross References

    grove_lcd_rgb_backlight.o(.text) refers to I2C.o(i._ZN4mbed3I2C5writeEiPKcib) for mbed::I2C::write(int, const char*, int, bool)
    grove_lcd_rgb_backlight.o(.text) refers to wait_api.o(i.wait_us) for wait_us
    grove_lcd_rgb_backlight.o(.text) refers to wait_api.o(i.wait_ms) for wait_ms
    grove_lcd_rgb_backlight.o(.text) refers to I2C.o(i._ZN4mbed3I2CC1E7PinNameS1_) for mbed::I2C::I2C(PinName, PinName)
    grove_lcd_rgb_backlight.o(.text) refers to grove_lcd_rgb_backlight.o(.data) for _displaycontrol
    grove_lcd_rgb_backlight.o(.ARM.exidx) refers to grove_lcd_rgb_backlight.o(.text) for .text
    main.o(.text) refers to _printf_percent.o(.ARM.Collect$$_printf_percent$$00000000) for _printf_percent
    main.o(.text) refers to _printf_f.o(.ARM.Collect$$_printf_percent$$00000003) for _printf_f
    main.o(.text) refers to printf1.o(x$fpl$printf1) for _printf_fp_dec
    main.o(.text) refers to _printf_d.o(.ARM.Collect$$_printf_percent$$00000009) for _printf_d
    main.o(.text) refers to _printf_dec.o(.text) for _printf_int_dec
    main.o(.text) refers to log.o(i.log) for log
    main.o(.text) refers to logf.o(i.logf) for logf
    main.o(.text) refers to f2d.o(x$fpl$f2d) for __aeabi_f2d
    main.o(.text) refers to ddiv.o(x$fpl$ddiv) for __aeabi_ddiv
    main.o(.text) refers to d2f.o(x$fpl$d2f) for __aeabi_d2f
    main.o(.text) refers to fflt_clz.o(x$fpl$ffltu) for __aeabi_ui2f
    main.o(.text) refers to fdiv.o(x$fpl$fdiv) for __aeabi_fdiv
    main.o(.text) refers to sinf.o(i.sinf) for sinf
    main.o(.text) refers to cosf.o(i.cosf) for cosf
    main.o(.text) refers to main.o(i._ZNSt7complexIfEC1ERKfS2_) for std::complex<float>::complex(const float&, const float&)
    main.o(.text) refers to main.o(t._ZStmlIfESt7complexIT_ERKS2_S4_) for std::complex<T1> std::operator *<float>(const std::complex<T1>&, const std::complex<T1>&)
    main.o(.text) refers to main.o(i._ZNSt7complexIfEaSEf) for std::complex<float>::operator =(float)
    main.o(.text) refers to main.o(t._ZNSt8valarrayISt7complexIfEEixEj) for std::valarray<std::complex<float>>::operator [](unsigned)
    main.o(.text) refers to main.o(i._ZNKSt7complexIfE4realEv) for std::complex<float>::real() const
    main.o(.text) refers to faddsub_clz.o(x$fpl$frsb) for __aeabi_frsub
    main.o(.text) refers to main.o(i._ZNKSt7complexIfE4imagEv) for std::complex<float>::imag() const
    main.o(.text) refers to faddsub_clz.o(x$fpl$fadd) for __aeabi_fadd
    main.o(.text) refers to main.o(t._ZNSt7complexIfEmLIfEERS0_RKS_IT_E) for std::complex<float>& std::complex<float>::operator *=<float>(const std::complex<T1>&)
    main.o(.text) refers to ffixu.o(x$fpl$ffixu) for __aeabi_f2uiz
    main.o(.text) refers to main.o(t._ZN4__rw10__rw_arrayISt7complexIfEEC1EPKS2_j) for __rw::__rw_array<std::complex<float>>::__rw_array(const std::complex<float>*, unsigned)
    main.o(.text) refers to h1_alloc.o(.text) for malloc
    main.o(.text) refers to fmul.o(x$fpl$fmul) for __aeabi_fmul
    main.o(.text) refers to fflt_clz.o(x$fpl$fflt) for __aeabi_i2f
    main.o(.text) refers to __2printf.o(.text) for __2printf
    main.o(.text) refers to frleqf.o(x$fpl$frleqf) for __aeabi_cfrcmple
    main.o(.text) refers to wait_api.o(i.wait) for wait
    main.o(.text) refers to ffix.o(x$fpl$ffix) for __aeabi_f2iz
    main.o(.text) refers to __2sprintf.o(.text) for __2sprintf
    main.o(.text) refers to grove_lcd_rgb_backlight.o(.text) for Grove_LCD_RGB_Backlight::clear()
    main.o(.text) refers to h1_free.o(.text) for free
    main.o(.text) refers to main.o(t._ZN4__rw10__rw_arrayISt7complexIfEE6resizeEjRKS2_) for __rw::__rw_array<std::complex<float>>::resize(unsigned, const std::complex<float>&)
    main.o(.text) refers to analogin_api.o(i.analogin_read) for analogin_read
    main.o(.text) refers to ffixull.o(x$fpl$llufromf) for __aeabi_f2ulz
    main.o(.text) refers to FunctionPointer.o(i._ZN4mbed15FunctionPointer6attachEPFvvE) for mbed::FunctionPointer::attach(void(*)())
    main.o(.text) refers to Ticker.o(i._ZN4mbed6Ticker5setupEy) for mbed::Ticker::setup(unsigned long long)
    main.o(.text) refers to ios.o(i._ZNSt8ios_base4InitC1Ev) for std::ios_base::Init::Init()
    main.o(.text) refers to aeabi_atexit.o(.text) for __aeabi_atexit
    main.o(.text) refers to analogin_api.o(i.analogin_init) for analogin_init
    main.o(.text) refers to Serial.o(i._ZN4mbed6SerialC1E7PinNameS1_PKc) for mbed::Serial::Serial(PinName, PinName, const char*)
    main.o(.text) refers to TimerEvent.o(i._ZN4mbed10TimerEventC2Ev) for mbed::TimerEvent::TimerEvent__sub_object()
    main.o(.text) refers to FunctionPointer.o(i._ZN4mbed15FunctionPointerC1EPFvvE) for mbed::FunctionPointer::FunctionPointer(void(*)())
[...]
    0x0000163c   0x0000163c   0x0000008a   Code   RO         3363    .text               c_w.l(init_alloc.o)
    0x000016c6   0x000016c6   0x0000000e   Code   RO         3367    .text               c_w.l(h1_init.o)
    0x000016d4   0x000016d4   0x00000016   Code   RO         3381    .text               c_w.l(_rserrno.o)
    0x000016ea   0x000016ea   0x00000014   Code   RO         3383    .text               c_w.l(fprintf.o)
    0x000016fe   0x000016fe   0x00000002   PAD
    0x00001700   0x00001700   0x00000034   Code   RO         3385    .text               c_w.l(vsnprintf.o)
    0x00001734   0x00001734   0x0000004e   Code   RO         3387    .text               c_w.l(_printf_pad.o)
    0x00001782   0x00001782   0x00000024   Code   RO         3389    .text               c_w.l(_printf_truncate.o)
    0x000017a6   0x000017a6   0x000000b2   Code   RO         3391    .text               c_w.l(_printf_intcommon.o)
    0x00001858   0x00001858   0x00000028   Code   RO         3393    .text               c_w.l(_printf_charcount.o)
    0x00001880   0x00001880   0x0000041e   Code   RO         3395    .text               c_w.l(_printf_fp_dec.o)
    0x00001c9e   0x00001c9e   0x00000002   PAD
    0x00001ca0   0x00001ca0   0x00000030   Code   RO         3397    .text               c_w.l(_printf_char_common.o)
    0x00001cd0   0x00001cd0   0x0000000a   Code   RO         3399    .text               c_w.l(_sputc.o)
    0x00001cda   0x00001cda   0x0000002c   Code   RO         3401    .text               c_w.l(_printf_char.o)
    0x00001d06   0x00001d06   0x00000002   PAD
    0x00001d08   0x00001d08   0x00000024   Code   RO         3403    .text               c_w.l(_printf_char_file.o)
    0x00001d2c   0x00001d2c   0x000000bc   Code   RO         3405    .text               c_w.l(_printf_wctomb.o)
    0x00001de8   0x00001de8   0x0000007c   Code   RO         3408    .text               c_w.l(_printf_longlong_dec.o)
    0x00001e64   0x00001e64   0x00000070   Code   RO         3414    .text               c_w.l(_printf_oct_int_ll.o)
    0x00001ed4   0x00001ed4   0x0000003c   Code   RO         3435    .text               c_w.l(sscanf.o)
    0x00001f10   0x00001f10   0x0000001c   Code   RO         3437    .text               c_w.l(_chval.o)
    0x00001f2c   0x00001f2c   0x00000156   Code   RO         3439    .text               c_w.l(_scanf_longlong.o)
    0x00002082   0x00002082   0x000000e0   Code   RO         3441    .text               c_w.l(_scanf_str.o)
    0x00002162   0x00002162   0x00000002   PAD
    0x00002164   0x00002164   0x0000002c   Code   RO         3443    .text               c_w.l(scanf_char.o)
    0x00002190   0x00002190   0x00000040   Code   RO         3445    .text               c_w.l(_sgetc.o)
    0x000021d0   0x000021d0   0x00000114   Code   RO         3449    .text               c_w.l(_scanf_mbtowc.o)
    0x000022e4   0x000022e4   0x000000e8   Code   RO         3451    .text               c_w.l(_scanf_wctomb.o)
    0x000023cc   0x000023cc   0x000000d0   Code   RO         3453    .text               c_w.l(_scanf_wstr.o)
    0x0000249c   0x0000249c   0x00000008   Code   RO         3457    .text               c_w.l(ferror.o)
    0x000024a4   0x000024a4   0x000001d6   Code   RO         3461    .text               c_w.l(flsbuf.o)
    0x0000267a   0x0000267a   0x00000002   PAD
    0x0000267c   0x0000267c   0x000000f8   Code   RO         3463    .text               c_w.l(fseek.o)
    0x00002774   0x00002774   0x00000042   Code   RO         3465    .text               c_w.l(ftell.o)
    0x000027b6   0x000027b6   0x00000046   Code   RO         3469    .text               c_w.l(setvbuf.o)
    0x000027fc   0x000027fc   0x000000f0   Code   RO         3471    .text               c_w.l(stdio.o)
    0x000028ec   0x000028ec   0x00000138   Code   RO         3476    .text               c_w.l(initio.o)
    0x00002a24   0x00002a24   0x00000016   Code   RO         3492    .text               c_w.l(abort.o)
    0x00002a3a   0x00002a3a   0x00000042   Code   RO         3494    .text               c_w.l(cxa_finalize.o)
    0x00002a7c   0x00002a7c   0x0000000e   Code   RO         3497    .text               c_w.l(defsig_pvfn_outer.o)
    0x00002a8a   0x00002a8a   0x00000048   Code   RO         3501    .text               c_w.l(strcpy.o)
    0x00002ad2   0x00002ad2   0x00000016   Code   RO         3503    .text               c_w.l(strrchr.o)
    0x00002ae8   0x00002ae8   0x00000006   Code   RO         3505    .text               c_w.l(wmemmove.o)
    0x00002aee   0x00002aee   0x00000018   Code   RO         3507    .text               c_w.l(strcat.o)
    0x00002b06   0x00002b06   0x00000064   Code   RO         3509    .text               c_w.l(rt_memcpy_w.o)
    0x00002b6a   0x00002b6a   0x00000004   Code   RO         3936    .text               cpprt_w.l(arm_newhandler_noexceptions.o)
    0x00002b6e   0x00002b6e   0x0000000e   Code   RO         3984    .text               cpprt_w.l(aeabi_vec_delete_noexceptions.o)
    0x00002b7c   0x00002b7c   0x0000000c   Code   RO         4079    .text               c_w.l(sys_exit.o)
    0x00002b88   0x00002b88   0x00000010   Code   RO         4099    .text               c_w.l(rt_ctype_table.o)
    0x00002b98   0x00002b98   0x00000008   Code   RO         4105    .text               c_w.l(rt_locale.o)
    0x00002ba0   0x00002ba0   0x00000008   Code   RO         4110    .text               c_w.l(rt_errno_addr.o)
    0x00002ba8   0x00002ba8   0x00000034   Code   RO         4119    .text               c_w.l(h1_extend.o)
    0x00002bdc   0x00002bdc   0x0000008a   Code   RO         4123    .text               c_w.l(lludiv10.o)
    0x00002c66   0x00002c66   0x00000012   Code   RO         4125    .text               c_w.l(isspace.o)
    0x00002c78   0x00002c78   0x000002fc   Code   RO         4127    .text               c_w.l(_printf_fp_hex.o)
    0x00002f74   0x00002f74   0x00000010   Code   RO         4130    .text               c_w.l(_snputc.o)
    0x00002f84   0x00002f84   0x00000080   Code   RO         4132    .text               c_w.l(_printf_fp_infnan.o)
    0x00003004   0x00003004   0x0000002c   Code   RO         4138    .text               c_w.l(_printf_wchar.o)
    0x00003030   0x00003030   0x00000374   Code   RO         4140    .text               c_w.l(_scanf.o)
    0x000033a4   0x000033a4   0x000004f8   Code   RO         4142    .text               c_w.l(scanf_fp.o)
    0x0000389c   0x0000389c   0x0000001e   Code   RO         4146    .text               c_w.l(_scanf_wcharmap.o)
    0x000038ba   0x000038ba   0x00000002   PAD
    0x000038bc   0x000038bc   0x000000e4   Code   RO         4148    .text               c_w.l(bigflt0.o)
    0x000039a0   0x000039a0   0x000000bc   Code   RO         4179    .text               c_w.l(fwritefast.o)
    0x00003a5c   0x00003a5c   0x00000010   Code   RO         4197    .text               c_w.l(locale.o)
    0x00003a6c   0x00003a6c   0x0000003c   Code   RO         4207    .text               c_w.l(_mbrtowc.o)
    0x00003aa8   0x00003aa8   0x00000040   Code   RO         4209    .text               c_w.l(_wcrtomb.o)
    0x00003ae8   0x00003ae8   0x0000000a   Code   RO         4216    .text               c_w.l(defsig_exit.o)
    0x00003af2   0x00003af2   0x0000000e   Code   RO         4218    .text               c_w.l(defsig_abrt_outer.o)
    0x00003b00   0x00003b00   0x0000000e   Code   RO         4222    .text               c_w.l(defsig_rtred_outer.o)
    0x00003b0e   0x00003b0e   0x0000000e   Code   RO         4226    .text               c_w.l(defsig_rtmem_outer.o)
    0x00003b1c   0x00003b1c   0x00000030   Code   RO         4230    .text               c_w.l(defsig_pvfn_inner.o)
    0x00003b4c   0x00003b4c   0x00000008   Code   RO         4238    .text               c_w.l(memcpy.o)
    0x00003b54   0x00003b54   0x00000008   Code   RO         4240    .text               c_w.l(memmove.o)
    0x00003b5c   0x00003b5c   0x00000050   Code   RO         4242    .text               c_w.l(heapauxa.o)
    0x00003bac   0x00003bac   0x0000001a   Code   RO         4372    .text               cpprt_w.l(arm_exceptions_terminate.o)
    0x00003bc6   0x00003bc6   0x00000002   PAD
    0x00003bc8   0x00003bc8   0x00000050   Code   RO         4382    .text               cpprt_w.l(arm_exceptions_globs.o)
    0x00003c18   0x00003c18   0x00000002   Code   RO         4402    .text               c_w.l(use_no_semi.o)
    0x00003c1a   0x00003c1a   0x00000000   Code   RO         4404    .text               c_w.l(indicate_semi.o)
    0x00003c1a   0x00003c1a   0x00000002   PAD
    0x00003c1c   0x00003c1c   0x00000008   Code   RO         4405    .text               c_w.l(rt_eh_globals_addr.o)
    0x00003c24   0x00003c24   0x000001b8   Code   RO         4420    .text               c_w.l(locale_r.o)
    0x00003ddc   0x00003ddc   0x00000032   Code   RO         4430    .text               c_w.l(defsig_general.o)
    0x00003e0e   0x00003e0e   0x00000002   PAD
    0x00003e10   0x00003e10   0x00000030   Code   RO         4432    .text               c_w.l(defsig_abrt_inner.o)
    0x00003e40   0x00003e40   0x00000034   Code   RO         4438    .text               c_w.l(defsig_rtred_inner.o)
    0x00003e74   0x00003e74   0x00000050   Code   RO         4440    .text               c_w.l(defsig_rtmem_inner.o)
    0x00003ec4   0x00003ec4   0x00000022   Code   RO         4455    .text               cpprt_w.l(aeabi_vec_dtor_noexceptions.o)
    0x00003ee6   0x00003ee6   0x0000003c   Code   RO         4461    .text               cpprt_w.l(arm_exceptions_mem.o)
    0x00003f22   0x00003f22   0x0000000e   Code   RO         4491    .text               c_w.l(sys_wrch.o)
    0x00003f30   0x00003f30   0x00000320   Code   RO         4497    .text               c_w.l(scanf_hexfp.o)
    0x00004250   0x00004250   0x00000134   Code   RO         4499    .text               c_w.l(scanf_infnan.o)
    0x00004384   0x00004384   0x00000026   Code   RO         4527    .text               c_w.l(llshl.o)
    0x000043aa   0x000043aa   0x0000001c   Code   RO         4539    .text               cpprt_w.l(ARM_vec_cleanup_noexceptions.o)
    0x000043c6   0x000043c6   0x0000003e   Code   RO         4151    CL$$btod_d2e        c_w.l(btod.o)
    0x00004404   0x00004404   0x00000046   Code   RO         4153    CL$$btod_d2e_denorm_low  c_w.l(btod.o)
    0x0000444a   0x0000444a   0x00000060   Code   RO         4152    CL$$btod_d2e_norm_op1  c_w.l(btod.o)
    0x000044aa   0x000044aa   0x00000338   Code   RO         4161    CL$$btod_div_common  c_w.l(btod.o)
    0x000047e2   0x000047e2   0x00000002   PAD
    0x000047e4   0x000047e4   0x00000084   Code   RO         4159    CL$$btod_e2d        c_w.l(btod.o)
    0x00004868   0x00004868   0x000000dc   Code   RO         4158    CL$$btod_e2e        c_w.l(btod.o)
    0x00004944   0x00004944   0x0000002a   Code   RO         4155    CL$$btod_ediv       c_w.l(btod.o)
    0x0000496e   0x0000496e   0x0000002a   Code   RO         4157    CL$$btod_edivd      c_w.l(btod.o)
    0x00004998   0x00004998   0x0000002a   Code   RO         4154    CL$$btod_emul       c_w.l(btod.o)
    0x000049c2   0x000049c2   0x0000002a   Code   RO         4156    CL$$btod_emuld      c_w.l(btod.o)
    0x000049ec   0x000049ec   0x00000244   Code   RO         4160    CL$$btod_mult_common  c_w.l(btod.o)
    0x00004c30   0x00004c30   0x00000012   Code   RO         1105    i.$Sub$$main        retarget.o
    0x00004c42   0x00004c42   0x00000006   Code   RO         1705    i.<Func1>           mbed.ar(SerialBase.o)
    0x00004c48   0x00004c48   0x00000014   Code   RO         3716    i.<Func5>           cpp_ws.l(locale.o)
    0x00004c5c   0x00004c5c   0x0000006c   Code   RO         1079    i.NVIC_SetVector    cmsis_nvic.o
    0x00004cc8   0x00004cc8   0x000000a0   Code   RO         1087    i.SystemInit        system_LPC17xx.o
    0x00004d68   0x00004d68   0x00000020   Code   RO         4265    i._Z7catgetsPN4__rw8__rw_catEiiPKc  cpp_ws.l(rwcats.o)
    0x00004d88   0x00004d88   0x00000022   Code   RO         4266    i._Z7catopenPKci    cpp_ws.l(rwcats.o)
    0x00004daa   0x00004daa   0x00000058   Code   RO         3052    i._ZN37_INTERNAL_15_rwstdexcept_cpp_8697b68a4__rw13__rw_vfmatstrEPcjPKcSt9__va_list  cpp_ws.l(rwstdexcept.o)
    0x00004e02   0x00004e02   0x00000002   PAD
    0x00004e04   0x00004e04   0x0000014c   Code   RO         3053    i._ZN37_INTERNAL_15_rwstdexcept_cpp_8697b68a4__rw13__rw_vfmatstrEPcjiSt9__va_list  cpp_ws.l(rwstdexcept.o)
    0x00004f50   0x00004f50   0x0000005c   Code   RO         3055    i._ZN4__rw10__rw_throwEiz  cpp_ws.l(rwstdexcept.o)
    0x00004fac   0x00004fac   0x0000002c   Code   RO         2444    i._ZN4__rw11__rw_file_t11_C_get_modeEPSt6__FILE  cpp_ws.l(ios.o)
    0x00004fd8   0x00004fd8   0x0000001c   Code   RO         2669    i._ZN4__rw11__rw_file_t7_C_seekEli  cpp_ws.l(ios.o)
    0x00004ff4   0x00004ff4   0x00000020   Code   RO         2575    i._ZN4__rw11__rw_file_t8_C_writeEPKvjj  cpp_ws.l(ios.o)
    0x00005014   0x00005014   0x00000020   Code   RO         3000    i._ZN4__rw13__rw_allocateEji  cpp_ws.l(rwalloc.o)
    0x00005034   0x00005034   0x00000004   Code   RO         3001    i._ZN4__rw15__rw_deallocateEPvji  cpp_ws.l(rwalloc.o)
    0x00005038   0x00005038   0x00000002   Code   RO         2973    i._ZN4__rw15__rw_facet_base12_C_initfacetERKSt6locale  cpp_ws.l(ios.o)
    0x0000503a   0x0000503a   0x00000002   PAD
    0x0000503c   0x0000503c   0x000000ec   Code   RO         3819    i._ZN4__rw15__rw_locale_impC1EPKcjj  cpp_ws.l(locale.o)
    0x00005128   0x00005128   0x0000001a   Code   RO         2394    i._ZN4__rw15__rw_locale_impD1Ev  cpp_ws.l(ios.o)
    0x00005142   0x00005142   0x0000003a   Code   RO         3717    i._ZN4__rw21__rw_use_c_lib_localeC1EPKci  cpp_ws.l(locale.o)
    0x0000517c   0x0000517c   0x00000018   Code   RO         3684    i._ZN4__rw21__rw_use_c_lib_localeD1Ev  cpp_ws.l(char.o)
    0x00005194   0x00005194   0x00000098   Code   RO         4289    i._ZN4__rw25__rw_throw_exception_noexEiPc  cpp_ws.l(rwthrowproc_impl_noex.o)
    0x0000522c   0x0000522c   0x00000030   Code   RO         4269    i._ZN4__rw9__catfindEPNS_8__rw_catE  cpp_ws.l(rwcats.o)
    0x0000525c   0x0000525c   0x0000003a   Code   RO         1203    i._ZN4mbed10FileHandle4flenEv  retarget.o
    0x00005296   0x00005296   0x00000002   PAD
    0x00005298   0x00005298   0x00000030   Code   RO         1107    i._ZN4mbed10FileHandleD2Ev  retarget.o
    0x000052c8   0x000052c8   0x0000000e   Code   RO         1707    i._ZN4mbed10SerialBase10_base_putcEi  mbed.ar(SerialBase.o)
    0x000052d6   0x000052d6   0x0000000e   Code   RO         1709    i._ZN4mbed10SerialBase12_irq_handlerEj9SerialIrq  mbed.ar(SerialBase.o)
    0x000052e4   0x000052e4   0x0000004c   Code   RO         1716    i._ZN4mbed10SerialBaseC1E7PinNameS1_  mbed.ar(SerialBase.o)
    0x00005330   0x00005330   0x00000006   Code   RO         1528    i._ZN4mbed10TimerEvent3irqEj  mbed.ar(TimerEvent.o)
    0x00005336   0x00005336   0x0000000c   Code   RO         1529    i._ZN4mbed10TimerEvent6insertEy  mbed.ar(TimerEvent.o)
    0x00005342   0x00005342   0x00000006   Code   RO         1530    i._ZN4mbed10TimerEvent6removeEv  mbed.ar(TimerEvent.o)
    0x00005348   0x00005348   0x00000024   Code   RO         1531    i._ZN4mbed10TimerEventC2Ev  mbed.ar(TimerEvent.o)
    0x0000536c   0x0000536c   0x00000018   Code   RO         1533    i._ZN4mbed10TimerEventD2Ev  mbed.ar(TimerEvent.o)
    0x00005384   0x00005384   0x00000018   Code   RO         1273    i._ZN4mbed15FunctionPointer4callEv  mbed.ar(FunctionPointer.o)
    0x0000539c   0x0000539c   0x00000008   Code   RO         1274    i._ZN4mbed15FunctionPointer6attachEPFvvE  mbed.ar(FunctionPointer.o)
    0x000053a4   0x000053a4   0x0000000a   Code   RO         1275    i._ZN4mbed15FunctionPointerC1EPFvvE  mbed.ar(FunctionPointer.o)
    0x000053ae   0x000053ae   0x00000002   PAD
    0x000053b0   0x000053b0   0x00000048   Code   RO         1374    i._ZN4mbed3I2C5writeEiPKcib  mbed.ar(I2C.o)
    0x000053f8   0x000053f8   0x00000024   Code   RO         1377    i._ZN4mbed3I2CC1E7PinNameS1_  mbed.ar(I2C.o)
    0x0000541c   0x0000541c   0x00000024   Code   RO         1423    i._ZN4mbed6SerialC1E7PinNameS1_PKc  mbed.ar(Serial.o)
    0x00005440   0x00005440   0x0000000c   Code   RO         1440    i._ZN4mbed6SerialD1Ev  mbed.ar(Serial.o)
    0x0000544c   0x0000544c   0x00000004   Code   RO         1464    i._ZN4mbed6Stream4flenEv  mbed.ar(Stream.o)
    0x00005450   0x00005450   0x00000004   Code   RO         1470    i._ZN4mbed6Stream5closeEv  mbed.ar(Stream.o)
    0x00005454   0x00005454   0x00000004   Code   RO         1472    i._ZN4mbed6Stream5lseekEli  mbed.ar(Stream.o)
    0x00005458   0x00005458   0x0000002a   Code   RO         1474    i._ZN4mbed6Stream5writeEPKvj  mbed.ar(Stream.o)
    0x00005482   0x00005482   0x00000004   Code   RO         1475    i._ZN4mbed6Stream6isattyEv  mbed.ar(Stream.o)
    0x00005486   0x00005486   0x00000002   PAD
    0x00005488   0x00005488   0x00000044   Code   RO         1477    i._ZN4mbed6StreamC2EPKc  mbed.ar(Stream.o)
    0x000054cc   0x000054cc   0x00000020   Code   RO         1479    i._ZN4mbed6StreamD2Ev  mbed.ar(Stream.o)
    0x000054ec   0x000054ec   0x00000028   Code   RO         1399    i._ZN4mbed6Ticker5setupEy  mbed.ar(Ticker.o)
    0x00005514   0x00005514   0x00000022   Code   RO         1401    i._ZN4mbed6Ticker7handlerEv  mbed.ar(Ticker.o)
    0x00005536   0x00005536   0x00000002   PAD
    0x00005538   0x00005538   0x00000028   Code   RO         1411    i._ZN4mbed6TickerD1Ev  mbed.ar(Ticker.o)
    0x00005560   0x00005560   0x00000004   Code   RO         1675    i._ZN4mbed8FileBase11getPathTypeEv  mbed.ar(FileBase.o)
    0x00005564   0x00005564   0x00000038   Code   RO         1677    i._ZN4mbed8FileBase6lookupEPKcj  mbed.ar(FileBase.o)
    0x0000559c   0x0000559c   0x00000024   Code   RO         1679    i._ZN4mbed8FileBaseC1EPKcNS_8PathTypeE  mbed.ar(FileBase.o)
    0x000055c0   0x000055c0   0x00000038   Code   RO         1681    i._ZN4mbed8FileBaseD1Ev  mbed.ar(FileBase.o)
    0x000055f8   0x000055f8   0x00000024   Code   RO         1652    i._ZN4mbed8FileLikeC2EPKc  mbed.ar(FileLike.o)
    0x0000561c   0x0000561c   0x00000012   Code   RO         1654    i._ZN4mbed8FileLikeD2Ev  mbed.ar(FileLike.o)
    0x0000562e   0x0000562e   0x00000018   Code   RO         1284    i._ZN4mbed8FilePath10fileSystemEv  mbed.ar(FilePath.o)
    0x00005646   0x00005646   0x0000001c   Code   RO         1286    i._ZN4mbed8FilePath4fileEv  mbed.ar(FilePath.o)
    0x00005662   0x00005662   0x0000000a   Code   RO         1287    i._ZN4mbed8FilePath6existsEv  mbed.ar(FilePath.o)
    0x0000566c   0x0000566c   0x00000018   Code   RO         1288    i._ZN4mbed8FilePath6isFileEv  mbed.ar(FilePath.o)
    0x00005684   0x00005684   0x00000004   Code   RO         1289    i._ZN4mbed8FilePath8fileNameEv  mbed.ar(FilePath.o)
    0x00005688   0x00005688   0x00000040   Code   RO         1290    i._ZN4mbed8FilePathC1EPKc  mbed.ar(FilePath.o)
    0x000056c8   0x000056c8   0x0000000a   Code   RO         2657    i._ZNK4__rw11__rw_file_t10_C_is_openEv  cpp_ws.l(ios.o)
    0x000056d2   0x000056d2   0x00000004   Code   RO         3140    i._ZNKSt14__rw_exception4whatEv  cpp_ws.l(rwstdexcept.o)
    0x000056d6   0x000056d6   0x00000072   Code   RO         3871    i._ZNKSt18__rw_messages_base11_C_cat_openERKSsRKSt6locale  cpp_ws.l(messages.o)
    0x00005748   0x00005748   0x00000020   Code   RO         3874    i._ZNKSt18__rw_messages_base13_C_get_localeEi  cpp_ws.l(messages.o)
    0x00005768   0x00005768   0x00000034   Code   RO         3875    i._ZNKSt18__rw_messages_base14_C_get_messageEiii  cpp_ws.l(messages.o)
    0x0000579c   0x0000579c   0x0000000e   Code   RO         3654    i._ZNKSt5ctypeIcE2isENSt10ctype_base4maskEc  cpp_ws.l(char.o)
    0x000057aa   0x000057aa   0x00000004   Code   RO         3672    i._ZNKSt5ctypeIcE8do_widenEc  cpp_ws.l(char.o)
    0x000057ae   0x000057ae   0x00000004   Code   RO         2782    i._ZNKSt5ctypeIwE8do_widenEc  cpp_ws.l(ios.o)
    0x000057b2   0x000057b2   0x00000028   Code   RO         2161    i._ZNKSt6locale12_C_use_facetERKNS_2idEbiPFPN4__rw15__rw_facet_baseEiPKcjE  cpp_ws.l(ios.o)
    0x000057da   0x000057da   0x00000002   PAD
    0x000057dc   0x000057dc   0x00000108   Code   RO         3722    i._ZNKSt6locale13_C_make_facetERKNS_2idEbiPFPN4__rw15__rw_facet_baseEiPKcjE  cpp_ws.l(locale.o)
    0x000058e4   0x000058e4   0x00000074   Code   RO         3724    i._ZNKSt6locale16_C_install_facetEPN4__rw15__rw_facet_baseERKNS_2idE  cpp_ws.l(locale.o)
    0x00005958   0x00005958   0x00000030   Code   RO         3725    i._ZNKSt6locale4nameEv  cpp_ws.l(locale.o)
    0x00005988   0x00005988   0x00000004   Code   RO         2836    i._ZNKSt7codecvtIccSt11__mbstate_tE11do_encodingEv  cpp_ws.l(ios.o)
    0x0000598c   0x0000598c   0x0000000a   Code   RO         2509    i._ZNKSt7codecvtIccSt11__mbstate_tE13always_noconvEv  cpp_ws.l(ios.o)
    0x00005996   0x00005996   0x00000004   Code   RO         2839    i._ZNKSt7codecvtIccSt11__mbstate_tE16do_always_noconvEv  cpp_ws.l(ios.o)
    0x0000599a   0x0000599a   0x0000001c   Code   RO         2500    i._ZNKSt7codecvtIccSt11__mbstate_tE3outERS0_PKcS4_RS4_PcS6_RS6_  cpp_ws.l(ios.o)
    0x000059b6   0x000059b6   0x0000000e   Code   RO         2827    i._ZNKSt7codecvtIccSt11__mbstate_tE6do_outERS0_PKcS4_RS4_PcS6_RS6_  cpp_ws.l(ios.o)
    0x000059c4   0x000059c4   0x0000000a   Code   RO         2504    i._ZNKSt7codecvtIccSt11__mbstate_tE8encodingEv  cpp_ws.l(ios.o)
    0x000059ce   0x000059ce   0x00000004   Code   RO         2866    i._ZNKSt7codecvtIwcSt11__mbstate_tE11do_encodingEv  cpp_ws.l(ios.o)
    0x000059d2   0x000059d2   0x0000000a   Code   RO         2531    i._ZNKSt7codecvtIwcSt11__mbstate_tE13always_noconvEv  cpp_ws.l(ios.o)
    0x000059dc   0x000059dc   0x00000004   Code   RO         2863    i._ZNKSt7codecvtIwcSt11__mbstate_tE16do_always_noconvEv  cpp_ws.l(ios.o)
    0x000059e0   0x000059e0   0x0000001c   Code   RO         2522    i._ZNKSt7codecvtIwcSt11__mbstate_tE3outERS0_PKwS4_RS4_PcS6_RS6_  cpp_ws.l(ios.o)
    0x000059fc   0x000059fc   0x00000030   Code   RO         2854    i._ZNKSt7codecvtIwcSt11__mbstate_tE6do_outERS0_PKwS4_RS4_PcS6_RS6_  cpp_ws.l(ios.o)
    0x00005a2c   0x00005a2c   0x0000000a   Code   RO         2526    i._ZNKSt7codecvtIwcSt11__mbstate_tE8encodingEv  cpp_ws.l(ios.o)
    0x00005a36   0x00005a36   0x00000006   Code   RO          365    i._ZNKSt7complexIfE4imagEv  main.o
    0x00005a3c   0x00005a3c   0x00000006   Code   RO          371    i._ZNKSt7complexIfE4realEv  main.o
    0x00005a42   0x00005a42   0x00000010   Code   RO         2635    i._ZNSt11char_traitsIcE11eq_int_typeERKiS2_  cpp_ws.l(ios.o)
    0x00005a52   0x00005a52   0x0000000c   Code   RO         2362    i._ZNSt11char_traitsIcE4copyEPcPKcj  cpp_ws.l(ios.o)
    0x00005a5e   0x00005a5e   0x0000000c   Code   RO         2359    i._ZNSt11char_traitsIcE4moveEPcPKcj  cpp_ws.l(ios.o)
    0x00005a6a   0x00005a6a   0x0000001c   Code   RO         2365    i._ZNSt11char_traitsIcE7not_eofERKi  cpp_ws.l(ios.o)
    0x00005a86   0x00005a86   0x00000010   Code   RO         2638    i._ZNSt11char_traitsIwE11eq_int_typeERKiS2_  cpp_ws.l(ios.o)
    0x00005a96   0x00005a96   0x0000000c   Code   RO         2371    i._ZNSt11char_traitsIwE4moveEPwPKwj  cpp_ws.l(ios.o)
    0x00005aa2   0x00005aa2   0x0000001c   Code   RO         2374    i._ZNSt11char_traitsIwE7not_eofERKi  cpp_ws.l(ios.o)
    0x00005abe   0x00005abe   0x00000002   PAD
    0x00005ac0   0x00005ac0   0x000000cc   Code   RO         3568    i._ZNSt12ctype_bynameIcE17_C_get_mask_tableEPKc  cpp_ws.l(char.o)
    0x00005b8c   0x00005b8c   0x00000120   Code   RO         3570    i._ZNSt12ctype_bynameIcEC1EPKcj  cpp_ws.l(char.o)
    0x00005cac   0x00005cac   0x0000000e   Code   RO         3713    i._ZNSt12ctype_bynameIcED0Ev  cpp_ws.l(char.o)
    0x00005cba   0x00005cba   0x00000008   Code   RO         3710    i._ZNSt12ctype_bynameIcED1Ev  cpp_ws.l(char.o)
    0x00005cc2   0x00005cc2   0x00000002   PAD
    0x00005cc4   0x00005cc4   0x00000084   Code   RO         3058    i._ZNSt14__rw_exception10_C_vformatEiSt9__va_list  cpp_ws.l(rwstdexcept.o)
    0x00005d48   0x00005d48   0x00000014   Code   RO         3111    i._ZNSt14__rw_exceptionC1Ev  cpp_ws.l(rwstdexcept.o)
    0x00005d5c   0x00005d5c   0x0000001c   Code   RO         3134    i._ZNSt14__rw_exceptionD1Ev  cpp_ws.l(rwstdexcept.o)
    0x00005d78   0x00005d78   0x00000008   Code   RO         3108    i._ZNSt18__rw_messages_baseD1Ev  cpp_ws.l(rwstdexcept.o)
    0x00005d80   0x00005d80   0x0000001a   Code   RO         3911    i._ZNSt18__rw_open_cat_dataC1Ev  cpp_ws.l(messages.o)
    0x00005d9a   0x00005d9a   0x0000000c   Code   RO         3908    i._ZNSt18__rw_open_cat_dataD1Ev  cpp_ws.l(messages.o)
    0x00005da6   0x00005da6   0x00000012   Code   RO         3914    i._ZNSt18__rw_open_cat_dataaSERKS_  cpp_ws.l(messages.o)
    0x00005db8   0x00005db8   0x000000fa   Code   RO         3572    i._ZNSt5ctypeIcE12_C_initfacetERKSt6locale  cpp_ws.l(char.o)
    0x00005eb2   0x00005eb2   0x00000002   PAD
    0x00005eb4   0x00005eb4   0x00000118   Code   RO         3574    i._ZNSt5ctypeIcEC1EPKNSt10ctype_base4maskEbj  cpp_ws.l(char.o)
    0x00005fcc   0x00005fcc   0x0000000e   Code   RO         3657    i._ZNSt5ctypeIcED0Ev  cpp_ws.l(char.o)
    0x00005fda   0x00005fda   0x00000002   PAD
    0x00005fdc   0x00005fdc   0x0000002c   Code   RO         3619    i._ZNSt5ctypeIcED1Ev  cpp_ws.l(char.o)
    0x00006008   0x00006008   0x00000018   Code   RO         2418    i._ZNSt5ctypeIwEC1Ej  cpp_ws.l(ios.o)
    0x00006020   0x00006020   0x0000000e   Code   RO         2794    i._ZNSt5ctypeIwED0Ev  cpp_ws.l(ios.o)
    0x0000602e   0x0000602e   0x00000008   Code   RO         2791    i._ZNSt5ctypeIwED1Ev  cpp_ws.l(ios.o)
    0x00006036   0x00006036   0x00000002   PAD
    0x00006038   0x00006038   0x00000014   Code   RO         2648    i._ZNSt6locale5facetC1Eji  cpp_ws.l(ios.o)
    0x0000604c   0x0000604c   0x0000000e   Code   RO         2749    i._ZNSt6locale5facetD0Ev  cpp_ws.l(ios.o)
    0x0000605a   0x0000605a   0x00000002   PAD
    0x0000605c   0x0000605c   0x00000084   Code   RO         3728    i._ZNSt6locale7_C_initEv  cpp_ws.l(locale.o)
    0x000060e0   0x000060e0   0x00000044   Code   RO         3730    i._ZNSt6locale7classicEv  cpp_ws.l(locale.o)
    0x00006124   0x00006124   0x00000020   Code   RO         3847    i._ZNSt6localeC1EPN4__rw15__rw_locale_impE  cpp_ws.l(locale.o)
    0x00006144   0x00006144   0x0000000c   Code   RO         2391    i._ZNSt6localeC1ERKS_  cpp_ws.l(ios.o)
    0x00006150   0x00006150   0x00000020   Code   RO         2387    i._ZNSt6localeC1Ev  cpp_ws.l(ios.o)
    0x00006170   0x00006170   0x00000020   Code   RO         2158    i._ZNSt6localeD1Ev  cpp_ws.l(ios.o)
    0x00006190   0x00006190   0x00000032   Code   RO         3738    i._ZNSt6localeaSERKS_  cpp_ws.l(locale.o)
    0x000061c2   0x000061c2   0x00000002   PAD
    0x000061c4   0x000061c4   0x00000014   Code   RO         2497    i._ZNSt7codecvtIccSt11__mbstate_tEC1Ej  cpp_ws.l(ios.o)
    0x000061d8   0x000061d8   0x0000000e   Code   RO         2851    i._ZNSt7codecvtIccSt11__mbstate_tED0Ev  cpp_ws.l(ios.o)
    0x000061e6   0x000061e6   0x00000008   Code   RO         2848    i._ZNSt7codecvtIccSt11__mbstate_tED1Ev  cpp_ws.l(ios.o)
    0x000061ee   0x000061ee   0x00000002   PAD
    0x000061f0   0x000061f0   0x00000014   Code   RO         2519    i._ZNSt7codecvtIwcSt11__mbstate_tEC1Ej  cpp_ws.l(ios.o)
    0x00006204   0x00006204   0x0000000e   Code   RO         2878    i._ZNSt7codecvtIwcSt11__mbstate_tED0Ev  cpp_ws.l(ios.o)
    0x00006212   0x00006212   0x00000008   Code   RO         2875    i._ZNSt7codecvtIwcSt11__mbstate_tED1Ev  cpp_ws.l(ios.o)
    0x0000621a   0x0000621a   0x0000000a   Code   RO          383    i._ZNSt7complexIfEC1ERKfS2_  main.o
    0x00006224   0x00006224   0x00000008   Code   RO          377    i._ZNSt7complexIfEaSEf  main.o
    0x0000622c   0x0000622c   0x00000318   Code   RO         2058    i._ZNSt8ios_base4InitC1Ev  cpp_ws.l(ios.o)
    0x00006544   0x00006544   0x000000a8   Code   RO         2060    i._ZNSt8ios_base4InitD1Ev  cpp_ws.l(ios.o)
    0x000065ec   0x000065ec   0x00000024   Code   RO         2176    i._ZNSt8ios_baseC1Ev  cpp_ws.l(ios.o)
    0x00006610   0x00006610   0x0000000e   Code   RO         3120    i._ZNSt8messagesIcED0Ev  cpp_ws.l(rwstdexcept.o)
    0x0000661e   0x0000661e   0x00000010   Code   RO         3105    i._ZNSt8messagesIcED1Ev  cpp_ws.l(rwstdexcept.o)
    0x0000662e   0x0000662e   0x00000002   PAD
    0x00006630   0x00006630   0x0000000c   Code   RO         3961    i._ZNSt9exceptionC1Ev  cpprt_w.l(exception_ctor.o)
    0x0000663c   0x0000663c   0x0000003c   Code   RO         3892    i._ZSt13__rw_get_catsv  cpp_ws.l(messages.o)
    0x00006678   0x00006678   0x00000006   Code   RO         1425    i._ZThn72_N4mbed6Serial5_putcEi  mbed.ar(Serial.o)
    0x0000667e   0x0000667e   0x00000008   Code   RO         3920    i._ZdaPv            cpprt_w.l(array_del.o)
    0x00006686   0x00006686   0x00000008   Code   RO         3143    i._ZdlPv            cpprt_w.l(delete.o)
    0x0000668e   0x0000668e   0x00000008   Code   RO         3923    i._Znaj             cpprt_w.l(array_new.o)
    0x00006696   0x00006696   0x00000002   PAD
    0x00006698   0x00006698   0x00000028   Code   RO         3146    i._Znwj             cpprt_w.l(new.o)
    0x000066c0   0x000066c0   0x00000092   Code   RO         4513    i.__ARM_array_new_general  cpprt_w.l(array_new_general.o)
    0x00006752   0x00006752   0x00000028   Code   RO         4400    i.__ARM_fpclassify  m_ws.l(fpclassify.o)
    0x0000677a   0x0000677a   0x00000026   Code   RO         4057    i.__ARM_fpclassifyf  m_ws.l(fpclassifyf.o)
    0x000067a0   0x000067a0   0x00000024   Code   RO         3256    i.__aeabi_vec_ctor_nocookie_nodtor  cpprt_w.l(aeabi_vec_ctor_nocookie_nodtor.o)
    0x000067c4   0x000067c4   0x00000010   Code   RO         4366    i.__aeabi_vec_dtor_cookie  cpprt_w.l(aeabi_vec_dtor_cookie.o)
    0x000067d4   0x000067d4   0x00000014   Code   RO         4363    i.__aeabi_vec_new_cookie  cpprt_w.l(aeabi_vec_new_cookie.o)
    0x000067e8   0x000067e8   0x00000010   Code   RO         3952    i.__cxa_guard_acquire  cpprt_w.l(cxa_guard_acquire.o)
    0x000067f8   0x000067f8   0x00000006   Code   RO         3150    i.__cxa_pure_virtual  cpprt_w.l(pure_virt.o)
    0x000067fe   0x000067fe   0x00000002   PAD
    0x00006800   0x00006800   0x00000018   Code   RO         4452    i.__cxa_vec_new     cpprt_w.l(cxa_vec_new.o)
    0x00006818   0x00006818   0x000000aa   Code   RO         4073    i.__kernel_poly     m_ws.l(poly.o)
    0x000068c2   0x000068c2   0x00000002   PAD
    0x000068c4   0x000068c4   0x00000010   Code   RO         4043    i.__mathlib_dbl_divzero  m_ws.l(dunder.o)
    0x000068d4   0x000068d4   0x00000006   Code   RO         4044    i.__mathlib_dbl_infnan  m_ws.l(dunder.o)
    0x000068da   0x000068da   0x0000000c   Code   RO         4046    i.__mathlib_dbl_invalid  m_ws.l(dunder.o)
    0x000068e6   0x000068e6   0x0000000e   Code   RO         4047    i.__mathlib_dbl_overflow  m_ws.l(dunder.o)
    0x000068f4   0x000068f4   0x00000010   Code   RO         4049    i.__mathlib_dbl_underflow  m_ws.l(dunder.o)
    0x00006904   0x00006904   0x0000000a   Code   RO         4059    i.__mathlib_flt_divzero  m_ws.l(funder.o)
    0x0000690e   0x0000690e   0x00000006   Code   RO         4060    i.__mathlib_flt_infnan  m_ws.l(funder.o)
    0x00006914   0x00006914   0x00000008   Code   RO         4062    i.__mathlib_flt_invalid  m_ws.l(funder.o)
    0x0000691c   0x0000691c   0x0000000a   Code   RO         4065    i.__mathlib_flt_underflow  m_ws.l(funder.o)
    0x00006926   0x00006926   0x00000010   Code   RO         4485    i.__mathlib_narrow  m_ws.l(narrow.o)
    0x00006936   0x00006936   0x00000002   PAD
    0x00006938   0x00006938   0x00000168   Code   RO         4076    i.__mathlib_rredf2  m_ws.l(rredf.o)
    0x00006aa0   0x00006aa0   0x000000bc   Code   RO         4486    i.__mathlib_tofloat  m_ws.l(narrow.o)
    0x00006b5c   0x00006b5c   0x00000010   Code   RO         3739    i.__sti___10_locale_cpp_ff99fc7b  cpp_ws.l(locale.o)
    0x00006b6c   0x00006b6c   0x00000038   Code   RO         4270    i.__sti___10_rwcats_cpp_64e8068e  cpp_ws.l(rwcats.o)
    0x00006ba4   0x00006ba4   0x00000010   Code   RO         3576    i.__sti___8_char_cpp_a3dc957a  cpp_ws.l(char.o)
    0x00006bb4   0x00006bb4   0x00000016   Code   RO         4543    i.__support_ldexp   m_ws.l(ldexp.o)
    0x00006bca   0x00006bca   0x00000002   PAD
    0x00006bcc   0x00006bcc   0x00000010   Code   RO         1093    i.__user_setup_stackheap  sys.o
    0x00006bdc   0x00006bdc   0x0000000e   Code   RO         1965    i._is_digit         c_w.l(__printf_wp.o)
    0x00006bea   0x00006bea   0x00000002   PAD
    0x00006bec   0x00006bec   0x0000002c   Code   RO         1108    i._sys_close        retarget.o
    0x00006c18   0x00006c18   0x00000028   Code   RO         1111    i._sys_flen         retarget.o
    0x00006c40   0x00006c40   0x00000028   Code   RO         1112    i._sys_istty        retarget.o
    0x00006c68   0x00006c68   0x0000014c   Code   RO         1113    i._sys_open         retarget.o
    0x00006db4   0x00006db4   0x00000028   Code   RO         1115    i._sys_seek         retarget.o
    0x00006ddc   0x00006ddc   0x00000064   Code   RO         1116    i._sys_write        retarget.o
    0x00006e40   0x00006e40   0x00000098   Code   RO         1215    i.analogin_init     mbed.ar(analogin_api.o)
    0x00006ed8   0x00006ed8   0x000000d0   Code   RO         1216    i.analogin_read     mbed.ar(analogin_api.o)
    0x00006fa8   0x00006fa8   0x0000017c   Code   RO         3302    i.cosf              m_ws.l(cosf.o)
    0x00007124   0x00007124   0x00000018   Code   RO         1778    i.error             mbed.ar(error.o)
    0x0000713c   0x0000713c   0x0000002c   Code   RO         1784    i.exit              mbed.ar(exit.o)
    0x00007168   0x00007168   0x0000001a   Code   RO         1995    i.fputc             c_w.l(fputc.o)
    0x00007182   0x00007182   0x00000002   PAD
    0x00007184   0x00007184   0x00000058   Code   RO         4524    i.frexp             m_ws.l(frexp.o)
    0x000071dc   0x000071dc   0x00000050   Code   RO         1582    i.gpio_dir          mbed.ar(gpio_api.o)
    0x0000722c   0x0000722c   0x00000038   Code   RO         1583    i.gpio_init         mbed.ar(gpio_api.o)
    0x00007264   0x00007264   0x00000026   Code   RO         1561    i.gpio_init_in      mbed.ar(gpio.o)
    0x0000728a   0x0000728a   0x00000002   PAD
    0x0000728c   0x0000728c   0x00000044   Code   RO         1564    i.gpio_init_out     mbed.ar(gpio.o)
    0x000072d0   0x000072d0   0x00000050   Code   RO         1565    i.gpio_init_out_ex  mbed.ar(gpio.o)
    0x00007320   0x00007320   0x00000006   Code   RO         1584    i.gpio_mode         mbed.ar(gpio_api.o)
    0x00007326   0x00007326   0x00000002   PAD
    0x00007328   0x00007328   0x0000001c   Code   RO         1597    i.i2c_frequency     mbed.ar(i2c_api.o)
    0x00007344   0x00007344   0x000000d8   Code   RO         1598    i.i2c_init          mbed.ar(i2c_api.o)
    0x0000741c   0x0000741c   0x00000038   Code   RO         1607    i.i2c_stop          mbed.ar(i2c_api.o)
    0x00007454   0x00007454   0x0000012c   Code   RO         1608    i.i2c_write         mbed.ar(i2c_api.o)
    0x00007580   0x00007580   0x00000074   Code   RO         4544    i.ldexp             m_ws.l(ldexp.o)
    0x000075f4   0x000075f4   0x0000035c   Code   RO         3310    i.log               m_ws.l(log.o)
    0x00007950   0x00007950   0x00000190   Code   RO         3320    i.logf              m_ws.l(logf.o)
    0x00007ae0   0x00007ae0   0x00000050   Code   RO         1555    i.mbed_assert_internal  mbed.ar(assert.o)
    0x00007b30   0x00007b30   0x00000108   Code   RO         1098    i.mbed_die          board.o
    0x00007c38   0x00007c38   0x00000004   Code   RO         1790    i.mbed_interface_connected  mbed.ar(mbed_interface.o)
    0x00007c3c   0x00007c3c   0x00000002   Code   RO         1118    i.mbed_main         retarget.o
    0x00007c3e   0x00007c3e   0x00000002   Code   RO         1119    i.mbed_sdk_init     retarget.o
    0x00007c40   0x00007c40   0x0000005c   Code   RO         1628    i.pin_function      mbed.ar(pinmap.o)
    0x00007c9c   0x00007c9c   0x00000084   Code   RO         1629    i.pin_mode          mbed.ar(pinmap.o)
    0x00007d20   0x00007d20   0x0000001e   Code   RO         1753    i.pinmap_find_peripheral  mbed.ar(pinmap_common.o)
    0x00007d3e   0x00007d3e   0x00000002   PAD
    0x00007d40   0x00007d40   0x00000038   Code   RO         1754    i.pinmap_merge      mbed.ar(pinmap_common.o)
    0x00007d78   0x00007d78   0x00000058   Code   RO         1755    i.pinmap_peripheral  mbed.ar(pinmap_common.o)
    0x00007dd0   0x00007dd0   0x00000050   Code   RO         1756    i.pinmap_pinout     mbed.ar(pinmap_common.o)
    0x00007e20   0x00007e20   0x00000010   Code   RO         1811    i.semihost_connected  mbed.ar(semihost_api.o)
    0x00007e30   0x00007e30   0x0000000c   Code   RO         1814    i.semihost_exit     mbed.ar(semihost_api.o)
    0x00007e3c   0x00007e3c   0x000001c4   Code   RO         1226    i.serial_baud       mbed.ar(serial_api.o)
    0x00008000   0x00008000   0x000000a0   Code   RO         1230    i.serial_format     mbed.ar(serial_api.o)
    0x000080a0   0x000080a0   0x00000168   Code   RO         1233    i.serial_init       mbed.ar(serial_api.o)
    0x00008208   0x00008208   0x0000001c   Code   RO         1234    i.serial_irq_handler  mbed.ar(serial_api.o)
    0x00008224   0x00008224   0x000000d4   Code   RO         1236    i.serial_irq_set_internal  mbed.ar(serial_api.o)
    0x000082f8   0x000082f8   0x00000068   Code   RO         1238    i.serial_putc       mbed.ar(serial_api.o)
    0x00008360   0x00008360   0x0000010c   Code   RO         1240    i.serial_set_flow_control  mbed.ar(serial_api.o)
    0x0000846c   0x0000846c   0x00000188   Code   RO         3330    i.sinf              m_ws.l(sinf.o)
    0x000085f4   0x000085f4   0x00000014   Code   RO         1242    i.uart0_irq         mbed.ar(serial_api.o)
    0x00008608   0x00008608   0x00000014   Code   RO         1243    i.uart1_irq         mbed.ar(serial_api.o)
    0x0000861c   0x0000861c   0x00000014   Code   RO         1244    i.uart2_irq         mbed.ar(serial_api.o)
    0x00008630   0x00008630   0x00000014   Code   RO         1245    i.uart3_irq         mbed.ar(serial_api.o)
    0x00008644   0x00008644   0x00000064   Code   RO         1246    i.uart_irq          mbed.ar(serial_api.o)
    0x000086a8   0x000086a8   0x0000000c   Code   RO         1637    i.us_ticker_clear_interrupt  mbed.ar(us_ticker.o)
    0x000086b4   0x000086b4   0x00000010   Code   RO         1638    i.us_ticker_disable_interrupt  mbed.ar(us_ticker.o)
    0x000086c4   0x000086c4   0x00000064   Code   RO         1639    i.us_ticker_init    mbed.ar(us_ticker.o)
    0x00008728   0x00008728   0x0000004c   Code   RO         1765    i.us_ticker_insert_event  mbed.ar(us_ticker_api.o)
    0x00008774   0x00008774   0x00000044   Code   RO         1766    i.us_ticker_irq_handler  mbed.ar(us_ticker_api.o)
    0x000087b8   0x000087b8   0x00000060   Code   RO         1640    i.us_ticker_read    mbed.ar(us_ticker.o)
    0x00008818   0x00008818   0x0000003c   Code   RO         1767    i.us_ticker_remove_event  mbed.ar(us_ticker_api.o)
    0x00008854   0x00008854   0x00000014   Code   RO         1768    i.us_ticker_set_handler  mbed.ar(us_ticker_api.o)
    0x00008868   0x00008868   0x00000014   Code   RO         1641    i.us_ticker_set_interrupt  mbed.ar(us_ticker.o)
    0x0000887c   0x0000887c   0x00000024   Code   RO         1574    i.wait              mbed.ar(wait_api.o)
    0x000088a0   0x000088a0   0x0000001c   Code   RO         1575    i.wait_ms           mbed.ar(wait_api.o)
    0x000088bc   0x000088bc   0x00000018   Code   RO         1576    i.wait_us           mbed.ar(wait_api.o)
    0x000088d4   0x000088d4   0x0000002c   Code   RO         4214    locale$$code        c_w.l(lc_numeric_c.o)
    0x00008900   0x00008900   0x0000002c   Code   RO         4423    locale$$code        c_w.l(lc_ctype_c.o)
    0x0000892c   0x0000892c   0x00000006   Code   RO          509    t._ZN4__rw10__rw_arrayISt7complexIfEE5beginEv  main.o
    0x00008932   0x00008932   0x00000072   Code   RO          389    t._ZN4__rw10__rw_arrayISt7complexIfEE6resizeEjRKS2_  main.o
    0x000089a4   0x000089a4   0x00000048   Code   RO          395    t._ZN4__rw10__rw_arrayISt7complexIfEEC1EPKS2_j  main.o
    0x000089ec   0x000089ec   0x0000000e   Code   RO          307    t._ZN4__rw12__rw_destroyIPSt7complexIfEEEvT_S4_  main.o
    0x000089fa   0x000089fa   0x00000002   PAD
    0x000089fc   0x000089fc   0x00000014   Code   RO          431    t._ZN4__rw12__string_refIcSt11char_traitsIcESaIcEE10_C_inc_refEv  main.o
    0x00008a10   0x00008a10   0x00000014   Code   RO          515    t._ZN4__rw14__rw_constructISt7complexIfES2_EEvPT_RKT0_  main.o
    0x00008a24   0x00008a24   0x00000046   Code   RO         2450    t._ZN4__rw16__rw_facet_makerISt5ctypeIcEE13_C_maker_funcEiPKcj  cpp_ws.l(ios.o)
    0x00008a6a   0x00008a6a   0x00000002   PAD
    0x00008a6c   0x00008a6c   0x00000034   Code   RO         2423    t._ZN4__rw16__rw_facet_makerISt5ctypeIwEE13_C_maker_funcEiPKcj  cpp_ws.l(ios.o)
    0x00008aa0   0x00008aa0   0x00000034   Code   RO         2663    t._ZN4__rw16__rw_facet_makerISt7codecvtIccSt11__mbstate_tEE13_C_maker_funcEiPKcj  cpp_ws.l(ios.o)
    0x00008ad4   0x00008ad4   0x00000034   Code   RO         2672    t._ZN4__rw16__rw_facet_makerISt7codecvtIwcSt11__mbstate_tEE13_C_maker_funcEiPKcj  cpp_ws.l(ios.o)
    0x00008b08   0x00008b08   0x00000056   Code   RO         3835    t._ZN4__rw18__rw_locale_vectorIPNS_15__rw_facet_baseEE6resizeEjRKS2_  cpp_ws.l(locale.o)
    0x00008b5e   0x00008b5e   0x0000000e   Code   RO         2641    t._ZN4__rw18__rw_locale_vectorIPNS_15__rw_facet_baseEED1Ev  cpp_ws.l(ios.o)
    0x00008b6c   0x00008b6c   0x0000000e   Code   RO         4286    t._ZN4__rw18__rw_locale_vectorIPNS_8__rw_catEED1Ev  cpp_ws.l(rwcats.o)
    0x00008b7a   0x00008b7a   0x00000002   PAD
    0x00008b7c   0x00008b7c   0x00000014   Code   RO         2644    t._ZN4__rw18__rw_locale_vectorISsED1Ev  cpp_ws.l(ios.o)
    0x00008b90   0x00008b90   0x00000088   Code   RO         3898    t._ZN4__rw18__rw_locale_vectorISt18__rw_open_cat_dataE6resizeEj  cpp_ws.l(messages.o)
    0x00008c18   0x00008c18   0x00000014   Code   RO         3904    t._ZN4__rw18__rw_locale_vectorISt18__rw_open_cat_dataED1Ev  cpp_ws.l(messages.o)
    0x00008c2c   0x00008c2c   0x00000016   Code   RO         2179    t._ZN4__rw23__rw_create_named_facetISt5ctypeIwEEEPT_S4_PKcj  cpp_ws.l(ios.o)
    0x00008c42   0x00008c42   0x00000016   Code   RO         2251    t._ZN4__rw23__rw_create_named_facetISt7codecvtIccSt11__mbstate_tEEEPT_S5_PKcj  cpp_ws.l(ios.o)
    0x00008c58   0x00008c58   0x00000016   Code   RO         2304    t._ZN4__rw23__rw_create_named_facetISt7codecvtIwcSt11__mbstate_tEEEPT_S5_PKcj  cpp_ws.l(ios.o)
    0x00008c6e   0x00008c6e   0x00000006   Code   RO         2581    t._ZNKSt13basic_filebufIcSt11char_traitsIcEE7is_openEv  cpp_ws.l(ios.o)
    0x00008c74   0x00008c74   0x00000006   Code   RO         2622    t._ZNKSt13basic_filebufIwSt11char_traitsIwEE7is_openEv  cpp_ws.l(ios.o)
    0x00008c7a   0x00008c7a   0x00000014   Code   RO         2548    t._ZNKSt15basic_streambufIcSt11char_traitsIcEE9_C_is_eofEi  cpp_ws.l(ios.o)
    0x00008c8e   0x00008c8e   0x00000014   Code   RO         2610    t._ZNKSt15basic_streambufIwSt11char_traitsIwEE9_C_is_eofEi  cpp_ws.l(ios.o)
    0x00008ca2   0x00008ca2   0x00000010   Code   RO         2569    t._ZNKSt4fposISt11__mbstate_tEeqERKS1_  cpp_ws.l(ios.o)
    0x00008cb2   0x00008cb2   0x0000001c   Code   RO         2566    t._ZNKSt4fposISt11__mbstate_tEplEl  cpp_ws.l(ios.o)
    0x00008cce   0x00008cce   0x00000002   PAD
    0x00008cd0   0x00008cd0   0x00000090   Code   RO         3099    t._ZNKSt8messagesIcE6do_getEiiiRKSs  cpp_ws.l(rwstdexcept.o)
    0x00008d60   0x00008d60   0x00000006   Code   RO         3114    t._ZNKSt8messagesIcE7do_openERKSsRKSt6locale  cpp_ws.l(rwstdexcept.o)
    0x00008d66   0x00008d66   0x00000002   PAD
    0x00008d68   0x00008d68   0x00000034   Code   RO         2217    t._ZNSoC1EPSt15basic_streambufIcSt11char_traitsIcEE  cpp_ws.l(ios.o)
    0x00008d9c   0x00008d9c   0x00000032   Code   RO         3807    t._ZNSs11_C_allocateEjjj  cpp_ws.l(locale.o)
    0x00008dce   0x00008dce   0x00000018   Code   RO         3844    t._ZNSs7replaceEjjPKcj  cpp_ws.l(locale.o)
    0x00008de6   0x00008de6   0x00000002   PAD
    0x00008de8   0x00008de8   0x00000168   Code   RO         2151    t._ZNSs7replaceEjjPKcjjj  cpp_ws.l(ios.o)
    0x00008f50   0x00008f50   0x00000074   Code   RO         2142    t._ZNSs9_C_getRepEjj  cpp_ws.l(ios.o)
    0x00008fc4   0x00008fc4   0x00000048   Code   RO         2148    t._ZNSs9_C_unlinkEv  cpp_ws.l(ios.o)
    0x0000900c   0x0000900c   0x00000038   Code   RO         3810    t._ZNSsC1EPKcRKSaIcE  cpp_ws.l(locale.o)
    0x00009044   0x00009044   0x00000010   Code   RO         3841    t._ZNSsC1ERKSaIcE   cpp_ws.l(locale.o)
    0x00009054   0x00009054   0x0000003e   Code   RO         2145    t._ZNSsC1ERKSs      cpp_ws.l(ios.o)
    0x00009092   0x00009092   0x0000000c   Code   RO         2383    t._ZNSsD1Ev         cpp_ws.l(ios.o)
    0x0000909e   0x0000909e   0x00000002   PAD
    0x000090a0   0x000090a0   0x0000004c   Code   RO         3816    t._ZNSsaSEPKc       cpp_ws.l(locale.o)
    0x000090ec   0x000090ec   0x0000003e   Code   RO         3813    t._ZNSsaSERKSs      cpp_ws.l(locale.o)
    0x0000912a   0x0000912a   0x00000020   Code   RO         2591    t._ZNSt13basic_filebufIcSt11char_traitsIcEE12_C_file_seekEli  cpp_ws.l(ios.o)
    0x0000914a   0x0000914a   0x00000122   Code   RO         2293    t._ZNSt13basic_filebufIcSt11char_traitsIcEE4syncEv  cpp_ws.l(ios.o)
    0x0000926c   0x0000926c   0x00000072   Code   RO         2223    t._ZNSt13basic_filebufIcSt11char_traitsIcEE6setbufEPcl  cpp_ws.l(ios.o)
    0x000092de   0x000092de   0x0000016e   Code   RO         2278    t._ZNSt13basic_filebufIcSt11char_traitsIcEE8overflowEi  cpp_ws.l(ios.o)
    0x0000944c   0x0000944c   0x00000074   Code   RO         2227    t._ZNSt13basic_filebufIcSt11char_traitsIcEEC1EPSt6__FILEPcl  cpp_ws.l(ios.o)
    0x000094c0   0x000094c0   0x00000020   Code   RO         2632    t._ZNSt13basic_filebufIwSt11char_traitsIwEE12_C_file_seekEli  cpp_ws.l(ios.o)
    0x000094e0   0x000094e0   0x0000012a   Code   RO         2346    t._ZNSt13basic_filebufIwSt11char_traitsIwEE4syncEv  cpp_ws.l(ios.o)
    0x0000960a   0x0000960a   0x0000006e   Code   RO         2199    t._ZNSt13basic_filebufIwSt11char_traitsIwEE6setbufEPwl  cpp_ws.l(ios.o)
    0x00009678   0x00009678   0x00000172   Code   RO         2331    t._ZNSt13basic_filebufIwSt11char_traitsIwEE8overflowEi  cpp_ws.l(ios.o)
    0x000097ea   0x000097ea   0x00000002   PAD
    0x000097ec   0x000097ec   0x00000074   Code   RO         2203    t._ZNSt13basic_filebufIwSt11char_traitsIwEEC1EPSt6__FILEPwl  cpp_ws.l(ios.o)
    0x00009860   0x00009860   0x00000034   Code   RO         2193    t._ZNSt13basic_ostreamIwSt11char_traitsIwEEC1EPSt15basic_streambufIwS1_E  cpp_ws.l(ios.o)
    0x00009894   0x00009894   0x00000012   Code   RO         2465    t._ZNSt15basic_streambufIcSt11char_traitsIcEE10_C_own_bufEb  cpp_ws.l(ios.o)
    0x000098a6   0x000098a6   0x00000012   Code   RO         2554    t._ZNSt15basic_streambufIcSt11char_traitsIcEE11_C_out_lastEb  cpp_ws.l(ios.o)
    0x000098b8   0x000098b8   0x00000012   Code   RO         2462    t._ZNSt15basic_streambufIcSt11char_traitsIcEE17_C_set_unbufferedEb  cpp_ws.l(ios.o)
    0x000098ca   0x000098ca   0x00000020   Code   RO         2244    t._ZNSt15basic_streambufIcSt11char_traitsIcEE5sputcEc  cpp_ws.l(ios.o)
    0x000098ea   0x000098ea   0x00000002   Code   RO         2896    t._ZNSt15basic_streambufIcSt11char_traitsIcEE6setbufEPcl  cpp_ws.l(ios.o)
    0x000098ec   0x000098ec   0x00000006   Code   RO         2915    t._ZNSt15basic_streambufIcSt11char_traitsIcEE8overflowEi  cpp_ws.l(ios.o)
    0x000098f2   0x000098f2   0x00000006   Code   RO         2472    t._ZNSt15basic_streambufIcSt11char_traitsIcEE9pubsetbufEPcl  cpp_ws.l(ios.o)
    0x000098f8   0x000098f8   0x00000012   Code   RO         2438    t._ZNSt15basic_streambufIwSt11char_traitsIwEE10_C_own_bufEb  cpp_ws.l(ios.o)
    0x0000990a   0x0000990a   0x00000012   Code   RO         2616    t._ZNSt15basic_streambufIwSt11char_traitsIwEE11_C_out_lastEb  cpp_ws.l(ios.o)
    0x0000991c   0x0000991c   0x00000012   Code   RO         2435    t._ZNSt15basic_streambufIwSt11char_traitsIwEE17_C_set_unbufferedEb  cpp_ws.l(ios.o)
    0x0000992e   0x0000992e   0x00000022   Code   RO         2300    t._ZNSt15basic_streambufIwSt11char_traitsIwEE5sputcEw  cpp_ws.l(ios.o)
    0x00009950   0x00009950   0x00000002   Code   RO         2942    t._ZNSt15basic_streambufIwSt11char_traitsIwEE6setbufEPwl  cpp_ws.l(ios.o)
    0x00009952   0x00009952   0x00000006   Code   RO         2961    t._ZNSt15basic_streambufIwSt11char_traitsIwEE8overflowEi  cpp_ws.l(ios.o)
    0x00009958   0x00009958   0x00000006   Code   RO         2468    t._ZNSt15basic_streambufIwSt11char_traitsIwEE9pubsetbufEPwl  cpp_ws.l(ios.o)
    0x0000995e   0x0000995e   0x0000000e   Code   RO         2557    t._ZNSt4fposISt11__mbstate_tEC1ERKS1_  cpp_ws.l(ios.o)
    0x0000996c   0x0000996c   0x0000000a   Code   RO         2441    t._ZNSt4fposISt11__mbstate_tEC1El  cpp_ws.l(ios.o)
    0x00009976   0x00009976   0x00000012   Code   RO         2560    t._ZNSt4fposISt11__mbstate_tEaSERKS1_  cpp_ws.l(ios.o)
    0x00009988   0x00009988   0x00000008   Code   RO         2654    t._ZNSt4fposISt11__mbstate_tEpLEl  cpp_ws.l(ios.o)
    0x00009990   0x00009990   0x00000060   Code   RO          295    t._ZNSt7complexIfEmLIfEERS0_RKS_IT_E  main.o
    0x000099f0   0x000099f0   0x00000014   Code   RO          359    t._ZNSt8valarrayISt7complexIfEEixEj  main.o
    0x00009a04   0x00009a04   0x0000005c   Code   RO         2209    t._ZNSt9basic_iosIcSt11char_traitsIcEE4initEPSt15basic_streambufIcS1_E  cpp_ws.l(ios.o)
    0x00009a60   0x00009a60   0x00000010   Code   RO         2456    t._ZNSt9basic_iosIcSt11char_traitsIcEEC1Ev  cpp_ws.l(ios.o)
    0x00009a70   0x00009a70   0x0000005c   Code   RO         2185    t._ZNSt9basic_iosIwSt11char_traitsIwEE4initEPSt15basic_streambufIwS1_E  cpp_ws.l(ios.o)
    0x00009acc   0x00009acc   0x00000010   Code   RO         2429    t._ZNSt9basic_iosIwSt11char_traitsIwEEC1Ev  cpp_ws.l(ios.o)
    0x00009adc   0x00009adc   0x0000000c   Code   RO         3651    t._ZSt3maxIjERKT_S2_S2_  cpp_ws.l(char.o)
    0x00009ae8   0x00009ae8   0x0000001c   Code   RO         2578    t._ZSt9use_facetISt7codecvtIccSt11__mbstate_tEERKT_RKSt6locale  cpp_ws.l(ios.o)
    0x00009b04   0x00009b04   0x0000001c   Code   RO         2619    t._ZSt9use_facetISt7codecvtIwcSt11__mbstate_tEERKT_RKSt6locale  cpp_ws.l(ios.o)
    0x00009b20   0x00009b20   0x00000020   Code   RO          301    t._ZStmlIfESt7complexIT_ERKS2_S4_  main.o
    0x00009b40   0x00009b40   0x00000062   Code   RO         3259    x$fpl$d2f           fz_ws.l(d2f.o)
    0x00009ba2   0x00009ba2   0x00000002   PAD
    0x00009ba4   0x00009ba4   0x00000150   Code   RO         4002    x$fpl$dadd          fz_ws.l(daddsub_clz.o)
    0x00009cf4   0x00009cf4   0x00000010   Code   RO         4388    x$fpl$dcheck1       fz_ws.l(dcheck1.o)
    0x00009d04   0x00009d04   0x00000018   Code   RO         4390    x$fpl$dcmpinf       fz_ws.l(dcmpi.o)
    0x00009d1c   0x00009d1c   0x000002b0   Code   RO         3262    x$fpl$ddiv          fz_ws.l(ddiv.o)
    0x00009fcc   0x00009fcc   0x00000078   Code   RO         4008    x$fpl$deqf          fz_ws.l(deqf.o)
    0x0000a044   0x0000a044   0x0000002e   Code   RO         4011    x$fpl$dflt          fz_ws.l(dflt_clz.o)
    0x0000a072   0x0000a072   0x00000002   PAD
    0x0000a074   0x0000a074   0x00000078   Code   RO         4471    x$fpl$dleqf         fz_ws.l(dleqf.o)
    0x0000a0ec   0x0000a0ec   0x00000154   Code   RO         4016    x$fpl$dmul          fz_ws.l(dmul.o)
    0x0000a240   0x0000a240   0x0000009c   Code   RO         4018    x$fpl$dnaninf       fz_ws.l(dnaninf.o)
    0x0000a2dc   0x0000a2dc   0x0000000c   Code   RO         4020    x$fpl$dretinf       fz_ws.l(dretinf.o)
    0x0000a2e8   0x0000a2e8   0x0000006c   Code   RO         4519    x$fpl$drleqf        fz_ws.l(drleqf.o)
    0x0000a354   0x0000a354   0x00000016   Code   RO         4003    x$fpl$drsb          fz_ws.l(daddsub_clz.o)
    0x0000a36a   0x0000a36a   0x00000002   PAD
    0x0000a36c   0x0000a36c   0x000001d4   Code   RO         4004    x$fpl$dsub          fz_ws.l(daddsub_clz.o)
    0x0000a540   0x0000a540   0x00000056   Code   RO         3265    x$fpl$f2d           fz_ws.l(f2d.o)
    0x0000a596   0x0000a596   0x00000002   PAD
    0x0000a598   0x0000a598   0x000000c4   Code   RO         3267    x$fpl$fadd          fz_ws.l(faddsub_clz.o)
    0x0000a65c   0x0000a65c   0x0000000c   Code   RO         4392    x$fpl$fcheck1       fz_ws.l(fcheck1.o)
    0x0000a668   0x0000a668   0x00000018   Code   RO         4394    x$fpl$fcmpinf       fz_ws.l(fcmpi.o)
    0x0000a680   0x0000a680   0x00000184   Code   RO         3274    x$fpl$fdiv          fz_ws.l(fdiv.o)
    0x0000a804   0x0000a804   0x00000036   Code   RO         3277    x$fpl$ffix          fz_ws.l(ffix.o)
    0x0000a83a   0x0000a83a   0x00000002   PAD
    0x0000a83c   0x0000a83c   0x0000003e   Code   RO         3281    x$fpl$ffixu         fz_ws.l(ffixu.o)
    0x0000a87a   0x0000a87a   0x00000002   PAD
    0x0000a87c   0x0000a87c   0x00000030   Code   RO         3290    x$fpl$fflt          fz_ws.l(fflt_clz.o)
    0x0000a8ac   0x0000a8ac   0x00000026   Code   RO         3289    x$fpl$ffltu         fz_ws.l(fflt_clz.o)
    0x0000a8d2   0x0000a8d2   0x00000002   PAD
    0x0000a8d4   0x0000a8d4   0x00000068   Code   RO         4022    x$fpl$fleqf         fz_ws.l(fleqf.o)
    0x0000a93c   0x0000a93c   0x00000102   Code   RO         3295    x$fpl$fmul          fz_ws.l(fmul.o)
    0x0000aa3e   0x0000aa3e   0x0000008c   Code   RO         4024    x$fpl$fnaninf       fz_ws.l(fnaninf.o)
    0x0000aaca   0x0000aaca   0x0000000a   Code   RO         4026    x$fpl$fretinf       fz_ws.l(fretinf.o)
    0x0000aad4   0x0000aad4   0x00000062   Code   RO         3297    x$fpl$frleqf        fz_ws.l(frleqf.o)
    0x0000ab36   0x0000ab36   0x00000002   PAD
    0x0000ab38   0x0000ab38   0x00000060   Code   RO         4028    x$fpl$frnd          fz_ws.l(frnd.o)
    0x0000ab98   0x0000ab98   0x00000014   Code   RO         3268    x$fpl$frsb          fz_ws.l(faddsub_clz.o)
    0x0000abac   0x0000abac   0x000000ea   Code   RO         3269    x$fpl$fsub          fz_ws.l(faddsub_clz.o)
    0x0000ac96   0x0000ac96   0x00000006   Code   RO         4398    x$fpl$ieeestatus    fz_ws.l(istatus.o)
    0x0000ac9c   0x0000ac9c   0x0000005c   Code   RO         3285    x$fpl$llufromf      fz_ws.l(ffixull.o)
    0x0000acf8   0x0000acf8   0x00000004   Code   RO         3299    x$fpl$printf1       fz_ws.l(printf1.o)
    0x0000acfc   0x0000acfc   0x00000004   Code   RO         4030    x$fpl$printf2       fz_ws.l(printf2.o)
    0x0000ad00   0x0000ad00   0x00000064   Code   RO         4477    x$fpl$retnan        fz_ws.l(retnan.o)
    0x0000ad64   0x0000ad64   0x0000005c   Code   RO         4036    x$fpl$scalbn        fz_ws.l(scalbn.o)
    0x0000adc0   0x0000adc0   0x0000004c   Code   RO         4038    x$fpl$scalbnf       fz_ws.l(scalbnf.o)
    0x0000ae0c   0x0000ae0c   0x00000004   Code   RO         4040    x$fpl$scanf1        fz_ws.l(scanf1.o)
    0x0000ae10   0x0000ae10   0x00000008   Code   RO         4479    x$fpl$scanf2        fz_ws.l(scanf2.o)
    0x0000ae18   0x0000ae18   0x00000030   Code   RO         4521    x$fpl$trapveneer    fz_ws.l(trapv.o)
    0x0000ae48   0x0000ae48   0x00000000   Code   RO         4042    x$fpl$usenofp       fz_ws.l(usenofp.o)
    0x0000ae48   0x0000ae48   0x00000067   Data   RO         1099    .constdata          board.o
    0x0000aeaf   0x0000aeaf   0x00000017   Data   RO         1156    .constdata          retarget.o
    0x0000aec6   0x0000aec6   0x00000002   PAD
    0x0000aec8   0x0000aec8   0x000000c4   Data   RO         1218    .constdata          mbed.ar(analogin_api.o)
    0x0000af8c   0x0000af8c   0x000002b8   Data   RO         1248    .constdata          mbed.ar(serial_api.o)
    0x0000b244   0x0000b244   0x00000067   Data   RO         1566    .constdata          mbed.ar(gpio.o)
    0x0000b2ab   0x0000b2ab   0x00000001   PAD
    0x0000b2ac   0x0000b2ac   0x00000068   Data   RO         1586    .constdata          mbed.ar(gpio_api.o)
    0x0000b314   0x0000b314   0x000000eb   Data   RO         1609    .constdata          mbed.ar(i2c_api.o)
    0x0000b3ff   0x0000b3ff   0x00000001   PAD
    0x0000b400   0x0000b400   0x00000054   Data   RO         1630    .constdata          mbed.ar(pinmap.o)
    0x0000b454   0x0000b454   0x00000028   Data   RO         1953    .constdata          c_w.l(_printf_hex_int_ll_ptr.o)
    0x0000b47c   0x0000b47c   0x00000011   Data   RO         1973    .constdata          c_w.l(__printf_flags_ss_wp.o)
    0x0000b48d   0x0000b48d   0x00000003   PAD
    0x0000b490   0x0000b490   0x0000005c   Data   RO         3078    .constdata          cpp_ws.l(rwstdexcept.o)
    0x0000b4ec   0x0000b4ec   0x00000004   PAD
    0x0000b4f0   0x0000b4f0   0x00000038   Data   RO         3311    .constdata          m_ws.l(log.o)
    0x0000b528   0x0000b528   0x00000040   Data   RO         3321    .constdata          m_ws.l(logf.o)
    0x0000b568   0x0000b568   0x00000008   Data   RO         3406    .constdata          c_w.l(_printf_wctomb.o)
    0x0000b570   0x0000b570   0x00000200   Data   RO         3596    .constdata          cpp_ws.l(char.o)
    0x0000b770   0x0000b770   0x00000008   Data   RO         4075    .constdata          m_ws.l(qnan.o)
    0x0000b778   0x0000b778   0x00000020   Data   RO         4077    .constdata          m_ws.l(rredf.o)
    0x0000b798   0x0000b798   0x00000026   Data   RO         4128    .constdata          c_w.l(_printf_fp_hex.o)
    0x0000b7be   0x0000b7be   0x00000002   PAD
    0x0000b7c0   0x0000b7c0   0x00000094   Data   RO         4149    .constdata          c_w.l(bigflt0.o)
    0x0000b854   0x0000b854   0x0000002c   Data   RO         1202    .constdata__ZTVN4mbed10FileHandleE  retarget.o
    0x0000b880   0x0000b880   0x00000010   Data   RO         1744    .constdata__ZTVN4mbed10SerialBaseE  mbed.ar(SerialBase.o)
    0x0000b890   0x0000b890   0x00000014   Data   RO         1550    .constdata__ZTVN4mbed10TimerEventE  mbed.ar(TimerEvent.o)
    0x0000b8a4   0x0000b8a4   0x0000005c   Data   RO         1439    .constdata__ZTVN4mbed6SerialE  mbed.ar(Serial.o)
    0x0000b900   0x0000b900   0x00000044   Data   RO         1523    .constdata__ZTVN4mbed6StreamE  mbed.ar(Stream.o)
    0x0000b944   0x0000b944   0x00000014   Data   RO         1409    .constdata__ZTVN4mbed6TickerE  mbed.ar(Ticker.o)
    0x0000b958   0x0000b958   0x00000010   Data   RO         1700    .constdata__ZTVN4mbed8FileBaseE  mbed.ar(FileBase.o)
    0x0000b968   0x0000b968   0x0000003c   Data   RO         1670    .constdata__ZTVN4mbed8FileLikeE  mbed.ar(FileLike.o)
    0x0000b9a4   0x0000b9a4   0x00000014   Data   RO         2682    .constdata__ZTVNSt6locale5facetE  cpp_ws.l(ios.o)
    0x0000b9b8   0x0000b9b8   0x00000008   Data   RO         2697    .constdata__ZTVSi   cpp_ws.l(ios.o)
    0x0000b9c0   0x0000b9c0   0x00000028   Data   RO         2699    .constdata__ZTVSi   cpp_ws.l(ios.o)
    0x0000b9e8   0x0000b9e8   0x00000008   Data   RO         2700    .constdata__ZTVSo   cpp_ws.l(ios.o)
    0x0000b9f0   0x0000b9f0   0x00000028   Data   RO         2702    .constdata__ZTVSo   cpp_ws.l(ios.o)
    0x0000ba18   0x0000ba18   0x00000034   Data   RO         3695    .constdata__ZTVSt12ctype_bynameIcE  cpp_ws.l(char.o)
    0x0000ba4c   0x0000ba4c   0x00000040   Data   RO         2136    .constdata__ZTVSt13basic_filebufIcSt11char_traitsIcEE  cpp_ws.l(ios.o)
    0x0000ba8c   0x0000ba8c   0x00000040   Data   RO         2138    .constdata__ZTVSt13basic_filebufIwSt11char_traitsIwEE  cpp_ws.l(ios.o)
    0x0000bacc   0x0000bacc   0x00000008   Data   RO         2705    .constdata__ZTVSt13basic_istreamIwSt11char_traitsIwEE  cpp_ws.l(ios.o)
    0x0000bad4   0x0000bad4   0x00000028   Data   RO         2707    .constdata__ZTVSt13basic_istreamIwSt11char_traitsIwEE  cpp_ws.l(ios.o)
    0x0000bafc   0x0000bafc   0x00000008   Data   RO         2708    .constdata__ZTVSt13basic_ostreamIwSt11char_traitsIwEE  cpp_ws.l(ios.o)
    0x0000bb04   0x0000bb04   0x00000028   Data   RO         2710    .constdata__ZTVSt13basic_ostreamIwSt11char_traitsIwEE  cpp_ws.l(ios.o)
    0x0000bb2c   0x0000bb2c   0x00000014   Data   RO         3124    .constdata__ZTVSt14__rw_exception  cpp_ws.l(rwstdexcept.o)
    0x0000bb40   0x0000bb40   0x00000040   Data   RO         2696    .constdata__ZTVSt15basic_streambufIcSt11char_traitsIcEE  cpp_ws.l(ios.o)
    0x0000bb80   0x0000bb80   0x00000040   Data   RO         2704    .constdata__ZTVSt15basic_streambufIwSt11char_traitsIwEE  cpp_ws.l(ios.o)
    0x0000bbc0   0x0000bbc0   0x00000034   Data   RO         3607    .constdata__ZTVSt5ctypeIcE  cpp_ws.l(char.o)
    0x0000bbf4   0x0000bbf4   0x00000044   Data   RO         2686    .constdata__ZTVSt5ctypeIwE  cpp_ws.l(ios.o)
    0x0000bc38   0x0000bc38   0x00000030   Data   RO         2692    .constdata__ZTVSt7codecvtIccSt11__mbstate_tE  cpp_ws.l(ios.o)
    0x0000bc68   0x0000bc68   0x00000030   Data   RO         2694    .constdata__ZTVSt7codecvtIwcSt11__mbstate_tE  cpp_ws.l(ios.o)
    0x0000bc98   0x0000bc98   0x00000010   Data   RO         2684    .constdata__ZTVSt8ios_base  cpp_ws.l(ios.o)
    0x0000bca8   0x0000bca8   0x00000020   Data   RO         3091    .constdata__ZTVSt8messagesIcE  cpp_ws.l(rwstdexcept.o)
    0x0000bcc8   0x0000bcc8   0x00000010   Data   RO         2688    .constdata__ZTVSt9basic_iosIcSt11char_traitsIcEE  cpp_ws.l(ios.o)
    0x0000bcd8   0x0000bcd8   0x00000010   Data   RO         2690    .constdata__ZTVSt9basic_iosIwSt11char_traitsIwEE  cpp_ws.l(ios.o)
    0x0000bce8   0x0000bce8   0x00000014   Data   RO         3971    .constdata__ZTVSt9exception  cpprt_w.l(exception_dtor.o)
    0x0000bcfc   0x0000bcfc   0x00000001   Data   RO         2139    .constdata__ZZN4__rw24__rw_create_native_facetISt5ctypeIwEEEPT_S4_Es  cpp_ws.l(ios.o)
    0x0000bcfd   0x0000bcfd   0x00000001   Data   RO         2140    .constdata__ZZN4__rw24__rw_create_native_facetISt7codecvtIccSt11__mbstate_tEEEPT_S5_Es  cpp_ws.l(ios.o)
    0x0000bcfe   0x0000bcfe   0x00000001   Data   RO         2141    .constdata__ZZN4__rw24__rw_create_native_facetISt7codecvtIwcSt11__mbstate_tEEEPT_S5_Es  cpp_ws.l(ios.o)
    0x0000bcff   0x0000bcff   0x00000001   Data   RO         3804    .constdata__ZZNK4__rw15__rw_locale_imp16_C_category_nameEiEs  cpp_ws.l(locale.o)
    0x0000bd00   0x0000bd00   0x00000001   Data   RO          293    .constdata__ZZNSs7replaceEjjPKcjjjEs  main.o
    0x0000bd01   0x0000bd01   0x00000001   Data   RO          294    .constdata__ZZNSs9_C_getRepEjjEs  main.o
    0x0000bd02   0x0000bd02   0x00000002   Data   RO         3092    .constdata__ZZNSt8messagesIcEC1EjEs  cpp_ws.l(rwstdexcept.o)
    0x0000bd04   0x0000bd04   0x00000272   Data   RO         3079    .conststring        cpp_ws.l(rwstdexcept.o)
    0x0000bf76   0x0000bf76   0x00000002   PAD
    0x0000bf78   0x0000bf78   0x00000020   Data   RO         4554    Region$$Table       anon$$obj.o
    0x0000bf98   0x0000bf98   0x00000008   Data   RO         4473    c$$dinf             fz_ws.l(fpconst.o)
    0x0000bfa0   0x0000bfa0   0x00000008   Data   RO         4476    c$$dmax             fz_ws.l(fpconst.o)
    0x0000bfa8   0x0000bfa8   0x0000001c   Data   RO         4213    locale$$data        c_w.l(lc_numeric_c.o)
    0x0000bfc4   0x0000bfc4   0x00000110   Data   RO         4422    locale$$data        c_w.l(lc_ctype_c.o)
    0x0000c0d4   0x0000c0d4   0x00000010   Data   RO         4503    locale$$data        c_w.l(null_locale.o)
    0x0000c0e4   0x0000c0e4   0x00000004   Data   RO          274    .init_array         main.o
    0x0000c0e8   0x0000c0e4   0x00000000   Data   RO         2047    .init_array         c_w.l(init_aeabi.o)
    0x0000c0e8   0x0000c0e4   0x00000004   Data   RO         3598    .init_array         cpp_ws.l(char.o)
    0x0000c0ec   0x0000c0e4   0x00000004   Data   RO         3787    .init_array         cpp_ws.l(locale.o)
    0x0000c0f0   0x0000c0e4   0x00000004   Data   RO         4280    .init_array         cpp_ws.l(rwcats.o)


    Execution Region RW_IRAM1 (Exec base: 0x100000c8, Load base: 0x0000c0f4, Size: 0x00003164, Max: 0x00007f38, ABSOLUTE)

    Exec Addr    Load Addr    Size         Type   Attr      Idx    E Section Name        Object

    0x100000c8   0x0000c0f4   0x00000002   Data   RW            5    .data               grove_lcd_rgb_backlight.o
    0x100000ca   0x0000c0f6   0x00000002   PAD
    0x100000cc   0x0000c0f8   0x00000015   Data   RW          273    .data               main.o
    0x100000e1   0x0000c10d   0x00000003   PAD
    0x100000e4   0x0000c110   0x00000004   Data   RW         1088    .data               system_LPC17xx.o
    0x100000e8   0x0000c114   0x00000010   Data   RW         1249    .data               mbed.ar(serial_api.o)
    0x100000f8   0x0000c124   0x00000004   Data   RW         1387    .data               mbed.ar(I2C.o)
    0x100000fc   0x0000c128   0x00000004   Data   RW         1642    .data               mbed.ar(us_ticker.o)
    0x10000100   0x0000c12c   0x00000004   Data   RW         1689    .data               mbed.ar(FileBase.o)
    0x10000104   0x0000c130   0x00000008   Data   RW         1769    .data               mbed.ar(us_ticker_api.o)
    0x1000010c   0x0000c138   0x00000004   Data   RW         2007    .data               c_w.l(stdio_streams.o)
    0x10000110   0x0000c13c   0x00000004   Data   RW         2008    .data               c_w.l(stdio_streams.o)
    0x10000114   0x0000c140   0x00000004   Data   RW         2009    .data               c_w.l(stdio_streams.o)
    0x10000118   0x0000c144   0x0000000c   Data   RW         2118    .data               cpp_ws.l(ios.o)
    0x10000124   0x0000c150   0x00000017   Data   RW         3080    .data               cpp_ws.l(rwstdexcept.o)
    0x1000013b   0x0000c167   0x00000001   PAD
    0x1000013c   0x0000c168   0x00000008   Data   RW         3597    .data               cpp_ws.l(char.o)
    0x10000144   0x0000c170   0x0000001c   Data   RW         3786    .data               cpp_ws.l(locale.o)
    0x10000160   0x0000c18c   0x00000004   Data   RW         3919    .data               cpp_ws.l(rwthrowproc_noex.o)
    0x10000164   0x0000c190   0x00000004   Data   RW         4243    .data               c_w.l(heapauxa.o)
    0x10000168   0x0000c194   0x00000008   Data   RW         4279    .data               cpp_ws.l(rwcats.o)
    0x10000170   0x0000c19c   0x00000004   Data   RW         3868    .data__ZZNKSt6locale2id7_C_initEvE9_C_id_gen  cpp_ws.l(locale.o)
    0x10000174   0x0000c1a0   0x0000000c   Data   RW         3917    .data__ZZSt13__rw_get_catsvE11__open_cats  cpp_ws.l(messages.o)
    0x10000180        -       0x000010e0   Zero   RW          272    .bss                main.o
    0x10001260        -       0x00000040   Zero   RW         1155    .bss                retarget.o
    0x100012a0        -       0x000000e0   Zero   RW         1247    .bss                mbed.ar(serial_api.o)
    0x10001380        -       0x00000054   Zero   RW         2004    .bss                c_w.l(stdio_streams.o)
    0x100013d4        -       0x00000054   Zero   RW         2005    .bss                c_w.l(stdio_streams.o)
    0x10001428        -       0x00000054   Zero   RW         2006    .bss                c_w.l(stdio_streams.o)
    0x1000147c   0x0000c1ac   0x00000004   PAD
    0x10001480        -       0x00001d30   Zero   RW         2078    .bss                cpp_ws.l(ios.o)
    0x100031b0        -       0x00000018   Zero   RW         3077    .bss                cpp_ws.l(rwstdexcept.o)
    0x100031c8        -       0x00000004   Zero   RW         3347    .bss                c_w.l(rt_heap_descriptor.o)
    0x100031cc        -       0x00000004   Zero   RW         3352    .bss                c_w.l(rt_new_handler_addr.o)
    0x100031d0        -       0x00000004   Zero   RW         3357    .bss                c_w.l(rt_ddtor_pointer_addr.o)
    0x100031d4        -       0x00000014   Zero   RW         4106    .bss                c_w.l(rt_locale.o)
    0x100031e8        -       0x00000004   Zero   RW         4111    .bss                c_w.l(rt_errno_addr.o)
    0x100031ec        -       0x0000002a   Zero   RW         4198    .bss                c_w.l(locale.o)
    0x10003216   0x0000c1ac   0x00000002   PAD
    0x10003218        -       0x00000004   Zero   RW         4406    .bss                c_w.l(rt_eh_globals_addr.o)
    0x1000321c        -       0x00000010   Zero   RW         4353    .bss__ZNSs9__nullrefE  cpp_ws.l(vendor.o)


    Execution Region RW_IRAM2 (Exec base: 0x2007c000, Load base: 0x0000c1ac, Size: 0x00000000, Max: 0x00004000, ABSOLUTE)

    **** No section assigned to this execution region ****


    Execution Region RW_IRAM3 (Exec base: 0x20080000, Load base: 0x0000c1ac, Size: 0x00000000, Max: 0x00004000, ABSOLUTE)

    **** No section assigned to this execution region ****


    Execution Region RW_IRAM4 (Exec base: 0x40038000, Load base: 0x0000c1ac, Size: 0x00000000, Max: 0x00000800, ABSOLUTE)

    **** No section assigned to this execution region ****


==============================================================================

Image component sizes


      Code (inc. data)   RO Data    RW Data    ZI Data      Debug   Object Name

       264         22        103          0          0         76   board.o
       108          6          0          0          0         84   cmsis_nvic.o
       400         12          0          2          0      35607   grove_lcd_rgb_backlight.o
      2392        146          6         21       4320     104820   main.o
       724         80         67          0         64        848   retarget.o
        40         12        196          0          0        228   startup_LPC17xx.o
        16          6          0          0          0         68   sys.o
       160         10          0          4          0         68   system_LPC17xx.o

    ----------------------------------------------------------------------
      4108        294        406         32       4384     141799   Object Totals
         0          0         32          0          0          0   (incl. Generated)
         4          0          2          5          0          0   (incl. Padding)

    ----------------------------------------------------------------------

      Code (inc. data)   RO Data    RW Data    ZI Data      Debug   Library Member Name

        60          8          0          0          0         84   __0sscanf.o
        20          0          0          0          0         84   __2fprintf.o
        24          4          0          0          0         84   __2printf.o
        44          6          0          0          0         84   __2sprintf.o
         8          0          0          0          0         68   __main.o
       392          4         17          0          0         92   __printf_flags_ss_wp.o
        14          0          0          0          0         68   __printf_wp.o
         0          0          0          0          0          0   __rtentry.o
        12          0          0          0          0          0   __rtentry2.o
         6          0          0          0          0          0   __rtentry4.o
        52          8          0          0          0          0   __scatter.o
        26          0          0          0          0          0   __scatter_copy.o
        28          0          0          0          0          0   __scatter_zi.o
        28          0          0          0          0         68   _chval.o
        60          0          0          0          0         92   _mbrtowc.o
         6          0          0          0          0          0   _printf_a.o
         6          0          0          0          0          0   _printf_c.o
        44          0          0          0          0        108   _printf_char.o
        48          6          0          0          0         96   _printf_char_common.o
        36          4          0          0          0         80   _printf_char_file.o
        40          0          0          0          0         68   _printf_charcount.o
         6          0          0          0          0          0   _printf_d.o
       120         16          0          0          0         92   _printf_dec.o
         6          0          0          0          0          0   _printf_e.o
         6          0          0          0          0          0   _printf_f.o
      1054          0          0          0          0        216   _printf_fp_dec.o
       764          8         38          0          0        100   _printf_fp_hex.o
       128         16          0          0          0         84   _printf_fp_infnan.o
         6          0          0          0          0          0   _printf_g.o
       148          4         40          0          0        160   _printf_hex_int_ll_ptr.o
         6          0          0          0          0          0   _printf_i.o
       178          0          0          0          0         88   _printf_intcommon.o
        10          0          0          0          0          0   _printf_l.o
         6          0          0          0          0          0   _printf_lc.o
        10          0          0          0          0          0   _printf_ll.o
         6          0          0          0          0          0   _printf_lld.o
         6          0          0          0          0          0   _printf_lli.o
         6          0          0          0          0          0   _printf_llo.o
         6          0          0          0          0          0   _printf_llu.o
         6          0          0          0          0          0   _printf_llx.o
       124         16          0          0          0         92   _printf_longlong_dec.o
         6          0          0          0          0          0   _printf_ls.o
         6          0          0          0          0          0   _printf_n.o
         6          0          0          0          0          0   _printf_o.o
       112         10          0          0          0        124   _printf_oct_int_ll.o
         6          0          0          0          0          0   _printf_p.o
        78          0          0          0          0        108   _printf_pad.o
         0          0          0          0          0          0   _printf_percent.o
         4          0          0          0          0          0   _printf_percent_end.o
         6          0          0          0          0          0   _printf_s.o
        82          0          0          0          0         80   _printf_str.o
        36          0          0          0          0         84   _printf_truncate.o
         6          0          0          0          0          0   _printf_u.o
        44          0          0          0          0        108   _printf_wchar.o
       188          6          8          0          0         92   _printf_wctomb.o
         6          0          0          0          0          0   _printf_x.o
        22          0          0          0          0        100   _rserrno.o
       884          6          0          0          0        100   _scanf.o
       332          0          0          0          0         96   _scanf_int.o
       342          0          0          0          0        100   _scanf_longlong.o
       276          0          0          0          0        100   _scanf_mbtowc.o
       224          0          0          0          0         96   _scanf_str.o
        30          0          0          0          0         76   _scanf_wcharmap.o
       232          0          0          0          0        100   _scanf_wctomb.o
       208          0          0          0          0         96   _scanf_wstr.o
        64          0          0          0          0         84   _sgetc.o
        16          0          0          0          0         68   _snputc.o
        10          0          0          0          0         68   _sputc.o
        64          0          0          0          0         92   _wcrtomb.o
        22          0          0          0          0         80   abort.o
        46          0          0          0          0         84   aeabi_atexit.o
       228          4        148          0          0         96   bigflt0.o
      2152        136          0          0          0        960   btod.o
        66          0          0          0          0         84   cxa_finalize.o
        48         34          0          0          0         76   defsig_abrt_inner.o
        14          0          0          0          0         80   defsig_abrt_outer.o
        10          0          0          0          0         68   defsig_exit.o
        50          0          0          0          0         88   defsig_general.o
        48         34          0          0          0         76   defsig_pvfn_inner.o
        14          0          0          0          0         80   defsig_pvfn_outer.o
        80         58          0          0          0         76   defsig_rtmem_inner.o
        14          0          0          0          0         80   defsig_rtmem_outer.o
        52         38          0          0          0         76   defsig_rtred_inner.o
        14          0          0          0          0         80   defsig_rtred_outer.o
        76          0          0          0          0         88   fclose.o
         8          0          0          0          0         68   ferror.o
       100          4          0          0          0        120   fflush.o
       470          0          0          0          0         88   flsbuf.o
       236          4          0          0          0        128   fopen.o
        20          0          0          0          0         84   fprintf.o
        26          0          0          0          0         68   fputc.o
       248          6          0          0          0         84   fseek.o
        66          0          0          0          0         76   ftell.o
       188          0          0          0          0         88   fwritefast.o
        94          0          0          0          0         80   h1_alloc.o
        52          0          0          0          0         68   h1_extend.o
        78          0          0          0          0         80   h1_free.o
        14          0          0          0          0         84   h1_init.o
        80          6          0          4          0         96   heapauxa.o
         4          0          0          0          0        136   hguard.o
         0          0          0          0          0          0   indicate_semi.o
        36         10          0          0          0         80   init_aeabi.o
       138          0          0          0          0        168   init_alloc.o
       312         46          0          0          0        112   initio.o
        18          0          0          0          0         76   isspace.o
        44         10        272          0          0         76   lc_ctype_c.o
        44         10         28          0          0         76   lc_numeric_c.o
         2          0          0          0          0          0   libinit.o
        46          0          0          0          0          0   libinit2.o
         0          0          0          0          0          0   libshutdown2.o
        38          0          0          0          0         68   llshl.o
       138          0          0          0          0         80   lludiv10.o
        16          6          0          0         42         68   locale.o
       440          8          0          0          0        180   locale_r.o
         0          0          0          0          0          0   maybetermalloc1.o
         8          0          0          0          0         76   memcpy.o
         8          0          0          0          0         76   memmove.o
         0          0         16          0          0          0   null_locale.o
        16          4          0          0          0         76   rt_ctype_table.o
         8          4          0          0          4         68   rt_ddtor_pointer_addr.o
         8          4          0          0          4         68   rt_eh_globals_addr.o
         8          4          0          0          4         68   rt_errno_addr.o
         8          4          0          0          4         68   rt_heap_descriptor.o
         8          4          0          0         20         68   rt_locale.o
        78          0          0          0          0         80   rt_memclr_w.o
       138          0          0          0          0         68   rt_memcpy_v6.o
       100          0          0          0          0         80   rt_memcpy_w.o
       132          0          0          0          0         68   rt_memmove_v6.o
       122          0          0          0          0         80   rt_memmove_w.o
         8          4          0          0          4         68   rt_new_handler_addr.o
        44          8          0          0          0         84   scanf_char.o
      1272         16          0          0          0        168   scanf_fp.o
       800         14          0          0          0        100   scanf_hexfp.o
       308         16          0          0          0        100   scanf_infnan.o
        20          0          0          0          0         68   setbuf.o
        70          0          0          0          0         80   setvbuf.o
        60          8          0          0          0         84   sscanf.o
       240          6          0          0          0        156   stdio.o
         0          0          0         12        252          0   stdio_streams.o
        24          0          0          0          0         68   strcat.o
       128          0          0          0          0         68   strcmpv7m.o
        72          0          0          0          0         80   strcpy.o
        62          0          0          0          0         76   strlen.o
       150          0          0          0          0         80   strncmp.o
        22          0          0          0          0         68   strrchr.o
        12          4          0          0          0         68   sys_exit.o
        14          0          0          0          0         76   sys_wrch.o
         2          0          0          0          0         68   use_no_semi.o
        10          0          0          0          0         68   vfprintf.o
        52          4          0          0          0         80   vsnprintf.o
         6          0          0          0          0         68   wmemmove.o
      1172         46        620          8          0        996   char.o
      5236        258        683         12       7472       7668   ios.o
      1410         76          5         32          0       1456   locale.o
       470         34          0         12          0        716   messages.o
        36          0          0          0          0        144   rwalloc.o
       184         24          4          8          0        400   rwcats.o
       884         64        772         23         24        980   rwstdexcept.o
       152         94          0          0          0         72   rwthrowproc_impl_noex.o
         0          0          0          4          0          0   rwthrowproc_noex.o
         0          0          0          0         16          0   vendor.o
        28          0          0          0          0         84   ARM_vec_cleanup_noexceptions.o
        36          0          0          0          0         84   aeabi_vec_ctor_nocookie_nodtor.o
        14          0          0          0          0         80   aeabi_vec_delete_noexceptions.o
        16          0          0          0          0         68   aeabi_vec_dtor_cookie.o
        34          0          0          0          0         84   aeabi_vec_dtor_noexceptions.o
        20          0          0          0          0         80   aeabi_vec_new_cookie.o
        80         12          0          0          0        104   arm_exceptions_globs.o
        60          0          0          0          0        108   arm_exceptions_mem.o
        26          0          0          0          0         76   arm_exceptions_terminate.o
         4          0          0          0          0         68   arm_newhandler_noexceptions.o
         2          0          0          0          0         68   arm_rethrow_noexceptions.o
         8          0          0          0          0         76   array_del.o
         8          0          0          0          0         76   array_new.o
       146          0          0          0          0         96   array_new_general.o
        16          0          0          0          0         68   cxa_guard_acquire.o
        24          6          0          0          0         84   cxa_vec_new.o
         8          0          0          0          0         76   delete.o
        12          6          0          0          0         68   exception_ctor.o
         0          0         20          0          0          0   exception_dtor.o
        40          6          0          0          0         76   new.o
         6          0          0          0          0         68   pure_virt.o
        98          4          0          0          0         92   d2f.o
       826         16          0          0          0        348   daddsub_clz.o
        16          4          0          0          0         68   dcheck1.o
        24          0          0          0          0         68   dcmpi.o
       688        140          0          0          0        208   ddiv.o
       120          4          0          0          0         92   deqf.o
        46          0          0          0          0         68   dflt_clz.o
       120          4          0          0          0         92   dleqf.o
       340         12          0          0          0        104   dmul.o
       156          4          0          0          0         92   dnaninf.o
        12          0          0          0          0         68   dretinf.o
       108          0          0          0          0         80   drleqf.o
        86          4          0          0          0         84   f2d.o
       450          8          0          0          0        236   faddsub_clz.o
        12          4          0          0          0         68   fcheck1.o
        24          0          0          0          0         68   fcmpi.o
       388         76          0          0          0         96   fdiv.o
        54          4          0          0          0         84   ffix.o
        62          4          0          0          0         84   ffixu.o
        92          4          0          0          0         84   ffixull.o
        86          0          0          0          0        136   fflt_clz.o
       104          4          0          0          0         84   fleqf.o
       258          4          0          0          0         84   fmul.o
       140          4          0          0          0         84   fnaninf.o
         0          0         16          0          0          0   fpconst.o
        10          0          0          0          0         68   fretinf.o
        98          0          0          0          0         68   frleqf.o
        96          4          0          0          0         76   frnd.o
         6          0          0          0          0         68   istatus.o
         4          0          0          0          0         68   printf1.o
         4          0          0          0          0         68   printf2.o
       100          0          0          0          0         68   retnan.o
        92          0          0          0          0         68   scalbn.o
        76          0          0          0          0         68   scalbnf.o
         4          0          0          0          0         68   scanf1.o
         8          0          0          0          0         84   scanf2.o
        48          0          0          0          0         68   trapv.o
         0          0          0          0          0          0   usenofp.o
       380         52          0          0          0        124   cosf.o
        64         10          0          0          0        340   dunder.o
        40          0          0          0          0         68   fpclassify.o
        38          0          0          0          0         68   fpclassifyf.o
        88          8          0          0          0         76   frexp.o
        34          0          0          0          0        272   funder.o
       138          0          0          0          0        160   ldexp.o
       860         52         56          0          0        256   log.o
       400         38         64          0          0        132   logf.o
       204          4          0          0          0        168   narrow.o
       170          0          0          0          0         96   poly.o
         0          0          8          0          0          0   qnan.o
       360         16         32          0          0         88   rredf.o
       392         54          0          0          0        124   sinf.o
       152         24         16          4          0        284   FileBase.o
        54         10         60          0          0        156   FileLike.o
       154          0          0          0          0        440   FilePath.o
        42          0          0          0          0        204   FunctionPointer.o
       108         14          0          4          0        164   I2C.o
        54          4         92          0          0        220   Serial.o
       110         14         16          0          0        292   SerialBase.o
       158         18         68          0          0        520   Stream.o
       114          6         20          0          0        248   Ticker.o
        84         12         20          0          0        364   TimerEvent.o
       360         58        196          0          0        172   analogin_api.o
        80         56          0          0          0         80   assert.o
        24          4          0          0          0         80   error.o
        44          8          0          0          0         72   exit.o
       186         12        103          0          0        268   gpio.o
       142         28        104          0          0        228   gpio_api.o
       600         60        235          0          0        320   i2c_api.o
         4          0          0          0          0         68   mbed_interface.o
       224         58         84          0          0        160   pinmap.o
       254         76          0          0          0        308   pinmap_common.o
        28          6          0          0          0        144   semihost_api.o
      1764        180        696         16        224        996   serial_api.o
       244         64          0          4          0        356   us_ticker.o
       224         20          0          8          0        320   us_ticker_api.o
        88          4          0          0          0        240   wait_api.o

    ----------------------------------------------------------------------
     40312       2546       4570        152       8076      37016   Library Totals
       106          2         13          1          6          0   (incl. Padding)

    ----------------------------------------------------------------------

      Code (inc. data)   RO Data    RW Data    ZI Data      Debug   Library Name

     16754        640        567         16        334      10904   c_w.l
      9544        596       2084         99       7512      12432   cpp_ws.l
       588         30         20          0          0       1592   cpprt_w.l
      4856        308         16          0          0       3412   fz_ws.l
      3168        234        160          0          0       1972   m_ws.l
      5296        736       1710         36        224       6704   mbed.ar

    ----------------------------------------------------------------------
     40312       2546       4570        152       8076      37016   Library Totals

    ----------------------------------------------------------------------

==============================================================================


      Code (inc. data)   RO Data    RW Data    ZI Data      Debug   

     44420       2840       4976        184      12460     154059   Grand Totals
     44420       2840       4976        184      12460     154059   ELF Image Totals
     44420       2840       4976        184          0          0   ROM Totals

==============================================================================

    Total RO  Size (Code + RO Data)                49396 (  48.24kB)
    Total RW  Size (RW Data + ZI Data)             12644 (  12.35kB)
    Total ROM Size (Code + RO Data + RW Data)      49580 (  48.42kB)

==============================================================================

