<html>
<body>
<pre>
<h1>µVision Build Log</h1>
<h2>Tool Versions:</h2>
IDE-Version: ¦ÌVision V5.30.0.0
Copyright (C) 2020 ARM Ltd and ARM Germany GmbH. All rights reserved.
License Information: 1 Kzel, 11, LIC=JL2Y8-3XFJM-1PBZ5-GMEPF-6XJRC-RFUJL
 
Tool Versions:
Toolchain:       MDK-ARM Plus  Version: 5.30.0.0
Toolchain Path:  D:\Keil_v5\ARM\ARMCC\Bin
C Compiler:      Armcc.exe V5.06 update 6 (build 750)
Assembler:       Armasm.exe V5.06 update 6 (build 750)
Linker/Locator:  ArmLink.exe V5.06 update 6 (build 750)
Library Manager: ArmAr.exe V5.06 update 6 (build 750)
Hex Converter:   FromElf.exe V5.06 update 6 (build 750)
CPU DLL:         SARMCM3.DLL V5.30.0.0
Dialog DLL:      DARMP1.DLL V1.27.0.0
Target DLL:      CMSIS_AGDI.dll V1.32.5.0
Dialog DLL:      TARMP1.DLL V1.26.0.0
 
<h2>Project:</h2>
C:\Users\Administrator\Desktop\InterruptIn_HelloWorld\InterruptIn_HelloWorld.uvproj
Project File Date:  06/07/2020

<h2>Output:</h2>
*** Using Compiler 'V5.06 update 6 (build 750)', folder: 'D:\Keil_v5\ARM\ARMCC\Bin'
Rebuild target 'mbed NXP LPC1768'
compiling Grove_LCD_RGB_Backlight.cpp...
compiling main.cpp...
main.cpp(115): warning:  #177-D: variable "freq3"  was declared but never referenced
  		int freq3 =fs*cpt2;
main.cpp: 1 warning, 0 errors
linking...
Program Size: Code=44420 RO-data=4976 RW-data=184 ZI-data=12460  
After Build - User command #1: fromelf --bin -o build\InterruptIn_HelloWorld_LPC1768.bin build\InterruptIn_HelloWorld.axf
".\build\InterruptIn_HelloWorld.axf" - 0 Error(s), 1 Warning(s).
Build Time Elapsed:  00:00:01
</pre>
</body>
</html>
